 car_model_friction_sfun

 Timestamp is 4d0167b7 (Thu Dec 09 18:35:19 2010)

 Preferred load address is 0000000180000000

 Start         Length     Name                   Class
 0001:00000000 000408b4H .text                   CODE
 0001:000408c0 00000092H .text$x                 CODE
 0002:00000000 00000478H .idata$5                DATA
 0002:00000478 00000008H .CRT$XCA                DATA
 0002:00000480 00000008H .CRT$XCZ                DATA
 0002:00000488 00000008H .CRT$XIA                DATA
 0002:00000490 00000008H .CRT$XIAA               DATA
 0002:00000498 00000008H .CRT$XIZ                DATA
 0002:000004a0 0000463cH .rdata                  DATA
 0002:00004ae0 00000008H .rtc$IAA                DATA
 0002:00004ae8 00000008H .rtc$IZZ                DATA
 0002:00004af0 00000008H .rtc$TAA                DATA
 0002:00004af8 00000008H .rtc$TZZ                DATA
 0002:00004b00 00004454H .xdata                  DATA
 0002:00008f54 000000a0H .idata$2                DATA
 0002:00008ff4 00000014H .idata$3                DATA
 0002:00009008 00000478H .idata$4                DATA
 0002:00009480 00000a0eH .idata$6                DATA
 0002:00009e90 0000005dH .edata                  DATA
 0003:00000000 00003ca8H .data                   DATA
 0003:00003cc0 00002698H .bss                    DATA
 0004:00000000 0000333cH .pdata                  DATA

  Address         Publics by Value              Rva+Base               Lib:Object

 0000:00000000       ___safe_se_handler_table   0000000000000000     <absolute>
 0000:00000000       ___safe_se_handler_count   0000000000000000     <absolute>
 0000:00000000       __ImageBase                0000000180000000     <linker-defined>
 0001:00000000       sf_c1_car_model_friction_get_eml_resolved_functions_info 0000000180001000 f   c1_car_model_friction.obj
 0001:00000d20       sf_c1_car_model_friction_get_check_sum 0000000180001d20 f   c1_car_model_friction.obj
 0001:00000da0       sf_c1_car_model_friction_get_autoinheritance_info 0000000180001da0 f   c1_car_model_friction.obj
 0001:00001340       c1_car_model_friction_method_dispatcher 0000000180002340 f   c1_car_model_friction.obj
 0001:000036f0       sf_c2_car_model_friction_get_eml_resolved_functions_info 00000001800046f0 f   c2_car_model_friction.obj
 0001:00005390       sf_c2_car_model_friction_get_check_sum 0000000180006390 f   c2_car_model_friction.obj
 0001:00005410       sf_c2_car_model_friction_get_autoinheritance_info 0000000180006410 f   c2_car_model_friction.obj
 0001:00005c40       c2_car_model_friction_method_dispatcher 0000000180006c40 f   c2_car_model_friction.obj
 0001:0000c240       sf_process_check_sum_call  000000018000d240 f   car_model_friction_sfun_registry.obj
 0001:0000c290       sf_process_autoinheritance_call 000000018000d290 f   car_model_friction_sfun_registry.obj
 0001:0000c2e0       sf_process_get_eml_resolved_functions_info_call 000000018000d2e0 f   car_model_friction_sfun_registry.obj
 0001:0000c460       sf_mex_unlock_call         000000018000d460 f   car_model_friction_sfun_registry.obj
 0001:0000c510       sf_machine_global_initializer_called 000000018000d510 f   car_model_friction_sfun_registry.obj
 0001:0000c540       sf_machine_global_method_dispatcher 000000018000d540 f   car_model_friction_sfun_registry.obj
 0001:0000c5a0       sf_machine_global_terminator 000000018000d5a0 f   car_model_friction_sfun_registry.obj
 0001:0000c5e0       sf_register_machine_exported_symbols 000000018000d5e0 f   car_model_friction_sfun_registry.obj
 0001:0000c600       callCustomFcn              000000018000d600 f   car_model_friction_sfun_registry.obj
 0001:0000c610       sf_machine_global_initializer 000000018000d610 f   car_model_friction_sfun_registry.obj
 0001:0000c680       _ssSetInputPortMatrixDimensions 000000018000d680 f   car_model_friction_sfun_registry.obj
 0001:0000c790       _ssSetOutputPortMatrixDimensions 000000018000d790 f   car_model_friction_sfun_registry.obj
 0001:0000c8a0       _ssSetInputPortVectorDimension 000000018000d8a0 f   car_model_friction_sfun_registry.obj
 0001:0000c970       _ssSetOutputPortVectorDimension 000000018000d970 f   car_model_friction_sfun_registry.obj
 0001:0000ca40       ssIsRunTimeParamTunable    000000018000da40 f   car_model_friction_sfun_registry.obj
 0001:0000cab0       ssGetSFuncBlockHandle      000000018000dab0 f   car_model_friction_sfun_registry.obj
 0001:0000cb20       _ssGetCurrentInputPortWidth 000000018000db20 f   car_model_friction_sfun_registry.obj
 0001:0000cc40       _ssGetCurrentOutputPortWidth 000000018000dc40 f   car_model_friction_sfun_registry.obj
 0001:0000cd60       _ssGetCallSystemNumFcnCallDestinations 000000018000dd60 f   car_model_friction_sfun_registry.obj
 0001:0000cdd0       ssWarning                  000000018000ddd0 f   car_model_friction_sfun_registry.obj
 0001:0000cee0       ssSetIsInputPortUsedForContZcSignal 000000018000dee0 f   car_model_friction_sfun_registry.obj
 0001:0000cf50       ssSetZcSignalIsZcElementDisc 000000018000df50 f   car_model_friction_sfun_registry.obj
 0001:0000d000       ssSetZcSignalName          000000018000e000 f   car_model_friction_sfun_registry.obj
 0001:0000d070       ssSetZcSignalWidth         000000018000e070 f   car_model_friction_sfun_registry.obj
 0001:0000d0e0       ssSetZcSignalZcEventType   000000018000e0e0 f   car_model_friction_sfun_registry.obj
 0001:0000d150       ssSetZcSignalType          000000018000e150 f   car_model_friction_sfun_registry.obj
 0001:0000d1c0       ssSetZcSignalZcTol         000000018000e1c0 f   car_model_friction_sfun_registry.obj
 0001:0000d230       ssSetZcSignalNeedsEventNotification 000000018000e230 f   car_model_friction_sfun_registry.obj
 0001:0000d2a0       ssCreateAndAddZcSignalInfo 000000018000e2a0 f   car_model_friction_sfun_registry.obj
 0001:0000d310       ssCloneAndAddZcSignalInfo  000000018000e310 f   car_model_friction_sfun_registry.obj
 0001:0000d380       ssGetNumZcSignals          000000018000e380 f   car_model_friction_sfun_registry.obj
 0001:0000d3f0       ssGetZcSignalVector        000000018000e3f0 f   car_model_friction_sfun_registry.obj
 0001:0000d460       ssGetZcSignalZcEvents      000000018000e460 f   car_model_friction_sfun_registry.obj
 0001:0000d4d0       ssGetZcSignalName          000000018000e4d0 f   car_model_friction_sfun_registry.obj
 0001:0000d540       ssGetZcSignalWidth         000000018000e540 f   car_model_friction_sfun_registry.obj
 0001:0000d5b0       ssGetZcSignalZcEventType   000000018000e5b0 f   car_model_friction_sfun_registry.obj
 0001:0000d620       ssGetZcSignalType          000000018000e620 f   car_model_friction_sfun_registry.obj
 0001:0000d690       ssGetZcSignalZcTol         000000018000e690 f   car_model_friction_sfun_registry.obj
 0001:0000d710       ssGetZcSignalNeedsEventNotification 000000018000e710 f   car_model_friction_sfun_registry.obj
 0001:0000d780       ssGetZcSignalIsZcElementDisc 000000018000e780 f   car_model_friction_sfun_registry.obj
 0001:0000d820       ssGetIsInputPortElementContinuous 000000018000e820 f   car_model_friction_sfun_registry.obj
 0001:0000d8c0       _ssGetInputPortSignalPtrsFcn 000000018000e8c0 f   car_model_friction_sfun_registry.obj
 0001:0000db80       _ssGetInputPortSignalFcn   000000018000eb80 f   car_model_friction_sfun_registry.obj
 0001:0000dda0       _ssSetInputPortDirectFeedThroughFcn 000000018000eda0 f   car_model_friction_sfun_registry.obj
 0001:0000df00       _ssSetInputPortReusableFcn 000000018000ef00 f   car_model_friction_sfun_registry.obj
 0001:0000dff0       _ssSetOutputPortReusableFcn 000000018000eff0 f   car_model_friction_sfun_registry.obj
 0001:0000e0d0       ssGetDTypeIdFromMxArray    000000018000f0d0 f   car_model_friction_sfun_registry.obj
 0001:0000e1f0       ssWriteRTWStr              000000018000f1f0 f   car_model_friction_sfun_registry.obj
 0001:0000e250       ssWriteRTWMxVectParam      000000018000f250 f   car_model_friction_sfun_registry.obj
 0001:0000e2b0       ssWriteRTWMx2dMatParam     000000018000f2b0 f   car_model_friction_sfun_registry.obj
 0001:0000e330       ssWriteRTWNameValuePair    000000018000f330 f   car_model_friction_sfun_registry.obj
 0001:0000e820       ssWriteRTWParameters       000000018000f820 f   car_model_friction_sfun_registry.obj
 0001:0000ee20       ssWriteRTWParamSettings    000000018000fe20 f   car_model_friction_sfun_registry.obj
 0001:0000f4f0       ssWriteRTWWorkVect         00000001800104f0 f   car_model_friction_sfun_registry.obj
 0001:0000f9f0       mexFunction                00000001800109f0 f   car_model_friction_sfun_registry.obj
 0001:00011630       ProcessMexSfunctionEveryCall 0000000180012630 f   car_model_friction_sfun_registry.obj
 0001:000117a0       car_model_friction_initializer 00000001800127a0 f   car_model_friction_sfun.obj
 0001:000117c0       car_model_friction_terminator 00000001800127c0 f   car_model_friction_sfun.obj
 0001:000117d0       sf_car_model_friction_method_dispatcher 00000001800127d0 f   car_model_friction_sfun.obj
 0001:00011840       sf_car_model_friction_process_check_sum_call 0000000180012840 f   car_model_friction_sfun.obj
 0001:00011c60       sf_car_model_friction_autoinheritance_info 0000000180012c60 f   car_model_friction_sfun.obj
 0001:00011d70       sf_car_model_friction_get_eml_resolved_functions_info 0000000180012d70 f   car_model_friction_sfun.obj
 0001:00011ee0       car_model_friction_debug_initialize 0000000180012ee0 f   car_model_friction_sfun.obj
 0001:00011f50       car_model_friction_register_exported_symbols 0000000180012f50 f   car_model_friction_sfun.obj
 0001:00012000       sf_mex_mx_is_numeric       0000000180013000 f   sfc_mex:sfc_mex.obj
 0001:00012040       strcmp_ignore_ws           0000000180013040 f   sfc_mex:sfc_mex.obj
 0001:00012180       sf_mex_duplicatearraysafe  0000000180013180 f   sfc_mex:sfc_mex.obj
 0001:000122e0       sf_set_error_debugger_context_message_fcn 00000001800132e0 f   sfc_mex:sfc_mex.obj
 0001:000122f0       sf_set_debugger_matlab_error_fcn 00000001800132f0 f   sfc_mex:sfc_mex.obj
 0001:00012320       sf_set_error_prefix_string 0000000180013320 f   sfc_mex:sfc_mex.obj
 0001:00012350       sf_get_error_prefix_string 0000000180013350 f   sfc_mex:sfc_mex.obj
 0001:00012360       sf_get_current_jmp_buf_ptr 0000000180013360 f   sfc_mex:sfc_mex.obj
 0001:00012370       sf_set_current_jmp_buf_ptr 0000000180013370 f   sfc_mex:sfc_mex.obj
 0001:00012380       sf_mex_set_halt_simulation 0000000180013380 f   sfc_mex:sfc_mex.obj
 0001:00012390       sf_mex_get_halt_simulation 0000000180013390 f   sfc_mex:sfc_mex.obj
 0001:000123a0       sf_mex_clear_error_message 00000001800133a0 f   sfc_mex:sfc_mex.obj
 0001:000123c0       sf_mex_get_error_message_for_read 00000001800133c0 f   sfc_mex:sfc_mex.obj
 0001:000123d0       sf_mex_get_error_message_buffer_length 00000001800133d0 f   sfc_mex:sfc_mex.obj
 0001:000124c0       sf_mex_warning_message     00000001800134c0 f   sfc_mex:sfc_mex.obj
 0001:00012530       sf_mex_v_errbuf_createf    0000000180013530 f   sfc_mex:sfc_mex.obj
 0001:00012540       sf_mex_errbuf_createf      0000000180013540 f   sfc_mex:sfc_mex.obj
 0001:00012570       sf_mex_v_errbuf_catf       0000000180013570 f   sfc_mex:sfc_mex.obj
 0001:000125b0       sf_mex_errbuf_catf         00000001800135b0 f   sfc_mex:sfc_mex.obj
 0001:00012600       sf_mex_errbuf_copy         0000000180013600 f   sfc_mex:sfc_mex.obj
 0001:00012610       sf_mex_errbuf_clear        0000000180013610 f   sfc_mex:sfc_mex.obj
 0001:00012620       sf_mex_errbuf_isempty      0000000180013620 f   sfc_mex:sfc_mex.obj
 0001:00012730       sf_mex_set_error_status    0000000180013730 f   sfc_mex:sfc_mex.obj
 0001:00012780       sf_mex_error_direct_call   0000000180013780 f   sfc_mex:sfc_mex.obj
 0001:000127a0       sf_mex_long_jump_on_error  00000001800137a0 f   sfc_mex:sfc_mex.obj
 0001:000127d0       sf_mex_call_matlab         00000001800137d0 f   sfc_mex:sfc_mex.obj
 0001:000128f0       sf_mex_check_builtin       00000001800138f0 f   sfc_mex:sfc_mex.obj
 0001:00012930       sf_mex_check_builtin_vs    0000000180013930 f   sfc_mex:sfc_mex.obj
 0001:00012990       sf_mex_check_enum          0000000180013990 f   sfc_mex:sfc_mex.obj
 0001:000129c0       sf_mex_create_enum         00000001800139c0 f   sfc_mex:sfc_mex.obj
 0001:000129e0       sf_mex_get_enum_element    00000001800139e0 f   sfc_mex:sfc_mex.obj
 0001:000129f0       sf_mex_createcellarray     00000001800139f0 f   sfc_mex:sfc_mex.obj
 0001:00012a00       sf_mex_setcell             0000000180013a00 f   sfc_mex:sfc_mex.obj
 0001:00012a10       sf_mex_getcell             0000000180013a10 f   sfc_mex:sfc_mex.obj
 0001:00012a20       sf_mex_dup                 0000000180013a20 f   sfc_mex:sfc_mex.obj
 0001:00012a40       sf_mex_assign              0000000180013a40 f   sfc_mex:sfc_mex.obj
 0001:00012aa0       sf_mex_destroy             0000000180013aa0 f   sfc_mex:sfc_mex.obj
 0001:00012ad0       mx_array_has_fi_type       0000000180013ad0 f   sfc_mex:sfc_mex.obj
 0001:00012b00       sf_mex_convert_from_fi     0000000180013b00 f   sfc_mex:sfc_mex.obj
 0001:00012c60       sf_mex_convert_to_double   0000000180013c60 f   sfc_mex:sfc_mex.obj
 0001:00012d80       sf_mex_import_fi_vs        0000000180013d80 f   sfc_mex:sfc_mex.obj
 0001:00012fb0       sf_matrix_matrix_index_ok  0000000180013fb0 f   sfc_mex:sfc_mex.obj
 0001:00013040       ssGetCurrentInputPortDimensions_wrapper 0000000180014040 f   sfc_mex:sfc_mex.obj
 0001:00013060       ssGetCurrentOutputPortDimensions_wrapper 0000000180014060 f   sfc_mex:sfc_mex.obj
 0001:00013080       sf_mex_emlrt_context_is_debug_mode 0000000180014080 f   sfc_mex:sfc_mex.obj
 0001:00013090       sf_mex_emlrt_context_set_debug_mode 0000000180014090 f   sfc_mex:sfc_mex.obj
 0001:000130a0       sf_clear_error_manager_info 00000001800140a0 f   sfc_mex:sfc_mex.obj
 0001:000130f0       sf_mex_stop_simulation_abruptly_wo_error 00000001800140f0 f   sfc_mex:sfc_mex.obj
 0001:00013130       sf_mex_error_message       0000000180014130 f   sfc_mex:sfc_mex.obj
 0001:00013190       sf_react_to_error_in_matlab_call 0000000180014190 f   sfc_mex:sfc_mex.obj
 0001:000131c0       sf_mex_addfield            00000001800141c0 f   sfc_mex:sfc_mex.obj
 0001:00013260       sf_mex_getfield            0000000180014260 f   sfc_mex:sfc_mex.obj
 0001:00013510       sf_mex_check_class         0000000180014510 f   sfc_mex:sfc_mex.obj
 0001:000135a0       sf_mex_is_real             00000001800145a0 f   sfc_mex:sfc_mex.obj
 0001:000136c0       sf_mex_check_complex       00000001800146c0 f   sfc_mex:sfc_mex.obj
 0001:00013720       sf_mex_check_sparse        0000000180014720 f   sfc_mex:sfc_mex.obj
 0001:00013790       sf_mex_check_numerictype   0000000180014790 f   sfc_mex:sfc_mex.obj
 0001:000139f0       sf_mex_check_fimath        00000001800149f0 f   sfc_mex:sfc_mex.obj
 0001:00013c50       sf_mex_decode_encoded_mx_struct_array 0000000180014c50 f   sfc_mex:sfc_mex.obj
 0001:00013f20       sf_mex_lw_bounds_check     0000000180014f20 f   sfc_mex:sfc_mex.obj
 0001:00013f50       sf_mex_lw_size_eq_check_1d 0000000180014f50 f   sfc_mex:sfc_mex.obj
 0001:00013f70       sf_mex_lw_size_eq_check_nd 0000000180014f70 f   sfc_mex:sfc_mex.obj
 0001:00014160       sf_mex_lw_dim_size_eq_check 0000000180015160 f   sfc_mex:sfc_mex.obj
 0001:00014190       sf_mex_lw_dim_size_geq_check 0000000180015190 f   sfc_mex:sfc_mex.obj
 0001:000141c0       sf_mex_lw_sub_assign_size_check_nd 00000001800151c0 f   sfc_mex:sfc_mex.obj
 0001:00014400       sf_mex_lw_matrix_matrix_index_check 0000000180015400 f   sfc_mex:sfc_mex.obj
 0001:00014490       sf_mex_lw_non_negative_check 0000000180015490 f   sfc_mex:sfc_mex.obj
 0001:000144d0       sf_mex_overflow_error      00000001800154d0 f   sfc_mex:sfc_mex.obj
 0001:000144e0       sf_mex_dividebyzero_error  00000001800154e0 f   sfc_mex:sfc_mex.obj
 0001:000144f0       sf_mex_unsafe_enum_error   00000001800154f0 f   sfc_mex:sfc_mex.obj
 0001:00014500       sf_emlrtErrHandler         0000000180015500 f   sfc_mex:sfc_mex.obj
 0001:00014540       sf_mex_printf              0000000180015540 f   sfc_mex:sfc_mex.obj
 0001:00014770       sf_mex_check_size          0000000180015770 f   sfc_mex:sfc_mex.obj
 0001:00014a70       sf_mex_check_struct        0000000180015a70 f   sfc_mex:sfc_mex.obj
 0001:00014c30       sf_mex_check_struct_vs     0000000180015c30 f   sfc_mex:sfc_mex.obj
 0001:00014cc0       sf_mex_check_fi            0000000180015cc0 f   sfc_mex:sfc_mex.obj
 0001:00014f20       sf_mex_check_fi_vs         0000000180015f20 f   sfc_mex:sfc_mex.obj
 0001:00014fc0       sf_echo_expression         0000000180015fc0 f   sfc_mex:sfc_mex.obj
 0001:00015020       sf_assertion_failed        0000000180016020 f   sfc_mex:sfc_mex.obj
 0001:000151f0       sf_mex_evalin              00000001800161f0 f   sfc_mex:sfc_mex.obj
 0001:00015510       sf_mex_export              0000000180016510 f   sfc_mex:sfc_mex.obj
 0001:000155b0       sf_mex_get_ml_var_no_error 00000001800165b0 f   sfc_mex:sfc_mex.obj
 0001:00015830       sf_mex_get_ml_var          0000000180016830 f   sfc_mex:sfc_mex.obj
 0001:00015bb0       ml_set_element_value_in_array 0000000180016bb0 f   sfc_mex:sfc_mex.obj
 0001:00017040       sf_mex_call_impl           0000000180018040 f   sfc_mex:sfc_mex.obj
 0001:00017600       sf_mex_call_debug          0000000180018600 f   sfc_mex:sfc_mex.obj
 0001:00017630       sf_mex_call                0000000180018630 f   sfc_mex:sfc_mex.obj
 0001:00017c40       sf_mex_createstruct        0000000180018c40 f   sfc_mex:sfc_mex.obj
 0001:00017d30       sf_mex_createstructarray   0000000180018d30 f   sfc_mex:sfc_mex.obj
 0001:00017db0       sf_mex_get_mx_datatype_from_sf_datatype 0000000180018db0 f   sfc_mex:sfc_mex.obj
 0001:000180c0       sf_mex_ml_var_sub          00000001800190c0 f   sfc_mex:sfc_mex.obj
 0001:00018290       sf_mex_ml_var_subsasgn     0000000180019290 f   sfc_mex:sfc_mex.obj
 0001:000186a0       sf_mex_sub                 00000001800196a0 f   sfc_mex:sfc_mex.obj
 0001:000188c0       sf_mex_subsasgn            00000001800198c0 f   sfc_mex:sfc_mex.obj
 0001:00019520       sf_mex_create              000000018001a520 f   sfc_mex:sfc_mex.obj
 0001:0001a3a0       sf_mex_import              000000018001b3a0 f   sfc_mex:sfc_mex.obj
 0001:0001a4b0       sf_mex_import_vs           000000018001b4b0 f   sfc_mex:sfc_mex.obj
 0001:0001a5c0       sf_mex_lower_fixpt_mx_array 000000018001b5c0 f   sfc_mex:sfc_mex.obj
 0001:0001ac00       sim_mode_is_rtw_gen        000000018001bc00 f   sfc_mex:sfc_sf.obj
 0001:0001ac30       sim_mode_is_external       000000018001bc30 f   sfc_mex:sfc_sf.obj
 0001:0001ac40       mdlInitializeSizes         000000018001bc40 f   sfc_mex:sfc_sf.obj
 0001:0001ac60       mdlInitializeSampleTimes   000000018001bc60 f   sfc_mex:sfc_sf.obj
 0001:0001aca0       mdlZeroCrossings           000000018001bca0 f   sfc_mex:sfc_sf.obj
 0001:0001ad80       mdlDerivatives             000000018001bd80 f   sfc_mex:sfc_sf.obj
 0001:0001ae30       mdl_initialize_conditions_processing 000000018001be30 f   sfc_mex:sfc_sf.obj
 0001:0001ae60       mdlInitializeConditions    000000018001be60 f   sfc_mex:sfc_sf.obj
 0001:0001af20       mdlGetSimState             000000018001bf20 f   sfc_mex:sfc_sf.obj
 0001:0001af30       mdlSetSimState             000000018001bf30 f   sfc_mex:sfc_sf.obj
 0001:0001af40       mdl_ext_mode_exec_processing 000000018001bf40 f   sfc_mex:sfc_sf.obj
 0001:0001af60       mdlExtModeExec             000000018001bf60 f   sfc_mex:sfc_sf.obj
 0001:0001b1c0       mdlTerminate               000000018001c1c0 f   sfc_mex:sfc_sf.obj
 0001:0001b230       mdlRTW                     000000018001c230 f   sfc_mex:sfc_sf.obj
 0001:0001b260       mdlSetWorkWidths           000000018001c260 f   sfc_mex:sfc_sf.obj
 0001:0001b270       mdlProcessParameters       000000018001c270 f   sfc_mex:sfc_sf.obj
 0001:0001b280       mdl_start_processing       000000018001c280 f   sfc_mex:sfc_sf.obj
 0001:0001b2c0       mdlStart                   000000018001c2c0 f   sfc_mex:sfc_sf.obj
 0001:0001b3b0       mdlEnable                  000000018001c3b0 f   sfc_mex:sfc_sf.obj
 0001:0001b480       mdlDisable                 000000018001c480 f   sfc_mex:sfc_sf.obj
 0001:0001b530       sf_get_chart_instance_ptr  000000018001c530 f   sfc_mex:sfc_sf.obj
 0001:0001b550       sf_rtw_info_uint_prop      000000018001c550 f   sfc_mex:sfc_sf.obj
 0001:0001b6a0       sf_is_chart_inlinable      000000018001c6a0 f   sfc_mex:sfc_sf.obj
 0001:0001b6b0       sf_mark_output_events_with_multiple_callers 000000018001c6b0 f   sfc_mex:sfc_sf.obj
 0001:0001b850       sf_mark_chart_reusable_outputs 000000018001c850 f   sfc_mex:sfc_sf.obj
 0001:0001bab0       sf_mark_chart_expressionable_inputs 000000018001cab0 f   sfc_mex:sfc_sf.obj
 0001:0001be00       sf_get_subchart_simstruct  000000018001ce00 f   sfc_mex:sfc_sf.obj
 0001:0001be50       sf_write_symbol_mapping    000000018001ce50 f   sfc_mex:sfc_sf.obj
 0001:0001c080       sf_get_fixpt_data_type_id  000000018001d080 f   sfc_mex:sfc_sf.obj
 0001:0001c0c0       sf_get_enum_data_type_id   000000018001d0c0 f   sfc_mex:sfc_sf.obj
 0001:0001c100       sf_get_param_data_type_id  000000018001d100 f   sfc_mex:sfc_sf.obj
 0001:0001c130       sf_mex_listen_for_ctrl_c_force 000000018001d130 f   sfc_mex:sfc_sf.obj
 0001:0001c240       sf_mex_draw_now            000000018001d240 f   sfc_mex:sfc_sf.obj
 0001:0001c280       sf_mex_set_debugger_sim_status_listener_fcn 000000018001d280 f   sfc_mex:sfc_sf.obj
 0001:0001c290       sf_mex_listen_for_ctrl_c   000000018001d290 f   sfc_mex:sfc_sf.obj
 0001:0001c320       sf_mex_get_sfun_param      000000018001d320 f   sfc_mex:sfc_sf.obj
 0001:0001c370       sf_get_runtime_param_data  000000018001d370 f   sfc_mex:sfc_sf.obj
 0001:0001c3b0       sf_call_output_fcn_call    000000018001d3b0 f   sfc_mex:sfc_sf.obj
 0001:0001c4f0       sf_call_output_fcn_enable  000000018001d4f0 f   sfc_mex:sfc_sf.obj
 0001:0001c580       sf_call_output_fcn_disable 000000018001d580 f   sfc_mex:sfc_sf.obj
 0001:0001c610       sf_clear_rtw_identifier    000000018001d610 f   sfc_mex:sfc_sf.obj
 0001:0001cda0       sf_set_encoded_dwork_info  000000018001dda0 f   sfc_mex:sfc_sf.obj
 0001:0001cfa0       sf_set_rtw_dwork_info      000000018001dfa0 f   sfc_mex:sfc_sf.obj
 0001:0001d3e0       mdlOutputs                 000000018001e3e0 f   sfc_mex:sfc_sf.obj
 0001:0001d520       sf_debug_disp              000000018001e520 f   sfc_debug:sfcdebug.obj
 0001:0001d7f0       sf_debug_data_runtime_size_mismatch_error_check 000000018001e7f0 f   sfc_debug:sfcdebug.obj
 0001:0001d890       sf_debug_try_loading_machine 000000018001e890 f   sfc_debug:sfcdebug.obj
 0001:0001d990       sf_debug_reset_current_state_configuration 000000018001e990 f   sfc_debug:sfcdebug.obj
 0001:0001da20       sf_debug_store_current_state_configuration 000000018001ea20 f   sfc_debug:sfcdebug.obj
 0001:0001dab0       sf_debug_restore_previous_state_configuration 000000018001eab0 f   sfc_debug:sfcdebug.obj
 0001:0001db40       sf_debug_restore_previous_state_configuration2 000000018001eb40 f   sfc_debug:sfcdebug.obj
 0001:0001dbd0       sf_debug_get_event_scope   000000018001ebd0 f   sfc_debug:sfcdebug.obj
 0001:0001dd40       use_debugger_step_animation 000000018001ed40 f   sfc_debug:sfcdebug.obj
 0001:0001dd60       sf_debug_get_script_id     000000018001ed60 f   sfc_debug:sfcdebug.obj
 0001:0001ddf0       sf_debug_set_script_translation 000000018001edf0 f   sfc_debug:sfcdebug.obj
 0001:0001deb0       sf_debug_get_current_machine_id 000000018001eeb0 f   sfc_debug:sfcdebug.obj
 0001:0001ded0       sf_debug_get_current_optional_integer 000000018001eed0 f   sfc_debug:sfcdebug.obj
 0001:0001dee0       sf_debug_get_current_machine_number 000000018001eee0 f   sfc_debug:sfcdebug.obj
 0001:0001df00       sf_debug_get_current_machine_name 000000018001ef00 f   sfc_debug:sfcdebug.obj
 0001:0001df20       sf_debug_get_current_chart_id 000000018001ef20 f   sfc_debug:sfcdebug.obj
 0001:0001df70       sf_debug_get_current_chart_number 000000018001ef70 f   sfc_debug:sfcdebug.obj
 0001:0001df80       sf_debug_get_current_instance_number 000000018001ef80 f   sfc_debug:sfcdebug.obj
 0001:0001df90       sf_debug_get_current_is_minor_time_step 000000018001ef90 f   sfc_debug:sfcdebug.obj
 0001:0001e010       sf_debug_get_current_object_type 000000018001f010 f   sfc_debug:sfcdebug.obj
 0001:0001e020       sf_debug_get_current_instance_handle 000000018001f020 f   sfc_debug:sfcdebug.obj
 0001:0001e080       sf_debug_get_current_event_type 000000018001f080 f   sfc_debug:sfcdebug.obj
 0001:0001e090       sf_debug_get_current_object_id 000000018001f090 f   sfc_debug:sfcdebug.obj
 0001:0001e0d0       sf_debug_get_current_active_event_type 000000018001f0d0 f   sfc_debug:sfcdebug.obj
 0001:0001e0e0       sf_debug_get_current_active_event_id 000000018001f0e0 f   sfc_debug:sfcdebug.obj
 0001:0001e120       sf_debug_get_current_tag_type 000000018001f120 f   sfc_debug:sfcdebug.obj
 0001:0001e130       sf_debug_get_current_simulation_time 000000018001f130 f   sfc_debug:sfcdebug.obj
 0001:0001e140       sf_debug_get_current_coverage_percentage 000000018001f140 f   sfc_debug:sfcdebug.obj
 0001:0001e150       sf_debug_current_statement_context 000000018001f150 f   sfc_debug:sfcdebug.obj
 0001:0001e1e0       sf_debug_get_current_statement_info 000000018001f1e0 f   sfc_debug:sfcdebug.obj
 0001:0001e360       sf_debug_terminate_instance 000000018001f360 f   sfc_debug:sfcdebug.obj
 0001:0001e680       sf_debug_assertion_failed  000000018001f680 f   sfc_debug:sfcdebug.obj
 0001:0001e830       sf_debug_set_number_of_data_with_change_event_for_machine 000000018001f830 f   sfc_debug:sfcdebug.obj
 0001:0001e870       sf_debug_set_machine_event_thresholds 000000018001f870 f   sfc_debug:sfcdebug.obj
 0001:0001e890       sf_debug_set_machine_event_scope 000000018001f890 f   sfc_debug:sfcdebug.obj
 0001:0001e8d0       sf_debug_set_machine_data_thresholds 000000018001f8d0 f   sfc_debug:sfcdebug.obj
 0001:0001e910       sf_debug_set_machine_data_scope 000000018001f910 f   sfc_debug:sfcdebug.obj
 0001:0001e9a0       sf_debug_set_machine_data_name 000000018001f9a0 f   sfc_debug:sfcdebug.obj
 0001:0001ea40       sf_debug_set_machine_data_size 000000018001fa40 f   sfc_debug:sfcdebug.obj
 0001:0001eb80       sf_debug_set_machine_data_type 000000018001fb80 f   sfc_debug:sfcdebug.obj
 0001:0001ecf0       sf_debug_get_chart_data_number 000000018001fcf0 f   sfc_debug:sfcdebug.obj
 0001:0001ed10       sf_debug_get_chart_event_number 000000018001fd10 f   sfc_debug:sfcdebug.obj
 0001:0001ed30       sf_debug_set_chart_state_info 000000018001fd30 f   sfc_debug:sfcdebug.obj
 0001:0001edb0       sf_debug_set_chart_decomposition 000000018001fdb0 f   sfc_debug:sfcdebug.obj
 0001:0001ee20       sf_debug_set_chart_substate_count 000000018001fe20 f   sfc_debug:sfcdebug.obj
 0001:0001ef00       sf_debug_set_chart_substate_index 000000018001ff00 f   sfc_debug:sfcdebug.obj
 0001:0001ef70       sf_debug_set_chart_state_substate_count 000000018001ff70 f   sfc_debug:sfcdebug.obj
 0001:0001f080       sf_debug_set_chart_state_substate_index 0000000180020080 f   sfc_debug:sfcdebug.obj
 0001:0001f100       sf_debug_set_number_of_data_with_change_event_for_chart 0000000180020100 f   sfc_debug:sfcdebug.obj
 0001:0001f180       sf_debug_set_number_of_states_with_entry_event_for_chart 0000000180020180 f   sfc_debug:sfcdebug.obj
 0001:0001f1f0       sf_debug_set_number_of_states_with_exit_event_for_chart 00000001800201f0 f   sfc_debug:sfcdebug.obj
 0001:0001f260       sf_debug_set_chart_disable_implicit_casting 0000000180020260 f   sfc_debug:sfcdebug.obj
 0001:0001f2d0       sf_debug_set_chart_event_thresholds 00000001800202d0 f   sfc_debug:sfcdebug.obj
 0001:0001f340       sf_debug_set_chart_data_props 0000000180020340 f   sfc_debug:sfcdebug.obj
 0001:0001f900       sf_debug_check_fi_license  0000000180020900 f   sfc_debug:sfcdebug.obj
 0001:0001faf0       sf_debug_symbol_scope_push 0000000180020af0 f   sfc_debug:sfcdebug.obj
 0001:0001fbd0       sf_debug_symbol_scope_push_eml 0000000180020bd0 f   sfc_debug:sfcdebug.obj
 0001:0001fcb0       sf_debug_symbol_scope_pop  0000000180020cb0 f   sfc_debug:sfcdebug.obj
 0001:0001fcf0       sf_debug_symbol_scope_add  0000000180020cf0 f   sfc_debug:sfcdebug.obj
 0001:0001fd70       sf_debug_symbol_scope_add_eml 0000000180020d70 f   sfc_debug:sfcdebug.obj
 0001:0001fdb0       sf_debug_symbol_scope_add_dyn 0000000180020db0 f   sfc_debug:sfcdebug.obj
 0001:0001fe60       sf_debug_symbol_scope_add_eml_dyn 0000000180020e60 f   sfc_debug:sfcdebug.obj
 0001:0001fec0       sf_debug_symbol_switch     0000000180020ec0 f   sfc_debug:sfcdebug.obj
 0001:0001fee0       sf_debug_symbol_scope_add_verbose 0000000180020ee0 f   sfc_debug:sfcdebug.obj
 0001:0001ffb0       sf_debug_set_machine_data_value_ptr 0000000180020fb0 f   sfc_debug:sfcdebug.obj
 0001:0001fff0       sf_debug_set_instance_data_value_ptr 0000000180020ff0 f   sfc_debug:sfcdebug.obj
 0001:000200b0       sf_debug_unset_instance_data_value_ptr 00000001800210b0 f   sfc_debug:sfcdebug.obj
 0001:00020160       sf_debug_set_chart_event_scope 0000000180021160 f   sfc_debug:sfcdebug.obj
 0001:000201e0       sf_debug_set_chart_transition_coverage_maps 00000001800211e0 f   sfc_debug:sfcdebug.obj
 0001:000202f0       sf_debug_set_chart_state_coverage_maps 00000001800212f0 f   sfc_debug:sfcdebug.obj
 0001:000203d0       sf_debug_set_instance_transition_coverage_weights 00000001800213d0 f   sfc_debug:sfcdebug.obj
 0001:00020470       sf_debug_set_instance_state_coverage_weights 0000000180021470 f   sfc_debug:sfcdebug.obj
 0001:000206c0       sf_debug_unload_machine    00000001800216c0 f   sfc_debug:sfcdebug.obj
 0001:00020710       sf_debug_load_machine      0000000180021710 f   sfc_debug:sfcdebug.obj
 0001:00020820       sf_debug_set_active_instance_in_data_dictionary 0000000180021820 f   sfc_debug:sfcdebug.obj
 0001:00020a00       sf_debug_set_active_instance 0000000180021a00 f   sfc_debug:sfcdebug.obj
 0001:00020b50       sf_debug_chart_visiblity_change 0000000180021b50 f   sfc_debug:sfcdebug.obj
 0001:00020c30       sf_debug_select_chart      0000000180021c30 f   sfc_debug:sfcdebug.obj
 0001:00020d10       sf_debug_set_instance_cv_ids 0000000180021d10 f   sfc_debug:sfcdebug.obj
 0001:00021030       sf_debug_select_charts     0000000180022030 f   sfc_debug:sfcdebug.obj
 0001:00021170       sf_debug_initialized       0000000180022170 f   sfc_debug:sfcdebug.obj
 0001:00021180       sf_debug_is_uninterruptible 0000000180022180 f   sfc_debug:sfcdebug.obj
 0001:000211b0       sf_debug_initialize_debugger_gui 00000001800221b0 f   sfc_debug:sfcdebug.obj
 0001:00021590       sf_debug_resume            0000000180022590 f   sfc_debug:sfcdebug.obj
 0001:000215b0       sf_debug_go                00000001800225b0 f   sfc_debug:sfcdebug.obj
 0001:000215c0       sf_debug_break             00000001800225c0 f   sfc_debug:sfcdebug.obj
 0001:000215d0       sf_debug_step_over         00000001800225d0 f   sfc_debug:sfcdebug.obj
 0001:000215e0       sf_debug_step_out          00000001800225e0 f   sfc_debug:sfcdebug.obj
 0001:000215f0       sf_debug_set_disable_all_breakpoints 00000001800225f0 f   sfc_debug:sfcdebug.obj
 0001:00021600       sf_debug_disable_all_breakpoints_and_go 0000000180022600 f   sfc_debug:sfcdebug.obj
 0001:00021610       sf_debug_break_on_chart_entry 0000000180022610 f   sfc_debug:sfcdebug.obj
 0001:00021620       sf_debug_break_on_event_broadcast 0000000180022620 f   sfc_debug:sfcdebug.obj
 0001:00021630       sf_debug_break_on_state_entry 0000000180022630 f   sfc_debug:sfcdebug.obj
 0001:00021640       sf_debug_break_between_times 0000000180022640 f   sfc_debug:sfcdebug.obj
 0001:00021660       sf_debug_browse_data       0000000180022660 f   sfc_debug:sfcdebug.obj
 0001:00021680       sf_debug_watch_data        0000000180022680 f   sfc_debug:sfcdebug.obj
 0001:000216a0       sf_debug_whos              00000001800226a0 f   sfc_debug:sfcdebug.obj
 0001:000216c0       sf_debug_get_consistency_info 00000001800226c0 f   sfc_debug:sfcdebug.obj
 0001:000216d0       sf_debug_browse_trace      00000001800226d0 f   sfc_debug:sfcdebug.obj
 0001:000216e0       sf_debug_set_breakpoints   00000001800226e0 f   sfc_debug:sfcdebug.obj
 0001:00021830       sf_debug_set_eml_breakpoints 0000000180022830 f   sfc_debug:sfcdebug.obj
 0001:00021990       sf_debug_set_script_breakpoints 0000000180022990 f   sfc_debug:sfcdebug.obj
 0001:00021a10       sf_debug_add_script_breakpoints 0000000180022a10 f   sfc_debug:sfcdebug.obj
 0001:00021a80       sf_debug_clear_script_breakpoints 0000000180022a80 f   sfc_debug:sfcdebug.obj
 0001:00021af0       sf_debug_query_script_breakpoints 0000000180022af0 f   sfc_debug:sfcdebug.obj
 0001:00021bb0       sf_debug_get_eml_script_id 0000000180022bb0 f   sfc_debug:sfcdebug.obj
 0001:00021c70       sf_debug_set_watch         0000000180022c70 f   sfc_debug:sfcdebug.obj
 0001:00021ea0       sf_debug_get_coverage      0000000180022ea0 f   sfc_debug:sfcdebug.obj
 0001:00021eb0       sf_debug_get_instance_handle 0000000180022eb0 f   sfc_debug:sfcdebug.obj
 0001:00021f40       sf_debug_get_active_states 0000000180022f40 f   sfc_debug:sfcdebug.obj
 0001:00021f50       sf_debug_get_animation     0000000180022f50 f   sfc_debug:sfcdebug.obj
 0001:00021f60       sf_debug_set_animation     0000000180022f60 f   sfc_debug:sfcdebug.obj
 0001:00021f70       sf_debug_animate           0000000180022f70 f   sfc_debug:sfcdebug.obj
 0001:00021fa0       sf_debug_cycle_detection_check 0000000180022fa0 f   sfc_debug:sfcdebug.obj
 0001:00021fb0       sf_debug_data_range_check  0000000180022fb0 f   sfc_debug:sfcdebug.obj
 0001:00021fc0       sf_debug_transition_conflict_check 0000000180022fc0 f   sfc_debug:sfcdebug.obj
 0001:00021fd0       sf_debug_state_consistency_check 0000000180022fd0 f   sfc_debug:sfcdebug.obj
 0001:00021fe0       sf_debug_data_range_check_enabled 0000000180022fe0 f   sfc_debug:sfcdebug.obj
 0001:00022000       sf_debug_transition_conflict_check_enabled 0000000180023000 f   sfc_debug:sfcdebug.obj
 0001:00022020       sf_debug_transition_conflict_check_begin 0000000180023020 f   sfc_debug:sfcdebug.obj
 0001:00022040       sf_debug_transition_conflict_check_end 0000000180023040 f   sfc_debug:sfcdebug.obj
 0001:00022060       sf_debug_stop_debugging    0000000180023060 f   sfc_debug:sfcdebug.obj
 0001:00022090       sf_debug_is_cycle_detected 0000000180023090 f   sfc_debug:sfcdebug.obj
 0001:000220a0       sf_debug_is_array_bounds_detected 00000001800230a0 f   sfc_debug:sfcdebug.obj
 0001:000220b0       sf_debug_get_state_vectors_data_size 00000001800230b0 f   sfc_debug:sfcdebug.obj
 0001:000220f0       sf_debug_get_state_vectors_data 00000001800230f0 f   sfc_debug:sfcdebug.obj
 0001:00022200       sf_debug_set_state_vectors_data 0000000180023200 f   sfc_debug:sfcdebug.obj
 0001:000224e0       sf_debug_get_script_index  00000001800234e0 f   sfc_debug:sfcdebug.obj
 0001:00022660       sf_debug_add_script        0000000180023660 f   sfc_debug:sfcdebug.obj
 0001:00022840       cv_eval_point              0000000180023840 f   sfc_debug:sfcdebug.obj
 0001:000229b0       sf_debug_cv_init_state     00000001800239b0 f   sfc_debug:sfcdebug.obj
 0001:00022ad0       sf_debug_cv_init_chart     0000000180023ad0 f   sfc_debug:sfcdebug.obj
 0001:00022bb0       sf_debug_cv_init_trans     0000000180023bb0 f   sfc_debug:sfcdebug.obj
 0001:00022d20       cv_eml_init_script         0000000180023d20 f   sfc_debug:sfcdebug.obj
 0001:00022e50       cv_eml_init_fcn            0000000180023e50 f   sfc_debug:sfcdebug.obj
 0001:00022f50       cv_eml_init_testobjective  0000000180023f50 f   sfc_debug:sfcdebug.obj
 0001:00023050       cv_eml_init_if             0000000180024050 f   sfc_debug:sfcdebug.obj
 0001:00023150       cv_eml_init_for            0000000180024150 f   sfc_debug:sfcdebug.obj
 0001:00023240       cv_eml_init_while          0000000180024240 f   sfc_debug:sfcdebug.obj
 0001:00023330       cv_eml_init_mcdc           0000000180024330 f   sfc_debug:sfcdebug.obj
 0001:00023470       cv_eml_init_switch         0000000180024470 f   sfc_debug:sfcdebug.obj
 0001:00023590       cv_eml_eval                0000000180024590 f   sfc_debug:sfcdebug.obj
 0001:00023690       sf_debug_bm_is_a_eml_breakpoint 0000000180024690 f   sfc_debug:sfcdebug.obj
 0001:00023880       sf_debug_temporal_threshold 0000000180024880 f   sfc_debug:sfcdebug.obj
 0001:00023c20       sf_debug_transition_conflict_error 0000000180024c20 f   sfc_debug:sfcdebug.obj
 0001:00023f80       sf_debug_state_inconsistency_error 0000000180024f80 f   sfc_debug:sfcdebug.obj
 0001:00024090       sf_debug_check_for_state_inconsistency 0000000180025090 f   sfc_debug:sfcdebug.obj
 0001:000240c0       sf_debug_cycle_detecton_error 00000001800250c0 f   sfc_debug:sfcdebug.obj
 0001:00024830       sf_debug_size_eq_check_1d  0000000180025830 f   sfc_debug:sfcdebug.obj
 0001:00024850       sf_debug_size_eq_check_nd  0000000180025850 f   sfc_debug:sfcdebug.obj
 0001:00024a40       sf_debug_dim_size_eq_check 0000000180025a40 f   sfc_debug:sfcdebug.obj
 0001:00024a70       sf_debug_dim_size_geq_check 0000000180025a70 f   sfc_debug:sfcdebug.obj
 0001:00024aa0       sf_debug_sub_assign_size_check_nd 0000000180025aa0 f   sfc_debug:sfcdebug.obj
 0001:00024cf0       sf_debug_matrix_matrix_index_check 0000000180025cf0 f   sfc_debug:sfcdebug.obj
 0001:00024d10       sf_debug_data_array_bounds_error_check 0000000180025d10 f   sfc_debug:sfcdebug.obj
 0001:00024e20       sf_debug_eml_data_array_bounds_error_check 0000000180025e20 f   sfc_debug:sfcdebug.obj
 0001:000252e0       sf_debug_integer_check     00000001800262e0 f   sfc_debug:sfcdebug.obj
 0001:000253b0       sf_debug_not_nan_check     00000001800263b0 f   sfc_debug:sfcdebug.obj
 0001:00025470       sf_debug_non_negative_check 0000000180026470 f   sfc_debug:sfcdebug.obj
 0001:00025530       sf_debug_overflow_detection 0000000180026530 f   sfc_debug:sfcdebug.obj
 0001:00025bf0       sf_debug_cast_to_real32_T  0000000180026bf0 f   sfc_debug:sfcdebug.obj
 0001:00025cb0       sf_debug_cast_to_int8_T    0000000180026cb0 f   sfc_debug:sfcdebug.obj
 0001:00025d70       sf_debug_cast_to_uint8_T   0000000180026d70 f   sfc_debug:sfcdebug.obj
 0001:00025e30       sf_debug_cast_to_int16_T   0000000180026e30 f   sfc_debug:sfcdebug.obj
 0001:00025ef0       sf_debug_cast_to_uint16_T  0000000180026ef0 f   sfc_debug:sfcdebug.obj
 0001:00025fb0       sf_debug_cast_to_int32_T   0000000180026fb0 f   sfc_debug:sfcdebug.obj
 0001:00026060       sf_debug_cast_to_uint32_T  0000000180027060 f   sfc_debug:sfcdebug.obj
 0001:00026120       sf_debug_data_range_error  0000000180027120 f   sfc_debug:sfcdebug.obj
 0001:00026590       sf_debug_data_range_error_wrapper_min_max 0000000180027590 f   sfc_debug:sfcdebug.obj
 0001:00026680       sf_debug_data_range_error_wrapper_min 0000000180027680 f   sfc_debug:sfcdebug.obj
 0001:00026760       sf_debug_data_range_error_wrapper_max 0000000180027760 f   sfc_debug:sfcdebug.obj
 0001:00026840       sf_debug_data_range_wrapper 0000000180027840 f   sfc_debug:sfcdebug.obj
 0001:000268f0       sf_debug_set_current_status_info 00000001800278f0 f   sfc_debug:sfcdebug.obj
 0001:00026dc0       sf_debug_call              0000000180027dc0 f   sfc_debug:sfcdebug.obj
 0001:00027c70       sf_debug_initialize_machine 0000000180028c70 f   sfc_debug:sfcdebug.obj
 0001:000280f0       sf_debug_initialize_chart  00000001800290f0 f   sfc_debug:sfcdebug.obj
 0001:000285d0       sf_debug_ensure_script     00000001800295d0 f   sfc_debug:sfcdebug.obj
 0001:00028740       cv_script_init_script      0000000180029740 f   sfc_debug:sfcdebug.obj
 0001:000288c0       cv_script_init_fcn         00000001800298c0 f   sfc_debug:sfcdebug.obj
 0001:00028a10       cv_script_init_testobjective 0000000180029a10 f   sfc_debug:sfcdebug.obj
 0001:00028b60       cv_script_init_if          0000000180029b60 f   sfc_debug:sfcdebug.obj
 0001:00028cb0       cv_script_init_for         0000000180029cb0 f   sfc_debug:sfcdebug.obj
 0001:00028e00       cv_script_init_while       0000000180029e00 f   sfc_debug:sfcdebug.obj
 0001:00028f50       cv_script_init_mcdc        0000000180029f50 f   sfc_debug:sfcdebug.obj
 0001:000290f0       cv_script_init_switch      000000018002a0f0 f   sfc_debug:sfcdebug.obj
 0001:00029260       cv_script_eval             000000018002a260 f   sfc_debug:sfcdebug.obj
 0001:000293c0       eml_debug_line_call        000000018002a3c0 f   sfc_debug:sfcdebug.obj
 0001:00029570       sf_debug_terminate         000000018002a570 f   sfc_debug:sfcdebug.obj
 0001:000297b0       sf_debug_set_script_cv_ids 000000018002a7b0 f   sfc_debug:sfcdebug.obj
 0001:00029980       sf_debug_api               000000018002a980 f   sfc_debug:sfc_api.obj
 0001:0002af70       sf_debug_sm_terminate      000000018002bf70 f   sfc_debug:sfdb_animation.obj
 0001:0002b130       sf_debug_reset_path_objects 000000018002c130 f   sfc_debug:sfdb_animation.obj
 0001:0002b1b0       sf_debug_sm_reset_object_selection_status 000000018002c1b0 f   sfc_debug:sfdb_animation.obj
 0001:0002b250       sf_debug_sm_reset_state_buffer 000000018002c250 f   sfc_debug:sfdb_animation.obj
 0001:0002b330       sf_debug_sm_store_state_buffer 000000018002c330 f   sfc_debug:sfdb_animation.obj
 0001:0002b3b0       sf_debug_sm_restore_state_buffer1 000000018002c3b0 f   sfc_debug:sfdb_animation.obj
 0001:0002b420       sf_debug_sm_restore_state_buffer2 000000018002c420 f   sfc_debug:sfdb_animation.obj
 0001:0002b490       sf_debug_sm_chart_active   000000018002c490 f   sfc_debug:sfdb_animation.obj
 0001:0002b4e0       sf_debug_sm_select_active_objects 000000018002c4e0 f   sfc_debug:sfdb_animation.obj
 0001:0002b970       sf_debug_sm_is_chart_active 000000018002c970 f   sfc_debug:sfdb_animation.obj
 0001:0002b9b0       sf_debug_sm_is_state_active 000000018002c9b0 f   sfc_debug:sfdb_animation.obj
 0001:0002bbf0       sf_debug_sm_get_active_states 000000018002cbf0 f   sfc_debug:sfdb_animation.obj
 0001:0002c1a0       sf_debug_sm_initialize_instance 000000018002d1a0 f   sfc_debug:sfdb_animation.obj
 0001:0002c450       sf_debug_sm_change_object_selection_status 000000018002d450 f   sfc_debug:sfdb_animation.obj
 0001:0002c740       cv_create_interface        000000018002d740 f   sfc_debug:cv_sfinterface.obj
 0001:0002ca90       cv_init_trans              000000018002da90 f   sfc_debug:cv_sfinterface.obj
 0001:0002cae0       cv_init_state              000000018002dae0 f   sfc_debug:cv_sfinterface.obj
 0001:0002cb50       cv_init_chart              000000018002db50 f   sfc_debug:cv_sfinterface.obj
 0001:0002cba0       cv_dec_update_call         000000018002dba0 f   sfc_debug:cv_sfinterface.obj
 0001:0002cbe0       cv_cond_update_call        000000018002dbe0 f   sfc_debug:cv_sfinterface.obj
 0001:0002cc20       cv_sigrange_update         000000018002dc20 f   sfc_debug:cv_sfinterface.obj
 0001:0002cc60       cvsf_eml_eval              000000018002dc60 f   sfc_debug:cv_sfinterface.obj
 0001:0002cd40       cvsf_eml_init_script       000000018002dd40 f   sfc_debug:cv_sfinterface.obj
 0001:0002cdc0       cvsf_eml_init_fcn          000000018002ddc0 f   sfc_debug:cv_sfinterface.obj
 0001:0002ce20       cvsf_eml_init_testobjective 000000018002de20 f   sfc_debug:cv_sfinterface.obj
 0001:0002ce80       cvsf_eml_init_if           000000018002de80 f   sfc_debug:cv_sfinterface.obj
 0001:0002cee0       cvsf_eml_init_for          000000018002dee0 f   sfc_debug:cv_sfinterface.obj
 0001:0002cf30       cvsf_eml_init_while        000000018002df30 f   sfc_debug:cv_sfinterface.obj
 0001:0002cf80       cvsf_eml_init_mcdc         000000018002df80 f   sfc_debug:cv_sfinterface.obj
 0001:0002d010       cvsf_eml_init_switch       000000018002e010 f   sfc_debug:cv_sfinterface.obj
 0001:0002d080       cvsf_script_eval           000000018002e080 f   sfc_debug:cv_sfinterface.obj
 0001:0002d160       cvsf_script_init_script    000000018002e160 f   sfc_debug:cv_sfinterface.obj
 0001:0002d1e0       cvsf_script_init_fcn       000000018002e1e0 f   sfc_debug:cv_sfinterface.obj
 0001:0002d240       cvsf_script_init_testobjective 000000018002e240 f   sfc_debug:cv_sfinterface.obj
 0001:0002d2a0       cvsf_script_init_if        000000018002e2a0 f   sfc_debug:cv_sfinterface.obj
 0001:0002d300       cvsf_script_init_for       000000018002e300 f   sfc_debug:cv_sfinterface.obj
 0001:0002d350       cvsf_script_init_while     000000018002e350 f   sfc_debug:cv_sfinterface.obj
 0001:0002d3a0       cvsf_script_init_mcdc      000000018002e3a0 f   sfc_debug:cv_sfinterface.obj
 0001:0002d430       cvsf_script_init_switch    000000018002e430 f   sfc_debug:cv_sfinterface.obj
 0001:0002d4a0       cv_destroy_interface       000000018002e4a0 f   sfc_debug:cv_sfinterface.obj
 0001:0002d4c0       cv_create_instance_objects 000000018002e4c0 f   sfc_debug:cv_sfinterface.obj
 0001:0002d970       cv_is_enabled              000000018002e970 f   sfc_debug:cv_sfinterface.obj
 0001:0002d980       sf_debug_cv_initialize_script 000000018002e980 f   sfc_debug:cv_sfinterface.obj
 0001:0002db20       sf_debug_cv_initialize_instance 000000018002eb20 f   sfc_debug:cv_sfinterface.obj
 0001:0002deb0       sf_debug_cv_terminate_chart 000000018002eeb0 f   sfc_debug:cv_sfinterface.obj
 0001:0002dff0       cv_call_trans_test         000000018002eff0 f   sfc_debug:cv_sfinterface.obj
 0001:0002e000       cv_call_sub_cond_test      000000018002f000 f   sfc_debug:cv_sfinterface.obj
 0001:0002e130       sf_debug_hm_initialize_instance 000000018002f130 f   sfc_debug:sfdb_handle_management.obj
 0001:0002e390       sf_debug_hm_get_object_id  000000018002f390 f   sfc_debug:sfdb_handle_management.obj
 0001:00030270       sf_debug_object_is_eml_function 0000000180031270 f   sfc_debug:sfdb_handle_management.obj
 0001:000302e0       sf_debug_hm_initialize_ids_in_machine 00000001800312e0 f   sfc_debug:sfdb_handle_management.obj
 0001:00030450       sf_debug_hm_initialize_ids_in_chart 0000000180031450 f   sfc_debug:sfdb_handle_management.obj
 0001:00030590       sf_debug_hm_initialize_chart 0000000180031590 f   sfc_debug:sfdb_handle_management.obj
 0001:00031430       sf_debug_hm_terminate      0000000180032430 f   sfc_debug:sfdb_handle_management.obj
 0001:00031490       sf_debug_hm_initialize_machine 0000000180032490 f   sfc_debug:sfdb_handle_management.obj
 0001:00031d40       sf_debug_st_initialize_machine 0000000180032d40 f   sfc_debug:sfdb_data_browse.obj
 0001:00031e00       sf_debug_st_initialize_instance 0000000180032e00 f   sfc_debug:sfdb_data_browse.obj
 0001:00032210       sf_debug_st_terminate      0000000180033210 f   sfc_debug:sfdb_data_browse.obj
 0001:000325c0       sf_debug_st_set_data_value_ptr_in_machine 00000001800335c0 f   sfc_debug:sfdb_data_browse.obj
 0001:00032650       sf_debug_st_set_data_value_ptr_in_instance 0000000180033650 f   sfc_debug:sfdb_data_browse.obj
 0001:00032730       sf_debug_st_unset_data_value_ptr_in_machine 0000000180033730 f   sfc_debug:sfdb_data_browse.obj
 0001:000327a0       sf_debug_st_unset_data_value_ptr_in_instance 00000001800337a0 f   sfc_debug:sfdb_data_browse.obj
 0001:00032a60       sf_debug_mx_value          0000000180033a60 f   sfc_debug:sfdb_data_browse.obj
 0001:00032ac0       sf_debug_mx_packed_vector  0000000180033ac0 f   sfc_debug:sfdb_data_browse.obj
 0001:00032ba0       sf_debug_mx_uint_vector    0000000180033ba0 f   sfc_debug:sfdb_data_browse.obj
 0001:00032c50       sf_debug_st_get_double_value_from_void_ptr_vector 0000000180033c50 f   sfc_debug:sfdb_data_browse.obj
 0001:000337a0       sf_debug_st_browse_data    00000001800347a0 f   sfc_debug:sfdb_data_browse.obj
 0001:00033f20       sf_debug_ss_initialize     0000000180034f20 f   sfc_debug:sfdb_symbol_scope.obj
 0001:00033f40       sf_debug_ss_terminate      0000000180034f40 f   sfc_debug:sfdb_symbol_scope.obj
 0001:00033fd0       sf_debug_ss_push_symbol_scope 0000000180034fd0 f   sfc_debug:sfdb_symbol_scope.obj
 0001:000340d0       sf_debug_ss_push_symbol_scope_eml 00000001800350d0 f   sfc_debug:sfdb_symbol_scope.obj
 0001:00034130       sf_debug_ss_pop_symbol_scope 0000000180035130 f   sfc_debug:sfdb_symbol_scope.obj
 0001:000341e0       sf_debug_ss_add_symbol     00000001800351e0 f   sfc_debug:sfdb_symbol_scope.obj
 0001:00034330       sf_debug_ss_add_symbol_eml 0000000180035330 f   sfc_debug:sfdb_symbol_scope.obj
 0001:00035340       sf_debug_ss_watch_data     0000000180036340 f   sfc_debug:sfdb_symbol_scope.obj
 0001:00035d70       get_data_entry_name        0000000180036d70 f   sfc_debug:sfdb_symbol_scope.obj
 0001:00035dc0       sf_debug_ss_whos           0000000180036dc0 f   sfc_debug:sfdb_symbol_scope.obj
 0001:00036650       sf_debug_cc_initialize_chart 0000000180037650 f   sfc_debug:sfdb_coverage.obj
 0001:00037040       sf_debug_cc_initialize_instance 0000000180038040 f   sfc_debug:sfdb_coverage.obj
 0001:00037e40       sf_debug_cc_terminate      0000000180038e40 f   sfc_debug:sfdb_coverage.obj
 0001:00037f30       sf_debug_cc_set_transition_maps 0000000180038f30 f   sfc_debug:sfdb_coverage.obj
 0001:00038060       sf_debug_cc_set_state_maps 0000000180039060 f   sfc_debug:sfdb_coverage.obj
 0001:00038140       sf_debug_cc_set_transition_weights 0000000180039140 f   sfc_debug:sfdb_coverage.obj
 0001:00038410       sf_debug_cc_set_state_weights 0000000180039410 f   sfc_debug:sfdb_coverage.obj
 0001:000386f0       sf_debug_cc_mark_transition_guard 00000001800396f0 f   sfc_debug:sfdb_coverage.obj
 0001:00038810       sf_debug_cc_mark_transition_trigger 0000000180039810 f   sfc_debug:sfdb_coverage.obj
 0001:00038930       sf_debug_cc_mark_transition_decision 0000000180039930 f   sfc_debug:sfdb_coverage.obj
 0001:000389a0       sf_debug_cc_mark_transition_condition_action 00000001800399a0 f   sfc_debug:sfdb_coverage.obj
 0001:00038a70       sf_debug_cc_mark_transition_transition_action 0000000180039a70 f   sfc_debug:sfdb_coverage.obj
 0001:00038b40       sf_debug_cc_mark_state_entry 0000000180039b40 f   sfc_debug:sfdb_coverage.obj
 0001:00038c10       sf_debug_cc_mark_state_during 0000000180039c10 f   sfc_debug:sfdb_coverage.obj
 0001:00038ce0       sf_debug_cc_mark_state_exit 0000000180039ce0 f   sfc_debug:sfdb_coverage.obj
 0001:000395a0       sf_debug_cc_get_coverage   000000018003a5a0 f   sfc_debug:sfdb_coverage.obj
 0001:00039b30       sf_debug_bm_clear_script_breakpoints 000000018003ab30 f   sfc_debug:sfdb_breakpoints.obj
 0001:00039b60       sf_debug_bm_set_script_breakpoint 000000018003ab60 f   sfc_debug:sfdb_breakpoints.obj
 0001:00039be0       sf_debug_bm_clear_single_script_breakpoint 000000018003abe0 f   sfc_debug:sfdb_breakpoints.obj
 0001:00039c60       sf_debug_bm_query_script_breakpoint 000000018003ac60 f   sfc_debug:sfdb_breakpoints.obj
 0001:00039cb0       sf_debug_bm_initialize_scripts 000000018003acb0 f   sfc_debug:sfdb_breakpoints.obj
 0001:0003a3d0       sf_debug_bm_terminate      000000018003b3d0 f   sfc_debug:sfdb_breakpoints.obj
 0001:0003a6d0       sf_debug_bm_remove_all_breakpoints_in_machine 000000018003b6d0 f   sfc_debug:sfdb_breakpoints.obj
 0001:0003a740       sf_debug_bm_remove_all_breakpoints_in_chart 000000018003b740 f   sfc_debug:sfdb_breakpoints.obj
 0001:0003a890       sf_debug_bm_initialize_global_breakpoints 000000018003b890 f   sfc_debug:sfdb_breakpoints.obj
 0001:0003aa10       sf_debug_bm_set_breakpoint 000000018003ba10 f   sfc_debug:sfdb_breakpoints.obj
 0001:0003b020       sf_debug_bm_set_eml_breakpoint 000000018003c020 f   sfc_debug:sfdb_breakpoints.obj
 0001:0003b0c0       sf_debug_bm_initialize_machine_breakpoint_map 000000018003c0c0 f   sfc_debug:sfdb_breakpoints.obj
 0001:0003b5b0       sf_debug_bm_is_a_breakpoint 000000018003c5b0 f   sfc_debug:sfdb_breakpoints.obj
 0001:0003bad0       sf_debug_bm_get_all_breakpoints_in_machine 000000018003cad0 f   sfc_debug:sfdb_breakpoints.obj
 0001:0003bdd0       sf_debug_bm_get_all_breakpoints_in_chart 000000018003cdd0 f   sfc_debug:sfdb_breakpoints.obj
 0001:0003ca80       sf_debug_bm_initialize_machine 000000018003da80 f   sfc_debug:sfdb_breakpoints.obj
 0001:0003cb50       sf_debug_bm_initialize_chart 000000018003db50 f   sfc_debug:sfdb_breakpoints.obj
 0001:0003d090       sf_debug_sc_terminate      000000018003e090 f   sfc_debug:sfdb_state_consistency.obj
 0001:0003d3c0       sf_debug_sc_is_chart_consistent 000000018003e3c0 f   sfc_debug:sfdb_state_consistency.obj
 0001:0003d660       sf_debug_sc_get_consistency_error_info 000000018003e660 f   sfc_debug:sfdb_state_consistency.obj
 0001:0003da90       sf_debug_tm_terminate      000000018003ea90 f   sfc_debug:sfdb_call_stack.obj
 0001:0003db50       sf_debug_tm_push_chart_instance 000000018003eb50 f   sfc_debug:sfdb_call_stack.obj
 0001:0003dcb0       sf_debug_tm_pop_chart_instance 000000018003ecb0 f   sfc_debug:sfdb_call_stack.obj
 0001:0003dd10       sf_debug_tm_push_trace_node 000000018003ed10 f   sfc_debug:sfdb_call_stack.obj
 0001:0003dea0       sf_debug_tm_pop_trace_node 000000018003eea0 f   sfc_debug:sfdb_call_stack.obj
 0001:0003df20       sf_debug_tm_get_current_global_trace_index 000000018003ef20 f   sfc_debug:sfdb_call_stack.obj
 0001:0003df30       sf_debug_tm_get_current_local_trace_index 000000018003ef30 f   sfc_debug:sfdb_call_stack.obj
 0001:0003df60       sf_debug_tm_set_cycle_detected_flag 000000018003ef60 f   sfc_debug:sfdb_call_stack.obj
 0001:0003dfa0       sf_debug_tm_set_cycle_started_flag 000000018003efa0 f   sfc_debug:sfdb_call_stack.obj
 0001:0003dfe0       sf_debug_tm_get_chart_number_from_stack 000000018003efe0 f   sfc_debug:sfdb_call_stack.obj
 0001:0003e1c0       sf_debug_tm_browse_trace   000000018003f1c0 f   sfc_debug:sfdb_call_stack.obj
 0001:0003e4f0       sf_debug_cd_initialize_instance 000000018003f4f0 f   sfc_debug:sfdb_cycle_detection.obj
 0001:0003e7a0       sf_debug_cd_mark_processed_transition_in_instance 000000018003f7a0 f   sfc_debug:sfdb_cycle_detection.obj
 0001:0003e840       sf_debug_cd_checksum_push  000000018003f840 f   sfc_debug:sfdb_cycle_detection.obj
 0001:0003eb00       sf_debug_cd_checksum_pop   000000018003fb00 f   sfc_debug:sfdb_cycle_detection.obj
 0001:0003eb70       sf_debug_cd_turn_off_cycle_detection 000000018003fb70 f   sfc_debug:sfdb_cycle_detection.obj
 0001:0003ebc0       sf_debug_cd_terminate      000000018003fbc0 f   sfc_debug:sfdb_cycle_detection.obj
 0001:0003ee00       md5_initialize_state       000000018003fe00 f   sfc_debug:ckmd5.obj
 0001:0003f980       md5_update_state           0000000180040980 f   sfc_debug:ckmd5.obj
 0001:0003fa60       md5_get_hash               0000000180040a60 f   sfc_debug:ckmd5.obj
 0001:0003fa90       md5_get_hash_for_a_single_string 0000000180040a90 f   sfc_debug:ckmd5.obj
 0001:0003fbea       mxGetPr                    0000000180040bea f   libmx:libmx.dll
 0001:0003fbf0       mxCreateDoubleScalar       0000000180040bf0 f   libmx:libmx.dll
 0001:0003fbf6       mxSetField_730             0000000180040bf6 f   libmx:libmx.dll
 0001:0003fbfc       mxCreateDoubleMatrix_730   0000000180040bfc f   libmx:libmx.dll
 0001:0003fc02       mxCreateStructMatrix_730   0000000180040c02 f   libmx:libmx.dll
 0001:0003fc08       mxDestroyArray             0000000180040c08 f   libmx:libmx.dll
 0001:0003fc0e       mxCreateString             0000000180040c0e f   libmx:libmx.dll
 0001:0003fc14       mxDuplicateArray           0000000180040c14 f   libmx:libmx.dll
 0001:0003fc1a       mxGetNaN                   0000000180040c1a f   libmx:libmx.dll
 0001:0003fc20       mxGetString_730            0000000180040c20 f   libmx:libmx.dll
 0001:0003fc26       mxIsChar                   0000000180040c26 f   libmx:libmx.dll
 0001:0003fc2c       mxGetClassID               0000000180040c2c f   libmx:libmx.dll
 0001:0003fc32       mxIsNumeric                0000000180040c32 f   libmx:libmx.dll
 0001:0003fc38       mxIsComplex                0000000180040c38 f   libmx:libmx.dll
 0001:0003fc3e       mxGetN                     0000000180040c3e f   libmx:libmx.dll
 0001:0003fc44       mxGetM                     0000000180040c44 f   libmx:libmx.dll
 0001:0003fc4a       mxCalloc                   0000000180040c4a f   libmx:libmx.dll
 0001:0003fc50       mxGetScalar                0000000180040c50 f   libmx:libmx.dll
 0001:0003fc56       mxIsLogical                0000000180040c56 f   libmx:libmx.dll
 0001:0003fc5c       mxCreateDoubleMatrix_700   0000000180040c5c f   libmx:libmx.dll
 0001:0003fc62       mxFree                     0000000180040c62 f   libmx:libmx.dll
 0001:0003fc68       mxArrayToString            0000000180040c68 f   libmx:libmx.dll
 0001:0003fc6e       mxCreateCellMatrix_700     0000000180040c6e f   libmx:libmx.dll
 0001:0003fc74       mxSetCell_700              0000000180040c74 f   libmx:libmx.dll
 0001:0003fc7a       mxGetCell_700              0000000180040c7a f   libmx:libmx.dll
 0001:0003fc80       mxGetClassName             0000000180040c80 f   libmx:libmx.dll
 0001:0003fc86       mxSetField_700             0000000180040c86 f   libmx:libmx.dll
 0001:0003fc8c       mxAddField                 0000000180040c8c f   libmx:libmx.dll
 0001:0003fc92       mxGetField_700             0000000180040c92 f   libmx:libmx.dll
 0001:0003fc98       mxGetNumberOfElements      0000000180040c98 f   libmx:libmx.dll
 0001:0003fc9e       mxIsStruct                 0000000180040c9e f   libmx:libmx.dll
 0001:0003fca4       mxIsClass                  0000000180040ca4 f   libmx:libmx.dll
 0001:0003fcaa       mxGetLogicals              0000000180040caa f   libmx:libmx.dll
 0001:0003fcb0       mxIsSparse                 0000000180040cb0 f   libmx:libmx.dll
 0001:0003fcb6       mxSetFieldByNumber_700     0000000180040cb6 f   libmx:libmx.dll
 0001:0003fcbc       mxGetFieldByNumber_700     0000000180040cbc f   libmx:libmx.dll
 0001:0003fcc2       mxGetFieldNameByNumber     0000000180040cc2 f   libmx:libmx.dll
 0001:0003fcc8       mxGetNumberOfFields        0000000180040cc8 f   libmx:libmx.dll
 0001:0003fcce       mxCreateStructMatrix_700   0000000180040cce f   libmx:libmx.dll
 0001:0003fcd4       mxGetFieldNumber           0000000180040cd4 f   libmx:libmx.dll
 0001:0003fcda       mxIsNaN                    0000000180040cda f   libmx:libmx.dll
 0001:0003fce0       mxIsEmpty                  0000000180040ce0 f   libmx:libmx.dll
 0001:0003fce6       mxGetData                  0000000180040ce6 f   libmx:libmx.dll
 0001:0003fcec       mxGetImagData              0000000180040cec f   libmx:libmx.dll
 0001:0003fcf2       mxArrayClassIDName         0000000180040cf2 f   libmx:libmx.dll
 0001:0003fcf8       mxCreateNumericMatrix_700  0000000180040cf8 f   libmx:libmx.dll
 0001:0003fcfe       mxCreateStructArray_700    0000000180040cfe f   libmx:libmx.dll
 0001:0003fd04       mxCalcSingleSubscript_700  0000000180040d04 f   libmx:libmx.dll
 0001:0003fd0a       mxGetDimensions_700        0000000180040d0a f   libmx:libmx.dll
 0001:0003fd10       mxGetNumberOfDimensions_700 0000000180040d10 f   libmx:libmx.dll
 0001:0003fd16       mxCreateNumericArray_700   0000000180040d16 f   libmx:libmx.dll
 0001:0003fd1c       mxGetElementSize           0000000180040d1c f   libmx:libmx.dll
 0001:0003fd22       mxGetString_700            0000000180040d22 f   libmx:libmx.dll
 0001:0003fd28       mxIsLogicalScalarTrue      0000000180040d28 f   libmx:libmx.dll
 0001:0003fd2e       mxCreateLogicalScalar      0000000180040d2e f   libmx:libmx.dll
 0001:0003fd34       mexUnlock                  0000000180040d34 f   libmex:libmex.dll
 0001:0003fd3a       mexIsLocked                0000000180040d3a f   libmex:libmex.dll
 0001:0003fd40       mexWarnMsgTxt              0000000180040d40 f   libmex:libmex.dll
 0001:0003fd46       mexCallMATLAB              0000000180040d46 f   libmex:libmex.dll
 0001:0003fd4c       mexErrMsgTxt               0000000180040d4c f   libmex:libmex.dll
 0001:0003fd52       mexSetTrapFlag             0000000180040d52 f   libmex:libmex.dll
 0001:0003fd58       mexMakeArrayPersistent     0000000180040d58 f   libmex:libmex.dll
 0001:0003fd5e       mexPutVariable             0000000180040d5e f   libmex:libmex.dll
 0001:0003fd64       mexGetVariable             0000000180040d64 f   libmex:libmex.dll
 0001:0003fd6a       mexLock                    0000000180040d6a f   libmex:libmex.dll
 0001:0003fd70       mexMakeMemoryPersistent    0000000180040d70 f   libmex:libmex.dll
 0001:0003fd76       mexFunctionName            0000000180040d76 f   libmex:libmex.dll
 0001:0003fd7c       ssRegisterDataTypeFxpFSlopeFixExpBias 0000000180040d7c f   libfixedpoint:libfixedpoint.dll
 0001:0003fd82       utVSNprintf                0000000180040d82 f   libut:libut.dll
 0001:0003fd88       utCPUtime                  0000000180040d88 f   libut:libut.dll
 0001:0003fd8e       utFree                     0000000180040d8e f   libut:libut.dll
 0001:0003fd94       utMalloc                   0000000180040d94 f   libut:libut.dll
 0001:0003fd9a       muDoubleScalarSin          0000000180040d9a f   libmwmathutil:libmwmathutil.dll
 0001:0003fda0       muDoubleScalarAtan         0000000180040da0 f   libmwmathutil:libmwmathutil.dll
 0001:0003fda6       muDoubleScalarSqrt         0000000180040da6 f   libmwmathutil:libmwmathutil.dll
 0001:0003fdac       muDoubleScalarCos          0000000180040dac f   libmwmathutil:libmwmathutil.dll
 0001:0003fdb2       muDoubleScalarIsNaN        0000000180040db2 f   libmwmathutil:libmwmathutil.dll
 0001:0003fdb8       muDoubleScalarPower        0000000180040db8 f   libmwmathutil:libmwmathutil.dll
 0001:0003fdbe       muDoubleScalarFloor        0000000180040dbe f   libmwmathutil:libmwmathutil.dll
 0001:0003fdc4       muDoubleScalarAtan2        0000000180040dc4 f   libmwmathutil:libmwmathutil.dll
 0001:0003fdca       emlrtCheckBuiltInR2009a    0000000180040dca f   libemlrt:libemlrt.dll
 0001:0003fdd0       emlrtCheckVsBuiltInR2009a  0000000180040dd0 f   libemlrt:libemlrt.dll
 0001:0003fdd6       emlrtCheckEnumR2009a       0000000180040dd6 f   libemlrt:libemlrt.dll
 0001:0003fddc       emlrtCreateEnumR2010a      0000000180040ddc f   libemlrt:libemlrt.dll
 0001:0003fde2       emlrtGetEnumElementR2009a  0000000180040de2 f   libemlrt:libemlrt.dll
 0001:0003fde8       emlrtImportVsFiArrayR2009b 0000000180040de8 f   libemlrt:libemlrt.dll
 0001:0003fdee       emlrtGetEnumUnderlyingArrayR2009a 0000000180040dee f   libemlrt:libemlrt.dll
 0001:0003fdf4       emlrtIsEnumR2009a          0000000180040df4 f   libemlrt:libemlrt.dll
 0001:0003fdfc       __GSHandlerCheckCommon     0000000180040dfc f   MSVCRT:gshandler.obj
 0001:0003fe60       __GSHandlerCheck           0000000180040e60 f   MSVCRT:gshandler.obj
 0001:0003fe7e       strlen                     0000000180040e7e f   MSVCRT:MSVCR100.dll
 0001:0003fea0       __security_check_cookie    0000000180040ea0 f   MSVCRT:amdsecgs.obj
 0001:0003fec0       memset                     0000000180040ec0 f   MSVCRT:MSVCR100.dll
 0001:0003fec6       malloc                     0000000180040ec6 f   MSVCRT:MSVCR100.dll
 0001:0003fecc       free                       0000000180040ecc f   MSVCRT:MSVCR100.dll
 0001:0003fed2       strcmp                     0000000180040ed2 f   MSVCRT:MSVCR100.dll
 0001:0003fed8       sprintf                    0000000180040ed8 f   MSVCRT:MSVCR100.dll
 0001:0003fede       strcat                     0000000180040ede f   MSVCRT:MSVCR100.dll
 0001:0003fee4       memcpy                     0000000180040ee4 f   MSVCRT:MSVCR100.dll
 0001:0003feec       NtCurrentTeb               0000000180040eec f i MSVCRT:crtdll.obj
 0001:0003ff58       _CRT_INIT                  0000000180040f58 f   MSVCRT:crtdll.obj
 0001:000402f0       _DllMainCRTStartup         00000001800412f0 f   MSVCRT:crtdll.obj
 0001:0004032e       strncpy                    000000018004132e f   MSVCRT:MSVCR100.dll
 0001:00040350       _alloca_probe              0000000180041350     MSVCRT:chkstk.obj
 0001:00040350       __chkstk                   0000000180041350 f   MSVCRT:chkstk.obj
 0001:0004039e       longjmp                    000000018004139e f   MSVCRT:MSVCR100.dll
 0001:000403a4       strncmp                    00000001800413a4 f   MSVCRT:MSVCR100.dll
 0001:000403aa       ceil                       00000001800413aa f   MSVCRT:MSVCR100.dll
 0001:000403b0       strrchr                    00000001800413b0 f   MSVCRT:MSVCR100.dll
 0001:000403b6       _setjmp                    00000001800413b6 f   MSVCRT:MSVCR100.dll
 0001:000403bc       calloc                     00000001800413bc f   MSVCRT:MSVCR100.dll
 0001:000403c2       realloc                    00000001800413c2 f   MSVCRT:MSVCR100.dll
 0001:000403c8       ldexp                      00000001800413c8 f   MSVCRT:MSVCR100.dll
 0001:000403d0       __report_gsfailure         00000001800413d0 f   MSVCRT:gs_report.obj
 0001:0004051c       __clean_type_info_names    000000018004151c f   MSVCRT:tncleanup.obj
 0001:00040528       _onexit                    0000000180041528 f   MSVCRT:atonexit.obj
 0001:000405d8       atexit                     00000001800415d8 f   MSVCRT:atonexit.obj
 0001:000405f0       _RTC_Initialize            00000001800415f0 f   MSVCRT:_initsect_.obj
 0001:00040628       _RTC_Terminate             0000000180041628 f   MSVCRT:_initsect_.obj
 0001:00040660       _malloc_crt                0000000180041660 f   MSVCRT:MSVCR100.dll
 0001:00040670       _ValidateImageBase         0000000180041670 f   MSVCRT:pesect.obj
 0001:000406a0       _FindPESection             00000001800416a0 f   MSVCRT:pesect.obj
 0001:000406f0       _IsNonwritableInCurrentImage 00000001800416f0 f   MSVCRT:pesect.obj
 0001:00040732       _initterm                  0000000180041732 f   MSVCRT:MSVCR100.dll
 0001:00040738       _initterm_e                0000000180041738 f   MSVCRT:MSVCR100.dll
 0001:0004073e       _encoded_null              000000018004173e f   MSVCRT:MSVCR100.dll
 0001:00040744       _amsg_exit                 0000000180041744 f   MSVCRT:MSVCR100.dll
 0001:0004074a       __C_specific_handler       000000018004174a f   MSVCRT:MSVCR100.dll
 0001:00040750       __CppXcptFilter            0000000180041750 f   MSVCRT:MSVCR100.dll
 0001:00040758       DllMain                    0000000180041758 f   MSVCRT:dllmain.obj
 0001:0004077c       __security_init_cookie     000000018004177c f   MSVCRT:gs_support.obj
 0001:00040830       __crt_debugger_hook        0000000180041830 f   MSVCRT:MSVCR100.dll
 0001:00040836       __clean_type_info_names_internal 0000000180041836 f   MSVCRT:MSVCR100.dll
 0001:0004083c       _unlock                    000000018004183c f   MSVCRT:MSVCR100.dll
 0001:00040842       __dllonexit                0000000180041842 f   MSVCRT:MSVCR100.dll
 0001:00040848       _lock                      0000000180041848 f   MSVCRT:MSVCR100.dll
 0001:0004084e       EncodePointer              000000018004184e f   kernel32:KERNEL32.dll
 0001:00040854       DecodePointer              0000000180041854 f   kernel32:KERNEL32.dll
 0001:0004085a       Sleep                      000000018004185a f   kernel32:KERNEL32.dll
 0001:00040860       TerminateProcess           0000000180041860 f   kernel32:KERNEL32.dll
 0001:00040866       GetCurrentProcess          0000000180041866 f   kernel32:KERNEL32.dll
 0001:0004086c       UnhandledExceptionFilter   000000018004186c f   kernel32:KERNEL32.dll
 0001:00040872       SetUnhandledExceptionFilter 0000000180041872 f   kernel32:KERNEL32.dll
 0001:00040878       IsDebuggerPresent          0000000180041878 f   kernel32:KERNEL32.dll
 0001:0004087e       RtlVirtualUnwind           000000018004187e f   kernel32:KERNEL32.dll
 0001:00040884       RtlLookupFunctionEntry     0000000180041884 f   kernel32:KERNEL32.dll
 0001:0004088a       RtlCaptureContext          000000018004188a f   kernel32:KERNEL32.dll
 0001:00040890       DisableThreadLibraryCalls  0000000180041890 f   kernel32:KERNEL32.dll
 0001:00040896       QueryPerformanceCounter    0000000180041896 f   kernel32:KERNEL32.dll
 0001:0004089c       GetTickCount               000000018004189c f   kernel32:KERNEL32.dll
 0001:000408a2       GetCurrentThreadId         00000001800418a2 f   kernel32:KERNEL32.dll
 0001:000408a8       GetCurrentProcessId        00000001800418a8 f   kernel32:KERNEL32.dll
 0001:000408ae       GetSystemTimeAsFileTime    00000001800418ae f   kernel32:KERNEL32.dll
 0002:00000000       __imp_DisableThreadLibraryCalls 0000000180042000     kernel32:KERNEL32.dll
 0002:00000008       __imp_RtlCaptureContext    0000000180042008     kernel32:KERNEL32.dll
 0002:00000010       __imp_RtlLookupFunctionEntry 0000000180042010     kernel32:KERNEL32.dll
 0002:00000018       __imp_RtlVirtualUnwind     0000000180042018     kernel32:KERNEL32.dll
 0002:00000020       __imp_IsDebuggerPresent    0000000180042020     kernel32:KERNEL32.dll
 0002:00000028       __imp_SetUnhandledExceptionFilter 0000000180042028     kernel32:KERNEL32.dll
 0002:00000030       __imp_UnhandledExceptionFilter 0000000180042030     kernel32:KERNEL32.dll
 0002:00000038       __imp_GetCurrentProcess    0000000180042038     kernel32:KERNEL32.dll
 0002:00000040       __imp_TerminateProcess     0000000180042040     kernel32:KERNEL32.dll
 0002:00000048       __imp_Sleep                0000000180042048     kernel32:KERNEL32.dll
 0002:00000050       __imp_DecodePointer        0000000180042050     kernel32:KERNEL32.dll
 0002:00000058       __imp_EncodePointer        0000000180042058     kernel32:KERNEL32.dll
 0002:00000060       __imp_GetTickCount         0000000180042060     kernel32:KERNEL32.dll
 0002:00000068       __imp_GetCurrentThreadId   0000000180042068     kernel32:KERNEL32.dll
 0002:00000070       __imp_GetCurrentProcessId  0000000180042070     kernel32:KERNEL32.dll
 0002:00000078       __imp_GetSystemTimeAsFileTime 0000000180042078     kernel32:KERNEL32.dll
 0002:00000080       __imp_QueryPerformanceCounter 0000000180042080     kernel32:KERNEL32.dll
 0002:00000088       \177KERNEL32_NULL_THUNK_DATA 0000000180042088     kernel32:KERNEL32.dll
 0002:00000090       __imp_strcmp               0000000180042090     MSVCRT:MSVCR100.dll
 0002:00000098       __imp__onexit              0000000180042098     MSVCRT:MSVCR100.dll
 0002:000000a0       __imp__lock                00000001800420a0     MSVCRT:MSVCR100.dll
 0002:000000a8       __imp___dllonexit          00000001800420a8     MSVCRT:MSVCR100.dll
 0002:000000b0       __imp__unlock              00000001800420b0     MSVCRT:MSVCR100.dll
 0002:000000b8       __imp___clean_type_info_names_internal 00000001800420b8     MSVCRT:MSVCR100.dll
 0002:000000c0       __imp___crt_debugger_hook  00000001800420c0     MSVCRT:MSVCR100.dll
 0002:000000c8       __imp___CppXcptFilter      00000001800420c8     MSVCRT:MSVCR100.dll
 0002:000000d0       __imp___C_specific_handler 00000001800420d0     MSVCRT:MSVCR100.dll
 0002:000000d8       __imp__amsg_exit           00000001800420d8     MSVCRT:MSVCR100.dll
 0002:000000e0       __imp__encoded_null        00000001800420e0     MSVCRT:MSVCR100.dll
 0002:000000e8       __imp__initterm_e          00000001800420e8     MSVCRT:MSVCR100.dll
 0002:000000f0       __imp__initterm            00000001800420f0     MSVCRT:MSVCR100.dll
 0002:000000f8       __imp__malloc_crt          00000001800420f8     MSVCRT:MSVCR100.dll
 0002:00000100       __imp_ldexp                0000000180042100     MSVCRT:MSVCR100.dll
 0002:00000108       __imp_realloc              0000000180042108     MSVCRT:MSVCR100.dll
 0002:00000110       __imp_calloc               0000000180042110     MSVCRT:MSVCR100.dll
 0002:00000118       __imp__setjmp              0000000180042118     MSVCRT:MSVCR100.dll
 0002:00000120       __imp_strrchr              0000000180042120     MSVCRT:MSVCR100.dll
 0002:00000128       __imp_ceil                 0000000180042128     MSVCRT:MSVCR100.dll
 0002:00000130       __imp_strncmp              0000000180042130     MSVCRT:MSVCR100.dll
 0002:00000138       __imp_longjmp              0000000180042138     MSVCRT:MSVCR100.dll
 0002:00000140       __imp_strncpy              0000000180042140     MSVCRT:MSVCR100.dll
 0002:00000148       __imp_memcpy               0000000180042148     MSVCRT:MSVCR100.dll
 0002:00000150       __imp_strcat               0000000180042150     MSVCRT:MSVCR100.dll
 0002:00000158       __imp_sprintf              0000000180042158     MSVCRT:MSVCR100.dll
 0002:00000160       __imp_memset               0000000180042160     MSVCRT:MSVCR100.dll
 0002:00000168       __imp_free                 0000000180042168     MSVCRT:MSVCR100.dll
 0002:00000170       __imp_malloc               0000000180042170     MSVCRT:MSVCR100.dll
 0002:00000178       __imp_strlen               0000000180042178     MSVCRT:MSVCR100.dll
 0002:00000180       \177MSVCR100_NULL_THUNK_DATA 0000000180042180     MSVCRT:MSVCR100.dll
 0002:00000188       __imp_emlrtCheckBuiltInR2009a 0000000180042188     libemlrt:libemlrt.dll
 0002:00000190       __imp_emlrtIsEnumR2009a    0000000180042190     libemlrt:libemlrt.dll
 0002:00000198       __imp_emlrtGetEnumUnderlyingArrayR2009a 0000000180042198     libemlrt:libemlrt.dll
 0002:000001a0       __imp_emlrtImportVsFiArrayR2009b 00000001800421a0     libemlrt:libemlrt.dll
 0002:000001a8       __imp_emlrtGetEnumElementR2009a 00000001800421a8     libemlrt:libemlrt.dll
 0002:000001b0       __imp_emlrtCreateEnumR2010a 00000001800421b0     libemlrt:libemlrt.dll
 0002:000001b8       __imp_emlrtCheckVsBuiltInR2009a 00000001800421b8     libemlrt:libemlrt.dll
 0002:000001c0       __imp_emlrtCheckEnumR2009a 00000001800421c0     libemlrt:libemlrt.dll
 0002:000001c8       \177libemlrt_NULL_THUNK_DATA 00000001800421c8     libemlrt:libemlrt.dll
 0002:000001d0       __imp_ssRegisterDataTypeFxpFSlopeFixExpBias 00000001800421d0     libfixedpoint:libfixedpoint.dll
 0002:000001d8       \177libfixedpoint_NULL_THUNK_DATA 00000001800421d8     libfixedpoint:libfixedpoint.dll
 0002:000001e0       __imp_mexErrMsgTxt         00000001800421e0     libmex:libmex.dll
 0002:000001e8       __imp_mexSetTrapFlag       00000001800421e8     libmex:libmex.dll
 0002:000001f0       __imp_mexMakeArrayPersistent 00000001800421f0     libmex:libmex.dll
 0002:000001f8       __imp_mexPutVariable       00000001800421f8     libmex:libmex.dll
 0002:00000200       __imp_mexCallMATLAB        0000000180042200     libmex:libmex.dll
 0002:00000208       __imp_mexLock              0000000180042208     libmex:libmex.dll
 0002:00000210       __imp_mexMakeMemoryPersistent 0000000180042210     libmex:libmex.dll
 0002:00000218       __imp_mexFunctionName      0000000180042218     libmex:libmex.dll
 0002:00000220       __imp_mexIsLocked          0000000180042220     libmex:libmex.dll
 0002:00000228       __imp_mexGetVariable       0000000180042228     libmex:libmex.dll
 0002:00000230       __imp_mexUnlock            0000000180042230     libmex:libmex.dll
 0002:00000238       __imp_mexWarnMsgTxt        0000000180042238     libmex:libmex.dll
 0002:00000240       \177libmex_NULL_THUNK_DATA 0000000180042240     libmex:libmex.dll
 0002:00000248       __imp_muDoubleScalarAtan2  0000000180042248     libmwmathutil:libmwmathutil.dll
 0002:00000250       __imp_muDoubleScalarFloor  0000000180042250     libmwmathutil:libmwmathutil.dll
 0002:00000258       __imp_muDoubleScalarSin    0000000180042258     libmwmathutil:libmwmathutil.dll
 0002:00000260       __imp_muDoubleScalarAtan   0000000180042260     libmwmathutil:libmwmathutil.dll
 0002:00000268       __imp_muDoubleScalarSqrt   0000000180042268     libmwmathutil:libmwmathutil.dll
 0002:00000270       __imp_muDoubleScalarCos    0000000180042270     libmwmathutil:libmwmathutil.dll
 0002:00000278       __imp_muDoubleScalarIsNaN  0000000180042278     libmwmathutil:libmwmathutil.dll
 0002:00000280       __imp_muDoubleScalarPower  0000000180042280     libmwmathutil:libmwmathutil.dll
 0002:00000288       \177libmwmathutil_NULL_THUNK_DATA 0000000180042288     libmwmathutil:libmwmathutil.dll
 0002:00000290       __imp_mxIsComplex          0000000180042290     libmx:libmx.dll
 0002:00000298       __imp_mxGetN               0000000180042298     libmx:libmx.dll
 0002:000002a0       __imp_mxGetM               00000001800422a0     libmx:libmx.dll
 0002:000002a8       __imp_mxCalloc             00000001800422a8     libmx:libmx.dll
 0002:000002b0       __imp_mxGetPr              00000001800422b0     libmx:libmx.dll
 0002:000002b8       __imp_mxGetScalar          00000001800422b8     libmx:libmx.dll
 0002:000002c0       __imp_mxCreateLogicalScalar 00000001800422c0     libmx:libmx.dll
 0002:000002c8       __imp_mxIsLogicalScalarTrue 00000001800422c8     libmx:libmx.dll
 0002:000002d0       __imp_mxGetString_700      00000001800422d0     libmx:libmx.dll
 0002:000002d8       __imp_mxGetElementSize     00000001800422d8     libmx:libmx.dll
 0002:000002e0       __imp_mxCreateNumericArray_700 00000001800422e0     libmx:libmx.dll
 0002:000002e8       __imp_mxGetNumberOfDimensions_700 00000001800422e8     libmx:libmx.dll
 0002:000002f0       __imp_mxGetDimensions_700  00000001800422f0     libmx:libmx.dll
 0002:000002f8       __imp_mxCalcSingleSubscript_700 00000001800422f8     libmx:libmx.dll
 0002:00000300       __imp_mxCreateStructArray_700 0000000180042300     libmx:libmx.dll
 0002:00000308       __imp_mxCreateNumericMatrix_700 0000000180042308     libmx:libmx.dll
 0002:00000310       __imp_mxArrayClassIDName   0000000180042310     libmx:libmx.dll
 0002:00000318       __imp_mxGetImagData        0000000180042318     libmx:libmx.dll
 0002:00000320       __imp_mxGetData            0000000180042320     libmx:libmx.dll
 0002:00000328       __imp_mxIsEmpty            0000000180042328     libmx:libmx.dll
 0002:00000330       __imp_mxIsNaN              0000000180042330     libmx:libmx.dll
 0002:00000338       __imp_mxGetFieldNumber     0000000180042338     libmx:libmx.dll
 0002:00000340       __imp_mxCreateStructMatrix_700 0000000180042340     libmx:libmx.dll
 0002:00000348       __imp_mxGetNumberOfFields  0000000180042348     libmx:libmx.dll
 0002:00000350       __imp_mxGetFieldNameByNumber 0000000180042350     libmx:libmx.dll
 0002:00000358       __imp_mxGetFieldByNumber_700 0000000180042358     libmx:libmx.dll
 0002:00000360       __imp_mxSetFieldByNumber_700 0000000180042360     libmx:libmx.dll
 0002:00000368       __imp_mxIsSparse           0000000180042368     libmx:libmx.dll
 0002:00000370       __imp_mxGetLogicals        0000000180042370     libmx:libmx.dll
 0002:00000378       __imp_mxIsClass            0000000180042378     libmx:libmx.dll
 0002:00000380       __imp_mxIsStruct           0000000180042380     libmx:libmx.dll
 0002:00000388       __imp_mxGetNumberOfElements 0000000180042388     libmx:libmx.dll
 0002:00000390       __imp_mxGetField_700       0000000180042390     libmx:libmx.dll
 0002:00000398       __imp_mxAddField           0000000180042398     libmx:libmx.dll
 0002:000003a0       __imp_mxSetField_700       00000001800423a0     libmx:libmx.dll
 0002:000003a8       __imp_mxGetClassName       00000001800423a8     libmx:libmx.dll
 0002:000003b0       __imp_mxGetCell_700        00000001800423b0     libmx:libmx.dll
 0002:000003b8       __imp_mxSetCell_700        00000001800423b8     libmx:libmx.dll
[...]
 0001:00013360       sf_mex_check_and_set_actual_dimensions 0000000180014360 f   sfc_mex:sfc_mex.obj
 0001:00014520       size_mismatch_error        0000000180015520 f   sfc_mex:sfc_mex.obj
 0001:00015060       check_array_dimensions     0000000180016060 f   sfc_mex:sfc_mex.obj
 0001:000150d0       check_input_mxarray        00000001800160d0 f   sfc_mex:sfc_mex.obj
 0001:00015870       sf_numeric_value_to_double 0000000180016870 f   sfc_mex:sfc_mex.obj
 0001:000158c0       ml_generic_out_of_bounds_check 00000001800168c0 f   sfc_mex:sfc_mex.obj
 0001:00015a10       ml_get_element_value_from_array 0000000180016a10 f   sfc_mex:sfc_mex.obj
 0001:00015d10       _ml_generic_castability_check 0000000180016d10 f   sfc_mex:sfc_mex.obj
 0001:000168e0       ml_generic_castability_check 00000001800178e0 f   sfc_mex:sfc_mex.obj
 0001:00016980       ml_check_mx_array_for_single_castability 0000000180017980 f   sfc_mex:sfc_mex.obj
 0001:00016a20       ml_check_mx_array_for_logical_castability 0000000180017a20 f   sfc_mex:sfc_mex.obj
 0001:00016ac0       ml_check_mx_array_for_int8_castability 0000000180017ac0 f   sfc_mex:sfc_mex.obj
 0001:00016b70       ml_check_mx_array_for_uint8_castability 0000000180017b70 f   sfc_mex:sfc_mex.obj
 0001:00016c10       ml_check_mx_array_for_int16_castability 0000000180017c10 f   sfc_mex:sfc_mex.obj
 0001:00016cb0       ml_check_mx_array_for_uint16_castability 0000000180017cb0 f   sfc_mex:sfc_mex.obj
 0001:00016d50       ml_check_mx_array_for_int32_castability 0000000180017d50 f   sfc_mex:sfc_mex.obj
 0001:00016df0       ml_check_mx_array_for_uint32_castability 0000000180017df0 f   sfc_mex:sfc_mex.obj
 0001:00016e90       ml_check_mx_array_for_castability 0000000180017e90 f   sfc_mex:sfc_mex.obj
 0001:00017660       set_data_value             0000000180018660 f   sfc_mex:sfc_mex.obj
 0001:000179b0       get_data_value             00000001800189b0 f   sfc_mex:sfc_mex.obj
 0001:00017aa0       get_next_element_address   0000000180018aa0 f   sfc_mex:sfc_mex.obj
 0001:00017b70       sf_normalize_index         0000000180018b70 f   sfc_mex:sfc_mex.obj
 0001:00017f00       ml_array_index_bound_check 0000000180018f00 f   sfc_mex:sfc_mex.obj
 0001:00018b10       mx_value                   0000000180019b10 f   sfc_mex:sfc_mex.obj
 0001:00018b60       sf_create_numeric_array    0000000180019b60 f   sfc_mex:sfc_mex.obj
 0001:00018c00       sf_mex_assign_to_mx_array  0000000180019c00 f   sfc_mex:sfc_mex.obj
 0001:00019620       assign_from_mx_array       000000018001a620 f   sfc_mex:sfc_mex.obj
 0001:0001a8a0       get_machine_and_chart_file_number 000000018001b8a0 f   sfc_mex:sfc_sf.obj
 0001:0001a990       get_sfun_block_specialization 000000018001b990 f   sfc_mex:sfc_sf.obj
 0001:0001aa10       call_sf_machine_global_method_dispatcher 000000018001ba10 f   sfc_mex:sfc_sf.obj
 0001:0001ac80       mdl_zeroCrossings_processing 000000018001bc80 f   sfc_mex:sfc_sf.obj
 0001:0001ad50       mdl_derivatives_processing 000000018001bd50 f   sfc_mex:sfc_sf.obj
 0001:0001b010       mdl_outputs_continuous_legacy 000000018001c010 f   sfc_mex:sfc_sf.obj
 0001:0001b090       mdl_outputs_processing     000000018001c090 f   sfc_mex:sfc_sf.obj
 0001:0001b390       mdl_enable_processing      000000018001c390 f   sfc_mex:sfc_sf.obj
 0001:0001b460       mdl_disable_processing     000000018001c460 f   sfc_mex:sfc_sf.obj
 0001:0001bd30       write_symbol_mapping       000000018001cd30 f   sfc_mex:sfc_sf.obj
 0001:0001c430       sf_call_output_fcn_enable_disable 000000018001d430 f   sfc_mex:sfc_sf.obj
 0001:0001c6b0       set_dwork_information_from_mx_array 000000018001d6b0 f   sfc_mex:sfc_sf.obj
 0001:0001cdf0       get_dwork_info_from_mat_file 000000018001ddf0 f   sfc_mex:sfc_sf.obj
 0001:0001cf00       ptr2mxStruct               000000018001df00 f   sfc_mex:sfc_sf.obj
 0001:0001d480       SNPRINTF_WRAPPER           000000018001e480 f   sfc_debug:sfcdebug.obj
 0001:0001d4a0       sf_debug_chart_instance_initialized_quick 000000018001e4a0 f   sfc_debug:sfcdebug.obj
 0001:0001d4b0       sf_debug_chart_instance_initialized 000000018001e4b0 f   sfc_debug:sfcdebug.obj
 0001:0001d650       sfrtAddSize                000000018001e650 f   sfc_debug:sfcdebug.obj
 0001:0001d710       sfrtGenSizeString          000000018001e710 f   sfc_debug:sfcdebug.obj
 0001:0001de90       sf_debug_sim_status_listener 000000018001ee90 f   sfc_debug:sfcdebug.obj
 0001:0001e400       sf_debug_form_mask_bits    000000018001f400 f   sfc_debug:sfcdebug.obj
 0001:0001e440       sf_debug_form_sf_data_type_offsets 000000018001f440 f   sfc_debug:sfcdebug.obj
 0001:0001e500       sf_debug_free_all          000000018001f500 f   sfc_debug:sfcdebug.obj
 0001:0001e690       sf_debug_append_debugger_context 000000018001f690 f   sfc_debug:sfcdebug.obj
 0001:0001e950       local_strdup               000000018001f950 f   sfc_debug:sfcdebug.obj
 0001:0001f780       sf_debug_em_terminate      0000000180020780 f   sfc_debug:sfcdebug.obj
 0001:0001f7c0       sf_debug_push_eml_function 00000001800207c0 f   sfc_debug:sfcdebug.obj
 0001:0001f860       sf_debug_pop_eml_function  0000000180020860 f   sfc_debug:sfcdebug.obj
 0001:00020520       sf_debug_get_machine_number_from_id_or_name 0000000180021520 f   sfc_debug:sfcdebug.obj
 0001:00020670       sf_debug_get_chart_number_from_id 0000000180021670 f   sfc_debug:sfcdebug.obj
 0001:00021320       sf_debug_transfer_control_to_debugger_GUI 0000000180022320 f   sfc_debug:sfcdebug.obj
 0001:00022310       sf_debug_scripts_rehash    0000000180023310 f   sfc_debug:sfcdebug.obj
 0001:00022560       sf_debug_get_script_line_count 0000000180023560 f   sfc_debug:sfcdebug.obj
 0001:00022cb0       cv_eml_state_cvId          0000000180023cb0 f   sfc_debug:sfcdebug.obj
 0001:000241d0       sf_debug_data_array_bounds_error 00000001800251d0 f   sfc_debug:sfcdebug.obj
 0001:000245d0       sf_debug_runtime_error     00000001800255d0 f   sfc_debug:sfcdebug.obj
 0001:00024780       sf_debug_matlab_error      0000000180025780 f   sfc_debug:sfcdebug.obj
 0001:00024f80       sf_debug_data_value_error  0000000180025f80 f   sfc_debug:sfcdebug.obj
 0001:00025840       sf_debug_data_loss_error   0000000180026840 f   sfc_debug:sfcdebug.obj
 0001:00026450       call_cv_range_check        0000000180027450 f   sfc_debug:sfcdebug.obj
 0001:00026d50       sf_debug_invoke_cycle_detection_code 0000000180027d50 f   sfc_debug:sfcdebug.obj
 0001:00027bb0       sf_reset_debug_info_struct 0000000180028bb0 f   sfc_debug:sfcdebug.obj
 0001:00028670       cv_script_cvId             0000000180029670 f   sfc_debug:sfcdebug.obj
 0001:00029af0       sfc_api_chart_visible      000000018002aaf0 f   sfc_debug:sfc_api.obj
 0001:00029b70       sfc_api_active_instance    000000018002ab70 f   sfc_debug:sfc_api.obj
 0001:00029bf0       sfc_api_machine_load       000000018002abf0 f   sfc_debug:sfc_api.obj
 0001:00029cc0       sfc_api_debugger_alive     000000018002acc0 f   sfc_debug:sfc_api.obj
 0001:00029cd0       sfc_api_go                 000000018002acd0 f   sfc_debug:sfc_api.obj
 0001:00029ce0       sfc_api_step_over          000000018002ace0 f   sfc_debug:sfc_api.obj
 0001:00029cf0       sfc_api_step_out           000000018002acf0 f   sfc_debug:sfc_api.obj
 0001:00029d00       sfc_api_resume             000000018002ad00 f   sfc_debug:sfc_api.obj
 0001:00029d10       sfc_api_break              000000018002ad10 f   sfc_debug:sfc_api.obj
 0001:00029d20       sfc_api_stop_debugging     000000018002ad20 f   sfc_debug:sfc_api.obj
 0001:00029d70       sfc_api_is_cycle_detected  000000018002ad70 f   sfc_debug:sfc_api.obj
 0001:00029dc0       sfc_api_is_array_bounds_detected 000000018002adc0 f   sfc_debug:sfc_api.obj
 0001:00029e10       sfc_api_set_disable_all_breakpoints 000000018002ae10 f   sfc_debug:sfc_api.obj
 0001:00029e80       sfc_api_disable_all_breakpoints_and_go 000000018002ae80 f   sfc_debug:sfc_api.obj
 0001:00029e90       sfc_api_close              000000018002ae90 f   sfc_debug:sfc_api.obj
 0001:00029ea0       sfc_api_browse_data        000000018002aea0 f   sfc_debug:sfc_api.obj
 0001:00029f10       sfc_api_watch_data         000000018002af10 f   sfc_debug:sfc_api.obj
 0001:00029fb0       sfc_api_whos               000000018002afb0 f   sfc_debug:sfc_api.obj
 0001:0002a040       sfc_api_get_consistency_info 000000018002b040 f   sfc_debug:sfc_api.obj
 0001:0002a050       sfc_api_browse_trace       000000018002b050 f   sfc_debug:sfc_api.obj
 0001:0002a060       sfc_api_break_on_chart_entry 000000018002b060 f   sfc_debug:sfc_api.obj
 0001:0002a080       sfc_api_break_on_event_broadcast 000000018002b080 f   sfc_debug:sfc_api.obj
 0001:0002a0a0       sfc_api_break_on_state_entry 000000018002b0a0 f   sfc_debug:sfc_api.obj
 0001:0002a0c0       sfc_api_set_watch          000000018002b0c0 f   sfc_debug:sfc_api.obj
 0001:0002a160       sfc_api_set_breakpoints    000000018002b160 f   sfc_debug:sfc_api.obj
 0001:0002a200       sfc_api_set_eml_breakpoints 000000018002b200 f   sfc_debug:sfc_api.obj
 0001:0002a280       sfc_api_set_script_breakpoints 000000018002b280 f   sfc_debug:sfc_api.obj
 0001:0002a2d0       sfc_api_add_script_breakpoints 000000018002b2d0 f   sfc_debug:sfc_api.obj
 0001:0002a320       sfc_api_clear_script_breakpoints 000000018002b320 f   sfc_debug:sfc_api.obj
 0001:0002a370       sfc_api_query_script_breakpoints 000000018002b370 f   sfc_debug:sfc_api.obj
 0001:0002a3d0       sfc_api_get_script_id      000000018002b3d0 f   sfc_debug:sfc_api.obj
 0001:0002a490       sfc_api_get_active_states  000000018002b490 f   sfc_debug:sfc_api.obj
 0001:0002a510       sfc_api_break_between_times 000000018002b510 f   sfc_debug:sfc_api.obj
 0001:0002a570       sfc_api_get_instance_handle 000000018002b570 f   sfc_debug:sfc_api.obj
 0001:0002a620       sfc_api_get_coverage       000000018002b620 f   sfc_debug:sfc_api.obj
 0001:0002a6a0       sfc_api_set_animation      000000018002b6a0 f   sfc_debug:sfc_api.obj
 0001:0002a6f0       sfc_api_select_chart       000000018002b6f0 f   sfc_debug:sfc_api.obj
 0001:0002a750       sfc_api_select_charts      000000018002b750 f   sfc_debug:sfc_api.obj
 0001:0002a780       sfc_api_cycle_detection_check 000000018002b780 f   sfc_debug:sfc_api.obj
 0001:0002a7d0       sfc_api_data_range_check   000000018002b7d0 f   sfc_debug:sfc_api.obj
 0001:0002a820       sfc_api_transition_conflict_check 000000018002b820 f   sfc_debug:sfc_api.obj
 0001:0002a870       sfc_api_state_consistency_check 000000018002b870 f   sfc_debug:sfc_api.obj
 0001:0002a8c0       sfc_api_set_instance_cv_ids 000000018002b8c0 f   sfc_debug:sfc_api.obj
 0001:0002a9d0       sfc_api_set_script_cv_ids  000000018002b9d0 f   sfc_debug:sfc_api.obj
 0001:0002aa70       sfc_api_get_current_machine_id 000000018002ba70 f   sfc_debug:sfc_api.obj
 0001:0002aaa0       sfc_api_get_current_machine_number 000000018002baa0 f   sfc_debug:sfc_api.obj
 0001:0002aad0       sfc_api_get_current_chart_number 000000018002bad0 f   sfc_debug:sfc_api.obj
 0001:0002ab00       sfc_api_get_current_instance_number 000000018002bb00 f   sfc_debug:sfc_api.obj
 0001:0002ab30       sfc_api_get_current_instance_handle 000000018002bb30 f   sfc_debug:sfc_api.obj
 0001:0002ab50       sfc_api_get_current_is_minor_time_step 000000018002bb50 f   sfc_debug:sfc_api.obj
 0001:0002ab80       sfc_api_get_current_machine_name 000000018002bb80 f   sfc_debug:sfc_api.obj
 0001:0002aba0       sfc_api_get_current_chart_id 000000018002bba0 f   sfc_debug:sfc_api.obj
 0001:0002abd0       sfc_api_get_current_object_type 000000018002bbd0 f   sfc_debug:sfc_api.obj
 0001:0002ac00       sfc_api_get_current_event_type 000000018002bc00 f   sfc_debug:sfc_api.obj
 0001:0002ac30       sfc_api_get_current_object_id 000000018002bc30 f   sfc_debug:sfc_api.obj
 0001:0002ac60       sfc_get_current_active_event_type 000000018002bc60 f   sfc_debug:sfc_api.obj
 0001:0002ac90       sfc_api_get_current_active_event_id 000000018002bc90 f   sfc_debug:sfc_api.obj
 0001:0002acc0       sfc_api_get_current_simulation_time 000000018002bcc0 f   sfc_debug:sfc_api.obj
 0001:0002ace0       sfc_get_current_tag_type   000000018002bce0 f   sfc_debug:sfc_api.obj
 0001:0002ad10       sfc_get_current_coverage_percentage 000000018002bd10 f   sfc_debug:sfc_api.obj
 0001:0002ad30       sfc_get_current_statement_context 000000018002bd30 f   sfc_debug:sfc_api.obj
 0001:0002ad50       sfc_get_current_optional_integer 000000018002bd50 f   sfc_debug:sfc_api.obj
 0001:0002ad70       sfc_get_current_statement_info 000000018002bd70 f   sfc_debug:sfc_api.obj
 0001:0002ae10       sfc_api_get                000000018002be10 f   sfc_debug:sfc_api.obj
 0001:0002ba30       sf_debug_sm_fill_state_activity_data 000000018002ca30 f   sfc_debug:sfdb_animation.obj
 0001:0002e040       sf_debug_hm_get_simulink_handle 000000018002f040 f   sfc_debug:sfdb_handle_management.obj
 0001:0002e870       sf_debug_hm_initialize_globals 000000018002f870 f   sfc_debug:sfdb_handle_management.obj
 0001:0002e970       sf_debug_hm_get_machine_debug_flag 000000018002f970 f   sfc_debug:sfdb_handle_management.obj
 0001:0002eae0       sf_debug_hm_get_machine_id 000000018002fae0 f   sfc_debug:sfdb_handle_management.obj
 0001:0002ec00       sf_debug_hm_get_chart_id   000000018002fc00 f   sfc_debug:sfdb_handle_management.obj
 0001:0002eda0       sf_debug_hm_register_executing_SFunction 000000018002fda0 f   sfc_debug:sfdb_handle_management.obj
 0001:0002ef30       sf_debug_hm_get_chart_active_instance 000000018002ff30 f   sfc_debug:sfdb_handle_management.obj
 0001:0002f0a0       sf_debug_hm_get_chart_visibility 00000001800300a0 f   sfc_debug:sfdb_handle_management.obj
 0001:0002f1f0       sf_debug_hm_form_object_boolean_properties 00000001800301f0 f   sfc_debug:sfdb_handle_management.obj
 0001:0002f4c0       sf_debug_hm_form_object_properties 00000001800304c0 f   sfc_debug:sfdb_handle_management.obj
 0001:0002f700       sf_debug_hm_terminate_charts 0000000180030700 f   sfc_debug:sfdb_handle_management.obj
 0001:0002fe10       sf_debug_hm_terminate_machines 0000000180030e10 f   sfc_debug:sfdb_handle_management.obj
 0001:00031f00       void_ptr_stack_vector_free_total 0000000180032f00 f   sfc_debug:sfdb_data_browse.obj
 0001:00031f90       sf_debug_st_terminate_machine 0000000180032f90 f   sfc_debug:sfdb_data_browse.obj
 0001:000320c0       sf_debug_st_terminate_instance 00000001800330c0 f   sfc_debug:sfdb_data_browse.obj
 0001:00032570       push_on_to_void_ptr_stack  0000000180033570 f   sfc_debug:sfdb_data_browse.obj
 0001:00032700       pop_from_void_ptr_stack    0000000180033700 f   sfc_debug:sfdb_data_browse.obj
 0001:00032830       sf_debug_st_get_data_value 0000000180033830 f   sfc_debug:sfdb_data_browse.obj
 0001:00032d60       mx_value                   0000000180033d60 f   sfc_debug:sfdb_data_browse.obj
 0001:00032da0       sf_debug_st_fill_data_struct 0000000180033da0 f   sfc_debug:sfdb_data_browse.obj
 0001:000330e0       data_type_format_strings   00000001800340e0 f   sfc_debug:sfdb_data_browse.obj
 0001:00033190       sf_debug_st_fill_data      0000000180034190 f   sfc_debug:sfdb_data_browse.obj
 0001:000343f0       sf_debug_ss_copy_dimension 00000001800353f0 f   sfc_debug:sfdb_symbol_scope.obj
 0001:000344b0       sf_debug_ss_get_number_elements 00000001800354b0 f   sfc_debug:sfdb_symbol_scope.obj
 0001:000344d0       sf_debug_ss_fill_data_struct 00000001800354d0 f   sfc_debug:sfdb_symbol_scope.obj
 0001:00034820       sf_debug_ss_reset_data_info 0000000180035820 f   sfc_debug:sfdb_symbol_scope.obj
 0001:00034880       sf_debug_fill_data_info_by_symbol_scope_entry 0000000180035880 f   sfc_debug:sfdb_symbol_scope.obj
 0001:00034930       sf_debug_fill_data_info_by_data_vector 0000000180035930 f   sfc_debug:sfdb_symbol_scope.obj
 0001:00034b60       sf_debug_ss_get_data_info  0000000180035b60 f   sfc_debug:sfdb_symbol_scope.obj
 0001:00034f50       sf_debug_ss_get_data_value 0000000180035f50 f   sfc_debug:sfdb_symbol_scope.obj
 0001:000353e0       sf_debug_ss_data_bytes_string 00000001800363e0 f   sfc_debug:sfdb_symbol_scope.obj
 0001:00035490       sf_debug_ss_data_class_string 0000000180036490 f   sfc_debug:sfdb_symbol_scope.obj
 0001:00035820       sf_debug_ss_data_size_string 0000000180036820 f   sfc_debug:sfdb_symbol_scope.obj
 0001:00035900       sf_debug_ss_data_create_data_info_struct 0000000180036900 f   sfc_debug:sfdb_symbol_scope.obj
 0001:00035b60       sf_debug_ss_data_create_name_value_pair 0000000180036b60 f   sfc_debug:sfdb_symbol_scope.obj
 0001:00035c00       sf_debug_ss_data_get_whos_info 0000000180036c00 f   sfc_debug:sfdb_symbol_scope.obj
 0001:00035cc0       same_named_data_in_data_array 0000000180036cc0 f   sfc_debug:sfdb_symbol_scope.obj
 0001:000376b0       sf_debug_cc_terminate_chart 00000001800386b0 f   sfc_debug:sfdb_coverage.obj
 0001:00037a50       sf_debug_cc_terminate_instance 0000000180038a50 f   sfc_debug:sfdb_coverage.obj
 0001:00038650       sf_debug_cc_mark_object_if_needed 0000000180039650 f   sfc_debug:sfdb_coverage.obj
 0001:00038db0       sf_debug_cc_fill_transition_coverage_data 0000000180039db0 f   sfc_debug:sfdb_coverage.obj
 0001:00038f40       sf_debug_cc_fill_transition_coverage_map 0000000180039f40 f   sfc_debug:sfdb_coverage.obj
 0001:000391f0       sf_debug_cc_fill_state_coverage_map 000000018003a1f0 f   sfc_debug:sfdb_coverage.obj
 0001:00039440       sf_debug_cc_fill_state_coverage_data 000000018003a440 f   sfc_debug:sfdb_coverage.obj
 0001:0003a070       sf_debug_bm_initialize_eml 000000018003b070 f   sfc_debug:sfdb_breakpoints.obj
 0001:0003b1d0       sf_debug_bm_map_debug_tag_to_breakpoint_tag 000000018003c1d0 f   sfc_debug:sfdb_breakpoints.obj
 0001:0003b2b0       sf_debug_bm_is_a_eml_breakpoint_impl 000000018003c2b0 f   sfc_debug:sfdb_breakpoints.obj
 0001:0003cf10       sf_debug_sc_push_on_error_stack 000000018003df10 f   sfc_debug:sfdb_state_consistency.obj
 0001:0003d040       sf_debug_sc_reset_error_stack 000000018003e040 f   sfc_debug:sfdb_state_consistency.obj
 0001:0003d1d0       sf_debug_sc_is_state_inconsistent 000000018003e1d0 f   sfc_debug:sfdb_state_consistency.obj
 0001:0003d4d0       sf_debug_sc_fill_consistency_info 000000018003e4d0 f   sfc_debug:sfdb_state_consistency.obj
 0001:0003da80       void_assertion_fcn         000000018003ea80 f   sfc_debug:sfdb_call_stack.obj
 0001:0003e010       sf_debug_tm_fill_local_trace 000000018003f010 f   sfc_debug:sfdb_call_stack.obj
 0001:0003e5b0       sf_debug_cd_terminate_instance 000000018003f5b0 f   sfc_debug:sfdb_cycle_detection.obj
 0001:0003e610       sf_debug_cd_free_checksum_stack 000000018003f610 f   sfc_debug:sfdb_cycle_detection.obj
 0001:0003e660       sf_debug_cd_reset_pack_strings 000000018003f660 f   sfc_debug:sfdb_cycle_detection.obj
 0001:0003ed20       md5file_clear              000000018003fd20 f   sfc_debug:ckmd5.obj
 0001:0003ed50       Encode                     000000018003fd50 f   sfc_debug:ckmd5.obj
 0001:0003eda0       Decode                     000000018003fda0 f   sfc_debug:ckmd5.obj
 0001:0003ee40       MD5Transform               000000018003fe40 f   sfc_debug:ckmd5.obj
 0001:0003f690       md5file_addn               0000000180040690 f   sfc_debug:ckmd5.obj
 0001:0003f760       md5file_hash               0000000180040760 f   sfc_debug:ckmd5.obj
 0001:0003fef8       pre_c_init                 0000000180040ef8 f   MSVCRT:crtdll.obj
 0001:000401b4       __DllMainCRTStartup        00000001800411b4 f   MSVCRT:crtdll.obj
 0001:000408c0       __DllMainCRTStartup$filt$0 00000001800418c0 f   MSVCRT:crtdll.obj
 0001:000408f0       __DllMainCRTStartup$fin$1  00000001800418f0 f   MSVCRT:crtdll.obj
 0001:0004090a       _onexit$fin$0              000000018004190a f   MSVCRT:atonexit.obj
 0001:00040930       _IsNonwritableInCurrentImage$filt$0 0000000180041930 f   MSVCRT:pesect.obj
