 car_model_sfun

 Timestamp is 4cf7f0b1 (Thu Dec 02 14:17:05 2010)

 Preferred load address is 0000000180000000

 Start         Length     Name                   Class
 0001:00000000 0004cc14H .text                   CODE
 0001:0004cc20 00000092H .text$x                 CODE
 0002:00000000 00000458H .idata$5                DATA
 0002:00000458 00000008H .CRT$XCA                DATA
 0002:00000460 00000008H .CRT$XCZ                DATA
 0002:00000468 00000008H .CRT$XIA                DATA
 0002:00000470 00000008H .CRT$XIAA               DATA
 0002:00000478 00000008H .CRT$XIZ                DATA
 0002:00000480 0000469cH .rdata                  DATA
 0002:00004b20 00000008H .rtc$IAA                DATA
 0002:00004b28 00000008H .rtc$IZZ                DATA
 0002:00004b30 00000008H .rtc$TAA                DATA
 0002:00004b38 00000008H .rtc$TZZ                DATA
 0002:00004b40 00004744H .xdata                  DATA
 0002:00009284 000000a0H .idata$2                DATA
 0002:00009324 00000014H .idata$3                DATA
 0002:00009338 00000458H .idata$4                DATA
 0002:00009790 000009c0H .idata$6                DATA
 0002:0000a150 00000054H .edata                  DATA
 0003:00000000 00007568H .data                   DATA
 0003:00007580 000026b8H .bss                    DATA
 0004:00000000 00003714H .pdata                  DATA

  Address         Publics by Value              Rva+Base               Lib:Object

 0000:00000000       ___safe_se_handler_count   0000000000000000     <absolute>
 0000:00000000       ___safe_se_handler_table   0000000000000000     <absolute>
 0000:00000000       __ImageBase                0000000180000000     <linker-defined>
 0001:00000000       sf_c1_car_model_get_eml_resolved_functions_info 0000000180001000 f   c1_car_model.obj
 0001:00000c30       sf_c1_car_model_get_check_sum 0000000180001c30 f   c1_car_model.obj
 0001:00000cb0       sf_c1_car_model_get_autoinheritance_info 0000000180001cb0 f   c1_car_model.obj
 0001:00001250       c1_car_model_method_dispatcher 0000000180002250 f   c1_car_model.obj
 0001:00003550       sf_c2_car_model_get_eml_resolved_functions_info 0000000180004550 f   c2_car_model.obj
 0001:00004440       sf_c2_car_model_get_check_sum 0000000180005440 f   c2_car_model.obj
 0001:000044c0       sf_c2_car_model_get_autoinheritance_info 00000001800054c0 f   c2_car_model.obj
 0001:00004ce0       c2_car_model_method_dispatcher 0000000180005ce0 f   c2_car_model.obj
 0001:000083a0       sf_c3_car_model_get_eml_resolved_functions_info 00000001800093a0 f   c3_car_model.obj
 0001:000099a0       sf_c3_car_model_get_check_sum 000000018000a9a0 f   c3_car_model.obj
 0001:00009a20       sf_c3_car_model_get_autoinheritance_info 000000018000aa20 f   c3_car_model.obj
 0001:00009fc0       c3_car_model_method_dispatcher 000000018000afc0 f   c3_car_model.obj
 0001:0000deb0       sf_c4_car_model_get_eml_resolved_functions_info 000000018000eeb0 f   c4_car_model.obj
 0001:0000f1f0       sf_c4_car_model_get_check_sum 00000001800101f0 f   c4_car_model.obj
 0001:0000f270       sf_c4_car_model_get_autoinheritance_info 0000000180010270 f   c4_car_model.obj
 0001:0000fd20       c4_car_model_method_dispatcher 0000000180010d20 f   c4_car_model.obj
 0001:00013ed0       sf_c5_car_model_get_eml_resolved_functions_info 0000000180014ed0 f   c5_car_model.obj
 0001:00015710       sf_c5_car_model_get_check_sum 0000000180016710 f   c5_car_model.obj
 0001:00015790       sf_c5_car_model_get_autoinheritance_info 0000000180016790 f   c5_car_model.obj
 0001:00015be0       c5_car_model_method_dispatcher 0000000180016be0 f   c5_car_model.obj
 0001:00018410       sf_process_check_sum_call  0000000180019410 f   car_model_sfun_registry.obj
 0001:00018460       sf_process_autoinheritance_call 0000000180019460 f   car_model_sfun_registry.obj
 0001:000184b0       sf_process_get_eml_resolved_functions_info_call 00000001800194b0 f   car_model_sfun_registry.obj
 0001:00018630       sf_mex_unlock_call         0000000180019630 f   car_model_sfun_registry.obj
 0001:000186e0       sf_machine_global_initializer_called 00000001800196e0 f   car_model_sfun_registry.obj
 0001:00018710       sf_machine_global_method_dispatcher 0000000180019710 f   car_model_sfun_registry.obj
 0001:00018770       sf_machine_global_terminator 0000000180019770 f   car_model_sfun_registry.obj
 0001:000187b0       sf_register_machine_exported_symbols 00000001800197b0 f   car_model_sfun_registry.obj
 0001:000187d0       callCustomFcn              00000001800197d0 f   car_model_sfun_registry.obj
 0001:000187e0       sf_machine_global_initializer 00000001800197e0 f   car_model_sfun_registry.obj
 0001:00018850       _ssSetInputPortMatrixDimensions 0000000180019850 f   car_model_sfun_registry.obj
 0001:00018960       _ssSetOutputPortMatrixDimensions 0000000180019960 f   car_model_sfun_registry.obj
 0001:00018a70       _ssSetInputPortVectorDimension 0000000180019a70 f   car_model_sfun_registry.obj
 0001:00018b40       _ssSetOutputPortVectorDimension 0000000180019b40 f   car_model_sfun_registry.obj
 0001:00018c10       ssIsRunTimeParamTunable    0000000180019c10 f   car_model_sfun_registry.obj
 0001:00018c80       ssGetSFuncBlockHandle      0000000180019c80 f   car_model_sfun_registry.obj
 0001:00018cf0       _ssGetCurrentInputPortWidth 0000000180019cf0 f   car_model_sfun_registry.obj
 0001:00018e10       _ssGetCurrentOutputPortWidth 0000000180019e10 f   car_model_sfun_registry.obj
 0001:00018f30       _ssGetCallSystemNumFcnCallDestinations 0000000180019f30 f   car_model_sfun_registry.obj
 0001:00018fa0       ssWarning                  0000000180019fa0 f   car_model_sfun_registry.obj
 0001:000190b0       ssSetIsInputPortUsedForContZcSignal 000000018001a0b0 f   car_model_sfun_registry.obj
 0001:00019120       ssSetZcSignalIsZcElementDisc 000000018001a120 f   car_model_sfun_registry.obj
 0001:000191d0       ssSetZcSignalName          000000018001a1d0 f   car_model_sfun_registry.obj
 0001:00019240       ssSetZcSignalWidth         000000018001a240 f   car_model_sfun_registry.obj
 0001:000192b0       ssSetZcSignalZcEventType   000000018001a2b0 f   car_model_sfun_registry.obj
 0001:00019320       ssSetZcSignalType          000000018001a320 f   car_model_sfun_registry.obj
 0001:00019390       ssSetZcSignalZcTol         000000018001a390 f   car_model_sfun_registry.obj
 0001:00019400       ssSetZcSignalNeedsEventNotification 000000018001a400 f   car_model_sfun_registry.obj
 0001:00019470       ssCreateAndAddZcSignalInfo 000000018001a470 f   car_model_sfun_registry.obj
 0001:000194e0       ssCloneAndAddZcSignalInfo  000000018001a4e0 f   car_model_sfun_registry.obj
 0001:00019550       ssGetNumZcSignals          000000018001a550 f   car_model_sfun_registry.obj
 0001:000195c0       ssGetZcSignalVector        000000018001a5c0 f   car_model_sfun_registry.obj
 0001:00019630       ssGetZcSignalZcEvents      000000018001a630 f   car_model_sfun_registry.obj
 0001:000196a0       ssGetZcSignalName          000000018001a6a0 f   car_model_sfun_registry.obj
 0001:00019710       ssGetZcSignalWidth         000000018001a710 f   car_model_sfun_registry.obj
 0001:00019780       ssGetZcSignalZcEventType   000000018001a780 f   car_model_sfun_registry.obj
 0001:000197f0       ssGetZcSignalType          000000018001a7f0 f   car_model_sfun_registry.obj
 0001:00019860       ssGetZcSignalZcTol         000000018001a860 f   car_model_sfun_registry.obj
 0001:000198e0       ssGetZcSignalNeedsEventNotification 000000018001a8e0 f   car_model_sfun_registry.obj
 0001:00019950       ssGetZcSignalIsZcElementDisc 000000018001a950 f   car_model_sfun_registry.obj
 0001:000199f0       ssGetIsInputPortElementContinuous 000000018001a9f0 f   car_model_sfun_registry.obj
 0001:00019a90       _ssGetInputPortSignalPtrsFcn 000000018001aa90 f   car_model_sfun_registry.obj
 0001:00019d50       _ssGetInputPortSignalFcn   000000018001ad50 f   car_model_sfun_registry.obj
 0001:00019f70       _ssSetInputPortDirectFeedThroughFcn 000000018001af70 f   car_model_sfun_registry.obj
 0001:0001a0d0       _ssSetInputPortReusableFcn 000000018001b0d0 f   car_model_sfun_registry.obj
 0001:0001a1c0       _ssSetOutputPortReusableFcn 000000018001b1c0 f   car_model_sfun_registry.obj
 0001:0001a2a0       ssGetDTypeIdFromMxArray    000000018001b2a0 f   car_model_sfun_registry.obj
 0001:0001a3c0       ssWriteRTWStr              000000018001b3c0 f   car_model_sfun_registry.obj
 0001:0001a420       ssWriteRTWMxVectParam      000000018001b420 f   car_model_sfun_registry.obj
 0001:0001a480       ssWriteRTWMx2dMatParam     000000018001b480 f   car_model_sfun_registry.obj
 0001:0001a500       ssWriteRTWNameValuePair    000000018001b500 f   car_model_sfun_registry.obj
 0001:0001a9f0       ssWriteRTWParameters       000000018001b9f0 f   car_model_sfun_registry.obj
 0001:0001aff0       ssWriteRTWParamSettings    000000018001bff0 f   car_model_sfun_registry.obj
 0001:0001b6c0       ssWriteRTWWorkVect         000000018001c6c0 f   car_model_sfun_registry.obj
 0001:0001bbc0       mexFunction                000000018001cbc0 f   car_model_sfun_registry.obj
 0001:0001d800       ProcessMexSfunctionEveryCall 000000018001e800 f   car_model_sfun_registry.obj
 0001:0001d970       car_model_initializer      000000018001e970 f   car_model_sfun.obj
 0001:0001d990       car_model_terminator       000000018001e990 f   car_model_sfun.obj
 0001:0001d9a0       sf_car_model_method_dispatcher 000000018001e9a0 f   car_model_sfun.obj
 0001:0001da70       sf_car_model_process_check_sum_call 000000018001ea70 f   car_model_sfun.obj
 0001:0001ded0       sf_car_model_autoinheritance_info 000000018001eed0 f   car_model_sfun.obj
 0001:0001e020       sf_car_model_get_eml_resolved_functions_info 000000018001f020 f   car_model_sfun.obj
 0001:0001e260       car_model_debug_initialize 000000018001f260 f   car_model_sfun.obj
 0001:0001e2d0       car_model_register_exported_symbols 000000018001f2d0 f   car_model_sfun.obj
 0001:0001e380       sf_mex_mx_is_numeric       000000018001f380 f   sfc_mex:sfc_mex.obj
 0001:0001e3c0       strcmp_ignore_ws           000000018001f3c0 f   sfc_mex:sfc_mex.obj
 0001:0001e500       sf_mex_duplicatearraysafe  000000018001f500 f   sfc_mex:sfc_mex.obj
 0001:0001e660       sf_set_error_debugger_context_message_fcn 000000018001f660 f   sfc_mex:sfc_mex.obj
 0001:0001e670       sf_set_debugger_matlab_error_fcn 000000018001f670 f   sfc_mex:sfc_mex.obj
 0001:0001e6a0       sf_set_error_prefix_string 000000018001f6a0 f   sfc_mex:sfc_mex.obj
 0001:0001e6d0       sf_get_error_prefix_string 000000018001f6d0 f   sfc_mex:sfc_mex.obj
 0001:0001e6e0       sf_get_current_jmp_buf_ptr 000000018001f6e0 f   sfc_mex:sfc_mex.obj
 0001:0001e6f0       sf_set_current_jmp_buf_ptr 000000018001f6f0 f   sfc_mex:sfc_mex.obj
 0001:0001e700       sf_mex_set_halt_simulation 000000018001f700 f   sfc_mex:sfc_mex.obj
 0001:0001e710       sf_mex_get_halt_simulation 000000018001f710 f   sfc_mex:sfc_mex.obj
 0001:0001e720       sf_mex_clear_error_message 000000018001f720 f   sfc_mex:sfc_mex.obj
 0001:0001e740       sf_mex_get_error_message_for_read 000000018001f740 f   sfc_mex:sfc_mex.obj
 0001:0001e750       sf_mex_get_error_message_buffer_length 000000018001f750 f   sfc_mex:sfc_mex.obj
 0001:0001e840       sf_mex_warning_message     000000018001f840 f   sfc_mex:sfc_mex.obj
 0001:0001e8b0       sf_mex_v_errbuf_createf    000000018001f8b0 f   sfc_mex:sfc_mex.obj
 0001:0001e8c0       sf_mex_errbuf_createf      000000018001f8c0 f   sfc_mex:sfc_mex.obj
 0001:0001e8f0       sf_mex_v_errbuf_catf       000000018001f8f0 f   sfc_mex:sfc_mex.obj
 0001:0001e930       sf_mex_errbuf_catf         000000018001f930 f   sfc_mex:sfc_mex.obj
 0001:0001e980       sf_mex_errbuf_copy         000000018001f980 f   sfc_mex:sfc_mex.obj
 0001:0001e990       sf_mex_errbuf_clear        000000018001f990 f   sfc_mex:sfc_mex.obj
 0001:0001e9a0       sf_mex_errbuf_isempty      000000018001f9a0 f   sfc_mex:sfc_mex.obj
 0001:0001eab0       sf_mex_set_error_status    000000018001fab0 f   sfc_mex:sfc_mex.obj
 0001:0001eb00       sf_mex_error_direct_call   000000018001fb00 f   sfc_mex:sfc_mex.obj
 0001:0001eb20       sf_mex_long_jump_on_error  000000018001fb20 f   sfc_mex:sfc_mex.obj
 0001:0001eb50       sf_mex_call_matlab         000000018001fb50 f   sfc_mex:sfc_mex.obj
 0001:0001ec70       sf_mex_check_builtin       000000018001fc70 f   sfc_mex:sfc_mex.obj
 0001:0001ecb0       sf_mex_check_builtin_vs    000000018001fcb0 f   sfc_mex:sfc_mex.obj
 0001:0001ed10       sf_mex_check_enum          000000018001fd10 f   sfc_mex:sfc_mex.obj
 0001:0001ed40       sf_mex_create_enum         000000018001fd40 f   sfc_mex:sfc_mex.obj
 0001:0001ed60       sf_mex_get_enum_element    000000018001fd60 f   sfc_mex:sfc_mex.obj
 0001:0001ed70       sf_mex_createcellarray     000000018001fd70 f   sfc_mex:sfc_mex.obj
 0001:0001ed80       sf_mex_setcell             000000018001fd80 f   sfc_mex:sfc_mex.obj
 0001:0001ed90       sf_mex_getcell             000000018001fd90 f   sfc_mex:sfc_mex.obj
 0001:0001eda0       sf_mex_dup                 000000018001fda0 f   sfc_mex:sfc_mex.obj
 0001:0001edc0       sf_mex_assign              000000018001fdc0 f   sfc_mex:sfc_mex.obj
 0001:0001ee20       sf_mex_destroy             000000018001fe20 f   sfc_mex:sfc_mex.obj
 0001:0001ee50       mx_array_has_fi_type       000000018001fe50 f   sfc_mex:sfc_mex.obj
 0001:0001ee80       sf_mex_convert_from_fi     000000018001fe80 f   sfc_mex:sfc_mex.obj
 0001:0001efe0       sf_mex_convert_to_double   000000018001ffe0 f   sfc_mex:sfc_mex.obj
 0001:0001f100       sf_mex_import_fi_vs        0000000180020100 f   sfc_mex:sfc_mex.obj
 0001:0001f330       sf_matrix_matrix_index_ok  0000000180020330 f   sfc_mex:sfc_mex.obj
 0001:0001f3c0       ssGetCurrentInputPortDimensions_wrapper 00000001800203c0 f   sfc_mex:sfc_mex.obj
 0001:0001f3e0       ssGetCurrentOutputPortDimensions_wrapper 00000001800203e0 f   sfc_mex:sfc_mex.obj
 0001:0001f400       sf_mex_emlrt_context_is_debug_mode 0000000180020400 f   sfc_mex:sfc_mex.obj
 0001:0001f410       sf_mex_emlrt_context_set_debug_mode 0000000180020410 f   sfc_mex:sfc_mex.obj
 0001:0001f420       sf_clear_error_manager_info 0000000180020420 f   sfc_mex:sfc_mex.obj
 0001:0001f470       sf_mex_stop_simulation_abruptly_wo_error 0000000180020470 f   sfc_mex:sfc_mex.obj
 0001:0001f4b0       sf_mex_error_message       00000001800204b0 f   sfc_mex:sfc_mex.obj
 0001:0001f510       sf_react_to_error_in_matlab_call 0000000180020510 f   sfc_mex:sfc_mex.obj
 0001:0001f540       sf_mex_addfield            0000000180020540 f   sfc_mex:sfc_mex.obj
 0001:0001f5e0       sf_mex_getfield            00000001800205e0 f   sfc_mex:sfc_mex.obj
 0001:0001f890       sf_mex_check_class         0000000180020890 f   sfc_mex:sfc_mex.obj
 0001:0001f920       sf_mex_is_real             0000000180020920 f   sfc_mex:sfc_mex.obj
 0001:0001fa40       sf_mex_check_complex       0000000180020a40 f   sfc_mex:sfc_mex.obj
 0001:0001faa0       sf_mex_check_sparse        0000000180020aa0 f   sfc_mex:sfc_mex.obj
 0001:0001fb10       sf_mex_check_numerictype   0000000180020b10 f   sfc_mex:sfc_mex.obj
 0001:0001fd70       sf_mex_check_fimath        0000000180020d70 f   sfc_mex:sfc_mex.obj
 0001:0001ffd0       sf_mex_decode_encoded_mx_struct_array 0000000180020fd0 f   sfc_mex:sfc_mex.obj
 0001:000202a0       sf_mex_lw_bounds_check     00000001800212a0 f   sfc_mex:sfc_mex.obj
 0001:000202d0       sf_mex_lw_size_eq_check_1d 00000001800212d0 f   sfc_mex:sfc_mex.obj
 0001:000202f0       sf_mex_lw_size_eq_check_nd 00000001800212f0 f   sfc_mex:sfc_mex.obj
 0001:000204e0       sf_mex_lw_dim_size_eq_check 00000001800214e0 f   sfc_mex:sfc_mex.obj
 0001:00020510       sf_mex_lw_dim_size_geq_check 0000000180021510 f   sfc_mex:sfc_mex.obj
 0001:00020540       sf_mex_lw_sub_assign_size_check_nd 0000000180021540 f   sfc_mex:sfc_mex.obj
 0001:00020780       sf_mex_lw_matrix_matrix_index_check 0000000180021780 f   sfc_mex:sfc_mex.obj
 0001:00020810       sf_mex_lw_non_negative_check 0000000180021810 f   sfc_mex:sfc_mex.obj
 0001:00020850       sf_mex_overflow_error      0000000180021850 f   sfc_mex:sfc_mex.obj
 0001:00020860       sf_mex_dividebyzero_error  0000000180021860 f   sfc_mex:sfc_mex.obj
 0001:00020870       sf_mex_unsafe_enum_error   0000000180021870 f   sfc_mex:sfc_mex.obj
 0001:00020880       sf_emlrtErrHandler         0000000180021880 f   sfc_mex:sfc_mex.obj
 0001:000208c0       sf_mex_printf              00000001800218c0 f   sfc_mex:sfc_mex.obj
 0001:00020af0       sf_mex_check_size          0000000180021af0 f   sfc_mex:sfc_mex.obj
 0001:00020df0       sf_mex_check_struct        0000000180021df0 f   sfc_mex:sfc_mex.obj
 0001:00020fb0       sf_mex_check_struct_vs     0000000180021fb0 f   sfc_mex:sfc_mex.obj
 0001:00021040       sf_mex_check_fi            0000000180022040 f   sfc_mex:sfc_mex.obj
 0001:000212a0       sf_mex_check_fi_vs         00000001800222a0 f   sfc_mex:sfc_mex.obj
 0001:00021340       sf_echo_expression         0000000180022340 f   sfc_mex:sfc_mex.obj
 0001:000213a0       sf_assertion_failed        00000001800223a0 f   sfc_mex:sfc_mex.obj
 0001:00021570       sf_mex_evalin              0000000180022570 f   sfc_mex:sfc_mex.obj
 0001:00021890       sf_mex_export              0000000180022890 f   sfc_mex:sfc_mex.obj
 0001:00021930       sf_mex_get_ml_var_no_error 0000000180022930 f   sfc_mex:sfc_mex.obj
 0001:00021bb0       sf_mex_get_ml_var          0000000180022bb0 f   sfc_mex:sfc_mex.obj
 0001:00021f30       ml_set_element_value_in_array 0000000180022f30 f   sfc_mex:sfc_mex.obj
 0001:000233c0       sf_mex_call_impl           00000001800243c0 f   sfc_mex:sfc_mex.obj
 0001:00023980       sf_mex_call_debug          0000000180024980 f   sfc_mex:sfc_mex.obj
 0001:000239b0       sf_mex_call                00000001800249b0 f   sfc_mex:sfc_mex.obj
 0001:00023fc0       sf_mex_createstruct        0000000180024fc0 f   sfc_mex:sfc_mex.obj
 0001:000240b0       sf_mex_createstructarray   00000001800250b0 f   sfc_mex:sfc_mex.obj
 0001:00024130       sf_mex_get_mx_datatype_from_sf_datatype 0000000180025130 f   sfc_mex:sfc_mex.obj
 0001:00024440       sf_mex_ml_var_sub          0000000180025440 f   sfc_mex:sfc_mex.obj
 0001:00024610       sf_mex_ml_var_subsasgn     0000000180025610 f   sfc_mex:sfc_mex.obj
 0001:00024a20       sf_mex_sub                 0000000180025a20 f   sfc_mex:sfc_mex.obj
 0001:00024c40       sf_mex_subsasgn            0000000180025c40 f   sfc_mex:sfc_mex.obj
 0001:000258a0       sf_mex_create              00000001800268a0 f   sfc_mex:sfc_mex.obj
 0001:00026720       sf_mex_import              0000000180027720 f   sfc_mex:sfc_mex.obj
 0001:00026830       sf_mex_import_vs           0000000180027830 f   sfc_mex:sfc_mex.obj
 0001:00026940       sf_mex_lower_fixpt_mx_array 0000000180027940 f   sfc_mex:sfc_mex.obj
 0001:00026f80       sim_mode_is_rtw_gen        0000000180027f80 f   sfc_mex:sfc_sf.obj
 0001:00026fb0       sim_mode_is_external       0000000180027fb0 f   sfc_mex:sfc_sf.obj
 0001:00026fc0       mdlInitializeSizes         0000000180027fc0 f   sfc_mex:sfc_sf.obj
 0001:00026fe0       mdlInitializeSampleTimes   0000000180027fe0 f   sfc_mex:sfc_sf.obj
 0001:00027020       mdlZeroCrossings           0000000180028020 f   sfc_mex:sfc_sf.obj
 0001:00027100       mdlDerivatives             0000000180028100 f   sfc_mex:sfc_sf.obj
 0001:000271b0       mdl_initialize_conditions_processing 00000001800281b0 f   sfc_mex:sfc_sf.obj
 0001:000271e0       mdlInitializeConditions    00000001800281e0 f   sfc_mex:sfc_sf.obj
 0001:000272a0       mdlGetSimState             00000001800282a0 f   sfc_mex:sfc_sf.obj
 0001:000272b0       mdlSetSimState             00000001800282b0 f   sfc_mex:sfc_sf.obj
 0001:000272c0       mdl_ext_mode_exec_processing 00000001800282c0 f   sfc_mex:sfc_sf.obj
 0001:000272e0       mdlExtModeExec             00000001800282e0 f   sfc_mex:sfc_sf.obj
 0001:00027540       mdlTerminate               0000000180028540 f   sfc_mex:sfc_sf.obj
 0001:000275b0       mdlRTW                     00000001800285b0 f   sfc_mex:sfc_sf.obj
 0001:000275e0       mdlSetWorkWidths           00000001800285e0 f   sfc_mex:sfc_sf.obj
 0001:000275f0       mdlProcessParameters       00000001800285f0 f   sfc_mex:sfc_sf.obj
 0001:00027600       mdl_start_processing       0000000180028600 f   sfc_mex:sfc_sf.obj
 0001:00027640       mdlStart                   0000000180028640 f   sfc_mex:sfc_sf.obj
 0001:00027730       mdlEnable                  0000000180028730 f   sfc_mex:sfc_sf.obj
 0001:00027800       mdlDisable                 0000000180028800 f   sfc_mex:sfc_sf.obj
 0001:000278b0       sf_get_chart_instance_ptr  00000001800288b0 f   sfc_mex:sfc_sf.obj
 0001:000278d0       sf_rtw_info_uint_prop      00000001800288d0 f   sfc_mex:sfc_sf.obj
 0001:00027a20       sf_is_chart_inlinable      0000000180028a20 f   sfc_mex:sfc_sf.obj
 0001:00027a30       sf_mark_output_events_with_multiple_callers 0000000180028a30 f   sfc_mex:sfc_sf.obj
 0001:00027bd0       sf_mark_chart_reusable_outputs 0000000180028bd0 f   sfc_mex:sfc_sf.obj
 0001:00027e30       sf_mark_chart_expressionable_inputs 0000000180028e30 f   sfc_mex:sfc_sf.obj
 0001:00028180       sf_get_subchart_simstruct  0000000180029180 f   sfc_mex:sfc_sf.obj
 0001:000281d0       sf_write_symbol_mapping    00000001800291d0 f   sfc_mex:sfc_sf.obj
 0001:00028400       sf_get_fixpt_data_type_id  0000000180029400 f   sfc_mex:sfc_sf.obj
 0001:00028440       sf_get_enum_data_type_id   0000000180029440 f   sfc_mex:sfc_sf.obj
 0001:00028480       sf_get_param_data_type_id  0000000180029480 f   sfc_mex:sfc_sf.obj
 0001:000284b0       sf_mex_listen_for_ctrl_c_force 00000001800294b0 f   sfc_mex:sfc_sf.obj
 0001:000285c0       sf_mex_draw_now            00000001800295c0 f   sfc_mex:sfc_sf.obj
 0001:00028600       sf_mex_set_debugger_sim_status_listener_fcn 0000000180029600 f   sfc_mex:sfc_sf.obj
 0001:00028610       sf_mex_listen_for_ctrl_c   0000000180029610 f   sfc_mex:sfc_sf.obj
 0001:000286a0       sf_mex_get_sfun_param      00000001800296a0 f   sfc_mex:sfc_sf.obj
 0001:000286f0       sf_get_runtime_param_data  00000001800296f0 f   sfc_mex:sfc_sf.obj
 0001:00028730       sf_call_output_fcn_call    0000000180029730 f   sfc_mex:sfc_sf.obj
 0001:00028870       sf_call_output_fcn_enable  0000000180029870 f   sfc_mex:sfc_sf.obj
 0001:00028900       sf_call_output_fcn_disable 0000000180029900 f   sfc_mex:sfc_sf.obj
 0001:00028990       sf_clear_rtw_identifier    0000000180029990 f   sfc_mex:sfc_sf.obj
 0001:00029120       sf_set_encoded_dwork_info  000000018002a120 f   sfc_mex:sfc_sf.obj
 0001:00029320       sf_set_rtw_dwork_info      000000018002a320 f   sfc_mex:sfc_sf.obj
 0001:00029760       mdlOutputs                 000000018002a760 f   sfc_mex:sfc_sf.obj
 0001:000298a0       sf_debug_disp              000000018002a8a0 f   sfc_debug:sfcdebug.obj
 0001:00029b70       sf_debug_data_runtime_size_mismatch_error_check 000000018002ab70 f   sfc_debug:sfcdebug.obj
 0001:00029c10       sf_debug_try_loading_machine 000000018002ac10 f   sfc_debug:sfcdebug.obj
 0001:00029d10       sf_debug_reset_current_state_configuration 000000018002ad10 f   sfc_debug:sfcdebug.obj
 0001:00029da0       sf_debug_store_current_state_configuration 000000018002ada0 f   sfc_debug:sfcdebug.obj
 0001:00029e30       sf_debug_restore_previous_state_configuration 000000018002ae30 f   sfc_debug:sfcdebug.obj
 0001:00029ec0       sf_debug_restore_previous_state_configuration2 000000018002aec0 f   sfc_debug:sfcdebug.obj
 0001:00029f50       sf_debug_get_event_scope   000000018002af50 f   sfc_debug:sfcdebug.obj
 0001:0002a0c0       use_debugger_step_animation 000000018002b0c0 f   sfc_debug:sfcdebug.obj
 0001:0002a0e0       sf_debug_get_script_id     000000018002b0e0 f   sfc_debug:sfcdebug.obj
 0001:0002a170       sf_debug_set_script_translation 000000018002b170 f   sfc_debug:sfcdebug.obj
 0001:0002a230       sf_debug_get_current_machine_id 000000018002b230 f   sfc_debug:sfcdebug.obj
 0001:0002a250       sf_debug_get_current_optional_integer 000000018002b250 f   sfc_debug:sfcdebug.obj
 0001:0002a260       sf_debug_get_current_machine_number 000000018002b260 f   sfc_debug:sfcdebug.obj
 0001:0002a280       sf_debug_get_current_machine_name 000000018002b280 f   sfc_debug:sfcdebug.obj
 0001:0002a2a0       sf_debug_get_current_chart_id 000000018002b2a0 f   sfc_debug:sfcdebug.obj
 0001:0002a2f0       sf_debug_get_current_chart_number 000000018002b2f0 f   sfc_debug:sfcdebug.obj
 0001:0002a300       sf_debug_get_current_instance_number 000000018002b300 f   sfc_debug:sfcdebug.obj
 0001:0002a310       sf_debug_get_current_is_minor_time_step 000000018002b310 f   sfc_debug:sfcdebug.obj
 0001:0002a390       sf_debug_get_current_object_type 000000018002b390 f   sfc_debug:sfcdebug.obj
 0001:0002a3a0       sf_debug_get_current_instance_handle 000000018002b3a0 f   sfc_debug:sfcdebug.obj
 0001:0002a400       sf_debug_get_current_event_type 000000018002b400 f   sfc_debug:sfcdebug.obj
 0001:0002a410       sf_debug_get_current_object_id 000000018002b410 f   sfc_debug:sfcdebug.obj
 0001:0002a450       sf_debug_get_current_active_event_type 000000018002b450 f   sfc_debug:sfcdebug.obj
 0001:0002a460       sf_debug_get_current_active_event_id 000000018002b460 f   sfc_debug:sfcdebug.obj
 0001:0002a4a0       sf_debug_get_current_tag_type 000000018002b4a0 f   sfc_debug:sfcdebug.obj
 0001:0002a4b0       sf_debug_get_current_simulation_time 000000018002b4b0 f   sfc_debug:sfcdebug.obj
 0001:0002a4c0       sf_debug_get_current_coverage_percentage 000000018002b4c0 f   sfc_debug:sfcdebug.obj
 0001:0002a4d0       sf_debug_current_statement_context 000000018002b4d0 f   sfc_debug:sfcdebug.obj
 0001:0002a560       sf_debug_get_current_statement_info 000000018002b560 f   sfc_debug:sfcdebug.obj
 0001:0002a6e0       sf_debug_terminate_instance 000000018002b6e0 f   sfc_debug:sfcdebug.obj
 0001:0002aa00       sf_debug_assertion_failed  000000018002ba00 f   sfc_debug:sfcdebug.obj
 0001:0002abb0       sf_debug_set_number_of_data_with_change_event_for_machine 000000018002bbb0 f   sfc_debug:sfcdebug.obj
 0001:0002abf0       sf_debug_set_machine_event_thresholds 000000018002bbf0 f   sfc_debug:sfcdebug.obj
 0001:0002ac10       sf_debug_set_machine_event_scope 000000018002bc10 f   sfc_debug:sfcdebug.obj
 0001:0002ac50       sf_debug_set_machine_data_thresholds 000000018002bc50 f   sfc_debug:sfcdebug.obj
 0001:0002ac90       sf_debug_set_machine_data_scope 000000018002bc90 f   sfc_debug:sfcdebug.obj
 0001:0002ad20       sf_debug_set_machine_data_name 000000018002bd20 f   sfc_debug:sfcdebug.obj
 0001:0002adc0       sf_debug_set_machine_data_size 000000018002bdc0 f   sfc_debug:sfcdebug.obj
 0001:0002af00       sf_debug_set_machine_data_type 000000018002bf00 f   sfc_debug:sfcdebug.obj
 0001:0002b070       sf_debug_get_chart_data_number 000000018002c070 f   sfc_debug:sfcdebug.obj
 0001:0002b090       sf_debug_get_chart_event_number 000000018002c090 f   sfc_debug:sfcdebug.obj
 0001:0002b0b0       sf_debug_set_chart_state_info 000000018002c0b0 f   sfc_debug:sfcdebug.obj
 0001:0002b130       sf_debug_set_chart_decomposition 000000018002c130 f   sfc_debug:sfcdebug.obj
 0001:0002b1a0       sf_debug_set_chart_substate_count 000000018002c1a0 f   sfc_debug:sfcdebug.obj
 0001:0002b280       sf_debug_set_chart_substate_index 000000018002c280 f   sfc_debug:sfcdebug.obj
 0001:0002b2f0       sf_debug_set_chart_state_substate_count 000000018002c2f0 f   sfc_debug:sfcdebug.obj
 0001:0002b400       sf_debug_set_chart_state_substate_index 000000018002c400 f   sfc_debug:sfcdebug.obj
 0001:0002b480       sf_debug_set_number_of_data_with_change_event_for_chart 000000018002c480 f   sfc_debug:sfcdebug.obj
 0001:0002b500       sf_debug_set_number_of_states_with_entry_event_for_chart 000000018002c500 f   sfc_debug:sfcdebug.obj
 0001:0002b570       sf_debug_set_number_of_states_with_exit_event_for_chart 000000018002c570 f   sfc_debug:sfcdebug.obj
 0001:0002b5e0       sf_debug_set_chart_disable_implicit_casting 000000018002c5e0 f   sfc_debug:sfcdebug.obj
 0001:0002b650       sf_debug_set_chart_event_thresholds 000000018002c650 f   sfc_debug:sfcdebug.obj
 0001:0002b6c0       sf_debug_set_chart_data_props 000000018002c6c0 f   sfc_debug:sfcdebug.obj
 0001:0002bc80       sf_debug_check_fi_license  000000018002cc80 f   sfc_debug:sfcdebug.obj
 0001:0002be70       sf_debug_symbol_scope_push 000000018002ce70 f   sfc_debug:sfcdebug.obj
 0001:0002bf50       sf_debug_symbol_scope_push_eml 000000018002cf50 f   sfc_debug:sfcdebug.obj
 0001:0002c030       sf_debug_symbol_scope_pop  000000018002d030 f   sfc_debug:sfcdebug.obj
 0001:0002c070       sf_debug_symbol_scope_add  000000018002d070 f   sfc_debug:sfcdebug.obj
 0001:0002c0f0       sf_debug_symbol_scope_add_eml 000000018002d0f0 f   sfc_debug:sfcdebug.obj
 0001:0002c130       sf_debug_symbol_scope_add_dyn 000000018002d130 f   sfc_debug:sfcdebug.obj
 0001:0002c1e0       sf_debug_symbol_scope_add_eml_dyn 000000018002d1e0 f   sfc_debug:sfcdebug.obj
 0001:0002c240       sf_debug_symbol_switch     000000018002d240 f   sfc_debug:sfcdebug.obj
 0001:0002c260       sf_debug_symbol_scope_add_verbose 000000018002d260 f   sfc_debug:sfcdebug.obj
 0001:0002c330       sf_debug_set_machine_data_value_ptr 000000018002d330 f   sfc_debug:sfcdebug.obj
 0001:0002c370       sf_debug_set_instance_data_value_ptr 000000018002d370 f   sfc_debug:sfcdebug.obj
 0001:0002c430       sf_debug_unset_instance_data_value_ptr 000000018002d430 f   sfc_debug:sfcdebug.obj
 0001:0002c4e0       sf_debug_set_chart_event_scope 000000018002d4e0 f   sfc_debug:sfcdebug.obj
 0001:0002c560       sf_debug_set_chart_transition_coverage_maps 000000018002d560 f   sfc_debug:sfcdebug.obj
 0001:0002c670       sf_debug_set_chart_state_coverage_maps 000000018002d670 f   sfc_debug:sfcdebug.obj
 0001:0002c750       sf_debug_set_instance_transition_coverage_weights 000000018002d750 f   sfc_debug:sfcdebug.obj
 0001:0002c7f0       sf_debug_set_instance_state_coverage_weights 000000018002d7f0 f   sfc_debug:sfcdebug.obj
 0001:0002ca40       sf_debug_unload_machine    000000018002da40 f   sfc_debug:sfcdebug.obj
 0001:0002ca90       sf_debug_load_machine      000000018002da90 f   sfc_debug:sfcdebug.obj
 0001:0002cba0       sf_debug_set_active_instance_in_data_dictionary 000000018002dba0 f   sfc_debug:sfcdebug.obj
 0001:0002cd80       sf_debug_set_active_instance 000000018002dd80 f   sfc_debug:sfcdebug.obj
 0001:0002ced0       sf_debug_chart_visiblity_change 000000018002ded0 f   sfc_debug:sfcdebug.obj
 0001:0002cfb0       sf_debug_select_chart      000000018002dfb0 f   sfc_debug:sfcdebug.obj
 0001:0002d090       sf_debug_set_instance_cv_ids 000000018002e090 f   sfc_debug:sfcdebug.obj
 0001:0002d3b0       sf_debug_select_charts     000000018002e3b0 f   sfc_debug:sfcdebug.obj
 0001:0002d4f0       sf_debug_initialized       000000018002e4f0 f   sfc_debug:sfcdebug.obj
 0001:0002d500       sf_debug_is_uninterruptible 000000018002e500 f   sfc_debug:sfcdebug.obj
 0001:0002d530       sf_debug_initialize_debugger_gui 000000018002e530 f   sfc_debug:sfcdebug.obj
 0001:0002d910       sf_debug_resume            000000018002e910 f   sfc_debug:sfcdebug.obj
 0001:0002d930       sf_debug_go                000000018002e930 f   sfc_debug:sfcdebug.obj
 0001:0002d940       sf_debug_break             000000018002e940 f   sfc_debug:sfcdebug.obj
 0001:0002d950       sf_debug_step_over         000000018002e950 f   sfc_debug:sfcdebug.obj
 0001:0002d960       sf_debug_step_out          000000018002e960 f   sfc_debug:sfcdebug.obj
 0001:0002d970       sf_debug_set_disable_all_breakpoints 000000018002e970 f   sfc_debug:sfcdebug.obj
 0001:0002d980       sf_debug_disable_all_breakpoints_and_go 000000018002e980 f   sfc_debug:sfcdebug.obj
 0001:0002d990       sf_debug_break_on_chart_entry 000000018002e990 f   sfc_debug:sfcdebug.obj
 0001:0002d9a0       sf_debug_break_on_event_broadcast 000000018002e9a0 f   sfc_debug:sfcdebug.obj
 0001:0002d9b0       sf_debug_break_on_state_entry 000000018002e9b0 f   sfc_debug:sfcdebug.obj
 0001:0002d9c0       sf_debug_break_between_times 000000018002e9c0 f   sfc_debug:sfcdebug.obj
 0001:0002d9e0       sf_debug_browse_data       000000018002e9e0 f   sfc_debug:sfcdebug.obj
 0001:0002da00       sf_debug_watch_data        000000018002ea00 f   sfc_debug:sfcdebug.obj
 0001:0002da20       sf_debug_whos              000000018002ea20 f   sfc_debug:sfcdebug.obj
 0001:0002da40       sf_debug_get_consistency_info 000000018002ea40 f   sfc_debug:sfcdebug.obj
 0001:0002da50       sf_debug_browse_trace      000000018002ea50 f   sfc_debug:sfcdebug.obj
 0001:0002da60       sf_debug_set_breakpoints   000000018002ea60 f   sfc_debug:sfcdebug.obj
 0001:0002dbb0       sf_debug_set_eml_breakpoints 000000018002ebb0 f   sfc_debug:sfcdebug.obj
 0001:0002dd10       sf_debug_set_script_breakpoints 000000018002ed10 f   sfc_debug:sfcdebug.obj
 0001:0002dd90       sf_debug_add_script_breakpoints 000000018002ed90 f   sfc_debug:sfcdebug.obj
 0001:0002de00       sf_debug_clear_script_breakpoints 000000018002ee00 f   sfc_debug:sfcdebug.obj
 0001:0002de70       sf_debug_query_script_breakpoints 000000018002ee70 f   sfc_debug:sfcdebug.obj
 0001:0002df30       sf_debug_get_eml_script_id 000000018002ef30 f   sfc_debug:sfcdebug.obj
 0001:0002dff0       sf_debug_set_watch         000000018002eff0 f   sfc_debug:sfcdebug.obj
 0001:0002e220       sf_debug_get_coverage      000000018002f220 f   sfc_debug:sfcdebug.obj
 0001:0002e230       sf_debug_get_instance_handle 000000018002f230 f   sfc_debug:sfcdebug.obj
 0001:0002e2c0       sf_debug_get_active_states 000000018002f2c0 f   sfc_debug:sfcdebug.obj
 0001:0002e2d0       sf_debug_get_animation     000000018002f2d0 f   sfc_debug:sfcdebug.obj
 0001:0002e2e0       sf_debug_set_animation     000000018002f2e0 f   sfc_debug:sfcdebug.obj
 0001:0002e2f0       sf_debug_animate           000000018002f2f0 f   sfc_debug:sfcdebug.obj
 0001:0002e320       sf_debug_cycle_detection_check 000000018002f320 f   sfc_debug:sfcdebug.obj
 0001:0002e330       sf_debug_data_range_check  000000018002f330 f   sfc_debug:sfcdebug.obj
 0001:0002e340       sf_debug_transition_conflict_check 000000018002f340 f   sfc_debug:sfcdebug.obj
 0001:0002e350       sf_debug_state_consistency_check 000000018002f350 f   sfc_debug:sfcdebug.obj
 0001:0002e360       sf_debug_data_range_check_enabled 000000018002f360 f   sfc_debug:sfcdebug.obj
 0001:0002e380       sf_debug_transition_conflict_check_enabled 000000018002f380 f   sfc_debug:sfcdebug.obj
 0001:0002e3a0       sf_debug_transition_conflict_check_begin 000000018002f3a0 f   sfc_debug:sfcdebug.obj
 0001:0002e3c0       sf_debug_transition_conflict_check_end 000000018002f3c0 f   sfc_debug:sfcdebug.obj
 0001:0002e3e0       sf_debug_stop_debugging    000000018002f3e0 f   sfc_debug:sfcdebug.obj
 0001:0002e410       sf_debug_is_cycle_detected 000000018002f410 f   sfc_debug:sfcdebug.obj
 0001:0002e420       sf_debug_is_array_bounds_detected 000000018002f420 f   sfc_debug:sfcdebug.obj
 0001:0002e430       sf_debug_get_state_vectors_data_size 000000018002f430 f   sfc_debug:sfcdebug.obj
 0001:0002e470       sf_debug_get_state_vectors_data 000000018002f470 f   sfc_debug:sfcdebug.obj
 0001:0002e580       sf_debug_set_state_vectors_data 000000018002f580 f   sfc_debug:sfcdebug.obj
 0001:0002e860       sf_debug_get_script_index  000000018002f860 f   sfc_debug:sfcdebug.obj
 0001:0002e9e0       sf_debug_add_script        000000018002f9e0 f   sfc_debug:sfcdebug.obj
 0001:0002ebc0       cv_eval_point              000000018002fbc0 f   sfc_debug:sfcdebug.obj
 0001:0002ed30       sf_debug_cv_init_state     000000018002fd30 f   sfc_debug:sfcdebug.obj
 0001:0002ee50       sf_debug_cv_init_chart     000000018002fe50 f   sfc_debug:sfcdebug.obj
 0001:0002ef30       sf_debug_cv_init_trans     000000018002ff30 f   sfc_debug:sfcdebug.obj
 0001:0002f0a0       cv_eml_init_script         00000001800300a0 f   sfc_debug:sfcdebug.obj
 0001:0002f1d0       cv_eml_init_fcn            00000001800301d0 f   sfc_debug:sfcdebug.obj
 0001:0002f2d0       cv_eml_init_testobjective  00000001800302d0 f   sfc_debug:sfcdebug.obj
 0001:0002f3d0       cv_eml_init_if             00000001800303d0 f   sfc_debug:sfcdebug.obj
 0001:0002f4d0       cv_eml_init_for            00000001800304d0 f   sfc_debug:sfcdebug.obj
 0001:0002f5c0       cv_eml_init_while          00000001800305c0 f   sfc_debug:sfcdebug.obj
 0001:0002f6b0       cv_eml_init_mcdc           00000001800306b0 f   sfc_debug:sfcdebug.obj
 0001:0002f7f0       cv_eml_init_switch         00000001800307f0 f   sfc_debug:sfcdebug.obj
 0001:0002f910       cv_eml_eval                0000000180030910 f   sfc_debug:sfcdebug.obj
 0001:0002fa10       sf_debug_bm_is_a_eml_breakpoint 0000000180030a10 f   sfc_debug:sfcdebug.obj
 0001:0002fc00       sf_debug_temporal_threshold 0000000180030c00 f   sfc_debug:sfcdebug.obj
 0001:0002ffa0       sf_debug_transition_conflict_error 0000000180030fa0 f   sfc_debug:sfcdebug.obj
 0001:00030300       sf_debug_state_inconsistency_error 0000000180031300 f   sfc_debug:sfcdebug.obj
 0001:00030410       sf_debug_check_for_state_inconsistency 0000000180031410 f   sfc_debug:sfcdebug.obj
 0001:00030440       sf_debug_cycle_detecton_error 0000000180031440 f   sfc_debug:sfcdebug.obj
 0001:00030bb0       sf_debug_size_eq_check_1d  0000000180031bb0 f   sfc_debug:sfcdebug.obj
 0001:00030bd0       sf_debug_size_eq_check_nd  0000000180031bd0 f   sfc_debug:sfcdebug.obj
 0001:00030dc0       sf_debug_dim_size_eq_check 0000000180031dc0 f   sfc_debug:sfcdebug.obj
 0001:00030df0       sf_debug_dim_size_geq_check 0000000180031df0 f   sfc_debug:sfcdebug.obj
 0001:00030e20       sf_debug_sub_assign_size_check_nd 0000000180031e20 f   sfc_debug:sfcdebug.obj
 0001:00031070       sf_debug_matrix_matrix_index_check 0000000180032070 f   sfc_debug:sfcdebug.obj
 0001:00031090       sf_debug_data_array_bounds_error_check 0000000180032090 f   sfc_debug:sfcdebug.obj
 0001:000311a0       sf_debug_eml_data_array_bounds_error_check 00000001800321a0 f   sfc_debug:sfcdebug.obj
 0001:00031660       sf_debug_integer_check     0000000180032660 f   sfc_debug:sfcdebug.obj
 0001:00031730       sf_debug_not_nan_check     0000000180032730 f   sfc_debug:sfcdebug.obj
 0001:000317f0       sf_debug_non_negative_check 00000001800327f0 f   sfc_debug:sfcdebug.obj
 0001:000318b0       sf_debug_overflow_detection 00000001800328b0 f   sfc_debug:sfcdebug.obj
 0001:00031f70       sf_debug_cast_to_real32_T  0000000180032f70 f   sfc_debug:sfcdebug.obj
 0001:00032030       sf_debug_cast_to_int8_T    0000000180033030 f   sfc_debug:sfcdebug.obj
 0001:000320f0       sf_debug_cast_to_uint8_T   00000001800330f0 f   sfc_debug:sfcdebug.obj
 0001:000321b0       sf_debug_cast_to_int16_T   00000001800331b0 f   sfc_debug:sfcdebug.obj
 0001:00032270       sf_debug_cast_to_uint16_T  0000000180033270 f   sfc_debug:sfcdebug.obj
 0001:00032330       sf_debug_cast_to_int32_T   0000000180033330 f   sfc_debug:sfcdebug.obj
 0001:000323e0       sf_debug_cast_to_uint32_T  00000001800333e0 f   sfc_debug:sfcdebug.obj
 0001:000324a0       sf_debug_data_range_error  00000001800334a0 f   sfc_debug:sfcdebug.obj
 0001:00032910       sf_debug_data_range_error_wrapper_min_max 0000000180033910 f   sfc_debug:sfcdebug.obj
 0001:00032a00       sf_debug_data_range_error_wrapper_min 0000000180033a00 f   sfc_debug:sfcdebug.obj
 0001:00032ae0       sf_debug_data_range_error_wrapper_max 0000000180033ae0 f   sfc_debug:sfcdebug.obj
 0001:00032bc0       sf_debug_data_range_wrapper 0000000180033bc0 f   sfc_debug:sfcdebug.obj
 0001:00032c70       sf_debug_set_current_status_info 0000000180033c70 f   sfc_debug:sfcdebug.obj
 0001:00033140       sf_debug_call              0000000180034140 f   sfc_debug:sfcdebug.obj
 0001:00033ff0       sf_debug_initialize_machine 0000000180034ff0 f   sfc_debug:sfcdebug.obj
 0001:00034470       sf_debug_initialize_chart  0000000180035470 f   sfc_debug:sfcdebug.obj
 0001:00034950       sf_debug_ensure_script     0000000180035950 f   sfc_debug:sfcdebug.obj
 0001:00034ac0       cv_script_init_script      0000000180035ac0 f   sfc_debug:sfcdebug.obj
 0001:00034c40       cv_script_init_fcn         0000000180035c40 f   sfc_debug:sfcdebug.obj
 0001:00034d90       cv_script_init_testobjective 0000000180035d90 f   sfc_debug:sfcdebug.obj
 0001:00034ee0       cv_script_init_if          0000000180035ee0 f   sfc_debug:sfcdebug.obj
 0001:00035030       cv_script_init_for         0000000180036030 f   sfc_debug:sfcdebug.obj
 0001:00035180       cv_script_init_while       0000000180036180 f   sfc_debug:sfcdebug.obj
 0001:000352d0       cv_script_init_mcdc        00000001800362d0 f   sfc_debug:sfcdebug.obj
 0001:00035470       cv_script_init_switch      0000000180036470 f   sfc_debug:sfcdebug.obj
 0001:000355e0       cv_script_eval             00000001800365e0 f   sfc_debug:sfcdebug.obj
 0001:00035740       eml_debug_line_call        0000000180036740 f   sfc_debug:sfcdebug.obj
 0001:000358f0       sf_debug_terminate         00000001800368f0 f   sfc_debug:sfcdebug.obj
 0001:00035b30       sf_debug_set_script_cv_ids 0000000180036b30 f   sfc_debug:sfcdebug.obj
 0001:00035d00       sf_debug_api               0000000180036d00 f   sfc_debug:sfc_api.obj
 0001:000372f0       sf_debug_sm_terminate      00000001800382f0 f   sfc_debug:sfdb_animation.obj
 0001:000374b0       sf_debug_reset_path_objects 00000001800384b0 f   sfc_debug:sfdb_animation.obj
 0001:00037530       sf_debug_sm_reset_object_selection_status 0000000180038530 f   sfc_debug:sfdb_animation.obj
 0001:000375d0       sf_debug_sm_reset_state_buffer 00000001800385d0 f   sfc_debug:sfdb_animation.obj
 0001:000376b0       sf_debug_sm_store_state_buffer 00000001800386b0 f   sfc_debug:sfdb_animation.obj
 0001:00037730       sf_debug_sm_restore_state_buffer1 0000000180038730 f   sfc_debug:sfdb_animation.obj
 0001:000377a0       sf_debug_sm_restore_state_buffer2 00000001800387a0 f   sfc_debug:sfdb_animation.obj
 0001:00037810       sf_debug_sm_chart_active   0000000180038810 f   sfc_debug:sfdb_animation.obj
 0001:00037860       sf_debug_sm_select_active_objects 0000000180038860 f   sfc_debug:sfdb_animation.obj
 0001:00037cf0       sf_debug_sm_is_chart_active 0000000180038cf0 f   sfc_debug:sfdb_animation.obj
 0001:00037d30       sf_debug_sm_is_state_active 0000000180038d30 f   sfc_debug:sfdb_animation.obj
 0001:00037f70       sf_debug_sm_get_active_states 0000000180038f70 f   sfc_debug:sfdb_animation.obj
 0001:00038520       sf_debug_sm_initialize_instance 0000000180039520 f   sfc_debug:sfdb_animation.obj
 0001:000387d0       sf_debug_sm_change_object_selection_status 00000001800397d0 f   sfc_debug:sfdb_animation.obj
 0001:00038ac0       cv_create_interface        0000000180039ac0 f   sfc_debug:cv_sfinterface.obj
 0001:00038e10       cv_init_trans              0000000180039e10 f   sfc_debug:cv_sfinterface.obj
 0001:00038e60       cv_init_state              0000000180039e60 f   sfc_debug:cv_sfinterface.obj
 0001:00038ed0       cv_init_chart              0000000180039ed0 f   sfc_debug:cv_sfinterface.obj
 0001:00038f20       cv_dec_update_call         0000000180039f20 f   sfc_debug:cv_sfinterface.obj
 0001:00038f60       cv_cond_update_call        0000000180039f60 f   sfc_debug:cv_sfinterface.obj
 0001:00038fa0       cv_sigrange_update         0000000180039fa0 f   sfc_debug:cv_sfinterface.obj
 0001:00038fe0       cvsf_eml_eval              0000000180039fe0 f   sfc_debug:cv_sfinterface.obj
 0001:000390c0       cvsf_eml_init_script       000000018003a0c0 f   sfc_debug:cv_sfinterface.obj
 0001:00039140       cvsf_eml_init_fcn          000000018003a140 f   sfc_debug:cv_sfinterface.obj
 0001:000391a0       cvsf_eml_init_testobjective 000000018003a1a0 f   sfc_debug:cv_sfinterface.obj
 0001:00039200       cvsf_eml_init_if           000000018003a200 f   sfc_debug:cv_sfinterface.obj
 0001:00039260       cvsf_eml_init_for          000000018003a260 f   sfc_debug:cv_sfinterface.obj
 0001:000392b0       cvsf_eml_init_while        000000018003a2b0 f   sfc_debug:cv_sfinterface.obj
 0001:00039300       cvsf_eml_init_mcdc         000000018003a300 f   sfc_debug:cv_sfinterface.obj
 0001:00039390       cvsf_eml_init_switch       000000018003a390 f   sfc_debug:cv_sfinterface.obj
 0001:00039400       cvsf_script_eval           000000018003a400 f   sfc_debug:cv_sfinterface.obj
 0001:000394e0       cvsf_script_init_script    000000018003a4e0 f   sfc_debug:cv_sfinterface.obj
 0001:00039560       cvsf_script_init_fcn       000000018003a560 f   sfc_debug:cv_sfinterface.obj
 0001:000395c0       cvsf_script_init_testobjective 000000018003a5c0 f   sfc_debug:cv_sfinterface.obj
 0001:00039620       cvsf_script_init_if        000000018003a620 f   sfc_debug:cv_sfinterface.obj
 0001:00039680       cvsf_script_init_for       000000018003a680 f   sfc_debug:cv_sfinterface.obj
 0001:000396d0       cvsf_script_init_while     000000018003a6d0 f   sfc_debug:cv_sfinterface.obj
 0001:00039720       cvsf_script_init_mcdc      000000018003a720 f   sfc_debug:cv_sfinterface.obj
 0001:000397b0       cvsf_script_init_switch    000000018003a7b0 f   sfc_debug:cv_sfinterface.obj
 0001:00039820       cv_destroy_interface       000000018003a820 f   sfc_debug:cv_sfinterface.obj
 0001:00039840       cv_create_instance_objects 000000018003a840 f   sfc_debug:cv_sfinterface.obj
 0001:00039cf0       cv_is_enabled              000000018003acf0 f   sfc_debug:cv_sfinterface.obj
 0001:00039d00       sf_debug_cv_initialize_script 000000018003ad00 f   sfc_debug:cv_sfinterface.obj
 0001:00039ea0       sf_debug_cv_initialize_instance 000000018003aea0 f   sfc_debug:cv_sfinterface.obj
 0001:0003a230       sf_debug_cv_terminate_chart 000000018003b230 f   sfc_debug:cv_sfinterface.obj
 0001:0003a370       cv_call_trans_test         000000018003b370 f   sfc_debug:cv_sfinterface.obj
 0001:0003a380       cv_call_sub_cond_test      000000018003b380 f   sfc_debug:cv_sfinterface.obj
 0001:0003a4b0       sf_debug_hm_initialize_instance 000000018003b4b0 f   sfc_debug:sfdb_handle_management.obj
 0001:0003a710       sf_debug_hm_get_object_id  000000018003b710 f   sfc_debug:sfdb_handle_management.obj
 0001:0003c5f0       sf_debug_object_is_eml_function 000000018003d5f0 f   sfc_debug:sfdb_handle_management.obj
 0001:0003c660       sf_debug_hm_initialize_ids_in_machine 000000018003d660 f   sfc_debug:sfdb_handle_management.obj
 0001:0003c7d0       sf_debug_hm_initialize_ids_in_chart 000000018003d7d0 f   sfc_debug:sfdb_handle_management.obj
 0001:0003c910       sf_debug_hm_initialize_chart 000000018003d910 f   sfc_debug:sfdb_handle_management.obj
 0001:0003d7b0       sf_debug_hm_terminate      000000018003e7b0 f   sfc_debug:sfdb_handle_management.obj
 0001:0003d810       sf_debug_hm_initialize_machine 000000018003e810 f   sfc_debug:sfdb_handle_management.obj
 0001:0003e0c0       sf_debug_st_initialize_machine 000000018003f0c0 f   sfc_debug:sfdb_data_browse.obj
 0001:0003e180       sf_debug_st_initialize_instance 000000018003f180 f   sfc_debug:sfdb_data_browse.obj
 0001:0003e590       sf_debug_st_terminate      000000018003f590 f   sfc_debug:sfdb_data_browse.obj
 0001:0003e940       sf_debug_st_set_data_value_ptr_in_machine 000000018003f940 f   sfc_debug:sfdb_data_browse.obj
 0001:0003e9d0       sf_debug_st_set_data_value_ptr_in_instance 000000018003f9d0 f   sfc_debug:sfdb_data_browse.obj
 0001:0003eab0       sf_debug_st_unset_data_value_ptr_in_machine 000000018003fab0 f   sfc_debug:sfdb_data_browse.obj
 0001:0003eb20       sf_debug_st_unset_data_value_ptr_in_instance 000000018003fb20 f   sfc_debug:sfdb_data_browse.obj
 0001:0003ede0       sf_debug_mx_value          000000018003fde0 f   sfc_debug:sfdb_data_browse.obj
 0001:0003ee40       sf_debug_mx_packed_vector  000000018003fe40 f   sfc_debug:sfdb_data_browse.obj
 0001:0003ef20       sf_debug_mx_uint_vector    000000018003ff20 f   sfc_debug:sfdb_data_browse.obj
 0001:0003efd0       sf_debug_st_get_double_value_from_void_ptr_vector 000000018003ffd0 f   sfc_debug:sfdb_data_browse.obj
 0001:0003fb20       sf_debug_st_browse_data    0000000180040b20 f   sfc_debug:sfdb_data_browse.obj
 0001:000402a0       sf_debug_ss_initialize     00000001800412a0 f   sfc_debug:sfdb_symbol_scope.obj
 0001:000402c0       sf_debug_ss_terminate      00000001800412c0 f   sfc_debug:sfdb_symbol_scope.obj
 0001:00040350       sf_debug_ss_push_symbol_scope 0000000180041350 f   sfc_debug:sfdb_symbol_scope.obj
 0001:00040450       sf_debug_ss_push_symbol_scope_eml 0000000180041450 f   sfc_debug:sfdb_symbol_scope.obj
 0001:000404b0       sf_debug_ss_pop_symbol_scope 00000001800414b0 f   sfc_debug:sfdb_symbol_scope.obj
 0001:00040560       sf_debug_ss_add_symbol     0000000180041560 f   sfc_debug:sfdb_symbol_scope.obj
 0001:000406b0       sf_debug_ss_add_symbol_eml 00000001800416b0 f   sfc_debug:sfdb_symbol_scope.obj
 0001:000416c0       sf_debug_ss_watch_data     00000001800426c0 f   sfc_debug:sfdb_symbol_scope.obj
 0001:000420f0       get_data_entry_name        00000001800430f0 f   sfc_debug:sfdb_symbol_scope.obj
 0001:00042140       sf_debug_ss_whos           0000000180043140 f   sfc_debug:sfdb_symbol_scope.obj
 0001:000429d0       sf_debug_cc_initialize_chart 00000001800439d0 f   sfc_debug:sfdb_coverage.obj
 0001:000433c0       sf_debug_cc_initialize_instance 00000001800443c0 f   sfc_debug:sfdb_coverage.obj
 0001:000441c0       sf_debug_cc_terminate      00000001800451c0 f   sfc_debug:sfdb_coverage.obj
 0001:000442b0       sf_debug_cc_set_transition_maps 00000001800452b0 f   sfc_debug:sfdb_coverage.obj
 0001:000443e0       sf_debug_cc_set_state_maps 00000001800453e0 f   sfc_debug:sfdb_coverage.obj
 0001:000444c0       sf_debug_cc_set_transition_weights 00000001800454c0 f   sfc_debug:sfdb_coverage.obj
 0001:00044790       sf_debug_cc_set_state_weights 0000000180045790 f   sfc_debug:sfdb_coverage.obj
 0001:00044a70       sf_debug_cc_mark_transition_guard 0000000180045a70 f   sfc_debug:sfdb_coverage.obj
 0001:00044b90       sf_debug_cc_mark_transition_trigger 0000000180045b90 f   sfc_debug:sfdb_coverage.obj
 0001:00044cb0       sf_debug_cc_mark_transition_decision 0000000180045cb0 f   sfc_debug:sfdb_coverage.obj
 0001:00044d20       sf_debug_cc_mark_transition_condition_action 0000000180045d20 f   sfc_debug:sfdb_coverage.obj
 0001:00044df0       sf_debug_cc_mark_transition_transition_action 0000000180045df0 f   sfc_debug:sfdb_coverage.obj
 0001:00044ec0       sf_debug_cc_mark_state_entry 0000000180045ec0 f   sfc_debug:sfdb_coverage.obj
 0001:00044f90       sf_debug_cc_mark_state_during 0000000180045f90 f   sfc_debug:sfdb_coverage.obj
 0001:00045060       sf_debug_cc_mark_state_exit 0000000180046060 f   sfc_debug:sfdb_coverage.obj
 0001:00045920       sf_debug_cc_get_coverage   0000000180046920 f   sfc_debug:sfdb_coverage.obj
 0001:00045eb0       sf_debug_bm_clear_script_breakpoints 0000000180046eb0 f   sfc_debug:sfdb_breakpoints.obj
 0001:00045ee0       sf_debug_bm_set_script_breakpoint 0000000180046ee0 f   sfc_debug:sfdb_breakpoints.obj
 0001:00045f60       sf_debug_bm_clear_single_script_breakpoint 0000000180046f60 f   sfc_debug:sfdb_breakpoints.obj
 0001:00045fe0       sf_debug_bm_query_script_breakpoint 0000000180046fe0 f   sfc_debug:sfdb_breakpoints.obj
 0001:00046030       sf_debug_bm_initialize_scripts 0000000180047030 f   sfc_debug:sfdb_breakpoints.obj
 0001:00046750       sf_debug_bm_terminate      0000000180047750 f   sfc_debug:sfdb_breakpoints.obj
 0001:00046a50       sf_debug_bm_remove_all_breakpoints_in_machine 0000000180047a50 f   sfc_debug:sfdb_breakpoints.obj
 0001:00046ac0       sf_debug_bm_remove_all_breakpoints_in_chart 0000000180047ac0 f   sfc_debug:sfdb_breakpoints.obj
 0001:00046c10       sf_debug_bm_initialize_global_breakpoints 0000000180047c10 f   sfc_debug:sfdb_breakpoints.obj
 0001:00046d90       sf_debug_bm_set_breakpoint 0000000180047d90 f   sfc_debug:sfdb_breakpoints.obj
 0001:000473a0       sf_debug_bm_set_eml_breakpoint 00000001800483a0 f   sfc_debug:sfdb_breakpoints.obj
 0001:00047440       sf_debug_bm_initialize_machine_breakpoint_map 0000000180048440 f   sfc_debug:sfdb_breakpoints.obj
 0001:00047930       sf_debug_bm_is_a_breakpoint 0000000180048930 f   sfc_debug:sfdb_breakpoints.obj
 0001:00047e50       sf_debug_bm_get_all_breakpoints_in_machine 0000000180048e50 f   sfc_debug:sfdb_breakpoints.obj
 0001:00048150       sf_debug_bm_get_all_breakpoints_in_chart 0000000180049150 f   sfc_debug:sfdb_breakpoints.obj
 0001:00048e00       sf_debug_bm_initialize_machine 0000000180049e00 f   sfc_debug:sfdb_breakpoints.obj
 0001:00048ed0       sf_debug_bm_initialize_chart 0000000180049ed0 f   sfc_debug:sfdb_breakpoints.obj
 0001:00049410       sf_debug_sc_terminate      000000018004a410 f   sfc_debug:sfdb_state_consistency.obj
 0001:00049740       sf_debug_sc_is_chart_consistent 000000018004a740 f   sfc_debug:sfdb_state_consistency.obj
 0001:000499e0       sf_debug_sc_get_consistency_error_info 000000018004a9e0 f   sfc_debug:sfdb_state_consistency.obj
 0001:00049e10       sf_debug_tm_terminate      000000018004ae10 f   sfc_debug:sfdb_call_stack.obj
 0001:00049ed0       sf_debug_tm_push_chart_instance 000000018004aed0 f   sfc_debug:sfdb_call_stack.obj
 0001:0004a030       sf_debug_tm_pop_chart_instance 000000018004b030 f   sfc_debug:sfdb_call_stack.obj
 0001:0004a090       sf_debug_tm_push_trace_node 000000018004b090 f   sfc_debug:sfdb_call_stack.obj
 0001:0004a220       sf_debug_tm_pop_trace_node 000000018004b220 f   sfc_debug:sfdb_call_stack.obj
 0001:0004a2a0       sf_debug_tm_get_current_global_trace_index 000000018004b2a0 f   sfc_debug:sfdb_call_stack.obj
 0001:0004a2b0       sf_debug_tm_get_current_local_trace_index 000000018004b2b0 f   sfc_debug:sfdb_call_stack.obj
 0001:0004a2e0       sf_debug_tm_set_cycle_detected_flag 000000018004b2e0 f   sfc_debug:sfdb_call_stack.obj
 0001:0004a320       sf_debug_tm_set_cycle_started_flag 000000018004b320 f   sfc_debug:sfdb_call_stack.obj
 0001:0004a360       sf_debug_tm_get_chart_number_from_stack 000000018004b360 f   sfc_debug:sfdb_call_stack.obj
 0001:0004a540       sf_debug_tm_browse_trace   000000018004b540 f   sfc_debug:sfdb_call_stack.obj
 0001:0004a870       sf_debug_cd_initialize_instance 000000018004b870 f   sfc_debug:sfdb_cycle_detection.obj
 0001:0004ab20       sf_debug_cd_mark_processed_transition_in_instance 000000018004bb20 f   sfc_debug:sfdb_cycle_detection.obj
 0001:0004abc0       sf_debug_cd_checksum_push  000000018004bbc0 f   sfc_debug:sfdb_cycle_detection.obj
 0001:0004ae80       sf_debug_cd_checksum_pop   000000018004be80 f   sfc_debug:sfdb_cycle_detection.obj
 0001:0004aef0       sf_debug_cd_turn_off_cycle_detection 000000018004bef0 f   sfc_debug:sfdb_cycle_detection.obj
 0001:0004af40       sf_debug_cd_terminate      000000018004bf40 f   sfc_debug:sfdb_cycle_detection.obj
 0001:0004b180       md5_initialize_state       000000018004c180 f   sfc_debug:ckmd5.obj
 0001:0004bd00       md5_update_state           000000018004cd00 f   sfc_debug:ckmd5.obj
 0001:0004bde0       md5_get_hash               000000018004cde0 f   sfc_debug:ckmd5.obj
 0001:0004be10       md5_get_hash_for_a_single_string 000000018004ce10 f   sfc_debug:ckmd5.obj
 0001:0004bf6a       mxGetPr                    000000018004cf6a f   libmx:libmx.dll
 0001:0004bf70       mxCreateDoubleScalar       000000018004cf70 f   libmx:libmx.dll
 0001:0004bf76       mxSetField_730             000000018004cf76 f   libmx:libmx.dll
 0001:0004bf7c       mxCreateDoubleMatrix_730   000000018004cf7c f   libmx:libmx.dll
 0001:0004bf82       mxCreateStructMatrix_730   000000018004cf82 f   libmx:libmx.dll
 0001:0004bf88       mxDestroyArray             000000018004cf88 f   libmx:libmx.dll
 0001:0004bf8e       mxCreateString             000000018004cf8e f   libmx:libmx.dll
 0001:0004bf94       mxDuplicateArray           000000018004cf94 f   libmx:libmx.dll
 0001:0004bf9a       mxGetString_730            000000018004cf9a f   libmx:libmx.dll
 0001:0004bfa0       mxIsChar                   000000018004cfa0 f   libmx:libmx.dll
 0001:0004bfa6       mxGetClassID               000000018004cfa6 f   libmx:libmx.dll
 0001:0004bfac       mxIsNumeric                000000018004cfac f   libmx:libmx.dll
 0001:0004bfb2       mxIsComplex                000000018004cfb2 f   libmx:libmx.dll
 0001:0004bfb8       mxGetN                     000000018004cfb8 f   libmx:libmx.dll
 0001:0004bfbe       mxGetM                     000000018004cfbe f   libmx:libmx.dll
 0001:0004bfc4       mxCalloc                   000000018004cfc4 f   libmx:libmx.dll
 0001:0004bfca       mxGetScalar                000000018004cfca f   libmx:libmx.dll
 0001:0004bfd0       mxIsLogical                000000018004cfd0 f   libmx:libmx.dll
 0001:0004bfd6       mxCreateDoubleMatrix_700   000000018004cfd6 f   libmx:libmx.dll
 0001:0004bfdc       mxFree                     000000018004cfdc f   libmx:libmx.dll
 0001:0004bfe2       mxArrayToString            000000018004cfe2 f   libmx:libmx.dll
 0001:0004bfe8       mxCreateCellMatrix_700     000000018004cfe8 f   libmx:libmx.dll
 0001:0004bfee       mxSetCell_700              000000018004cfee f   libmx:libmx.dll
 0001:0004bff4       mxGetCell_700              000000018004cff4 f   libmx:libmx.dll
 0001:0004bffa       mxGetClassName             000000018004cffa f   libmx:libmx.dll
 0001:0004c000       mxSetField_700             000000018004d000 f   libmx:libmx.dll
 0001:0004c006       mxAddField                 000000018004d006 f   libmx:libmx.dll
 0001:0004c00c       mxGetField_700             000000018004d00c f   libmx:libmx.dll
 0001:0004c012       mxGetNumberOfElements      000000018004d012 f   libmx:libmx.dll
 0001:0004c018       mxIsStruct                 000000018004d018 f   libmx:libmx.dll
 0001:0004c01e       mxIsClass                  000000018004d01e f   libmx:libmx.dll
 0001:0004c024       mxGetLogicals              000000018004d024 f   libmx:libmx.dll
 0001:0004c02a       mxIsSparse                 000000018004d02a f   libmx:libmx.dll
 0001:0004c030       mxSetFieldByNumber_700     000000018004d030 f   libmx:libmx.dll
 0001:0004c036       mxGetFieldByNumber_700     000000018004d036 f   libmx:libmx.dll
 0001:0004c03c       mxGetFieldNameByNumber     000000018004d03c f   libmx:libmx.dll
 0001:0004c042       mxGetNumberOfFields        000000018004d042 f   libmx:libmx.dll
 0001:0004c048       mxCreateStructMatrix_700   000000018004d048 f   libmx:libmx.dll
 0001:0004c04e       mxGetFieldNumber           000000018004d04e f   libmx:libmx.dll
 0001:0004c054       mxIsNaN                    000000018004d054 f   libmx:libmx.dll
 0001:0004c05a       mxIsEmpty                  000000018004d05a f   libmx:libmx.dll
 0001:0004c060       mxGetData                  000000018004d060 f   libmx:libmx.dll
 0001:0004c066       mxGetImagData              000000018004d066 f   libmx:libmx.dll
 0001:0004c06c       mxArrayClassIDName         000000018004d06c f   libmx:libmx.dll
 0001:0004c072       mxCreateNumericMatrix_700  000000018004d072 f   libmx:libmx.dll
 0001:0004c078       mxCreateStructArray_700    000000018004d078 f   libmx:libmx.dll
 0001:0004c07e       mxCalcSingleSubscript_700  000000018004d07e f   libmx:libmx.dll
 0001:0004c084       mxGetDimensions_700        000000018004d084 f   libmx:libmx.dll
 0001:0004c08a       mxGetNumberOfDimensions_700 000000018004d08a f   libmx:libmx.dll
 0001:0004c090       mxCreateNumericArray_700   000000018004d090 f   libmx:libmx.dll
 0001:0004c096       mxGetElementSize           000000018004d096 f   libmx:libmx.dll
 0001:0004c09c       mxGetString_700            000000018004d09c f   libmx:libmx.dll
 0001:0004c0a2       mxIsLogicalScalarTrue      000000018004d0a2 f   libmx:libmx.dll
 0001:0004c0a8       mxCreateLogicalScalar      000000018004d0a8 f   libmx:libmx.dll
 0001:0004c0ae       mexUnlock                  000000018004d0ae f   libmex:libmex.dll
 0001:0004c0b4       mexIsLocked                000000018004d0b4 f   libmex:libmex.dll
 0001:0004c0ba       mexWarnMsgTxt              000000018004d0ba f   libmex:libmex.dll
 0001:0004c0c0       mexCallMATLAB              000000018004d0c0 f   libmex:libmex.dll
 0001:0004c0c6       mexErrMsgTxt               000000018004d0c6 f   libmex:libmex.dll
 0001:0004c0cc       mexSetTrapFlag             000000018004d0cc f   libmex:libmex.dll
 0001:0004c0d2       mexMakeArrayPersistent     000000018004d0d2 f   libmex:libmex.dll
 0001:0004c0d8       mexPutVariable             000000018004d0d8 f   libmex:libmex.dll
 0001:0004c0de       mexGetVariable             000000018004d0de f   libmex:libmex.dll
 0001:0004c0e4       mexLock                    000000018004d0e4 f   libmex:libmex.dll
 0001:0004c0ea       mexMakeMemoryPersistent    000000018004d0ea f   libmex:libmex.dll
 0001:0004c0f0       mexFunctionName            000000018004d0f0 f   libmex:libmex.dll
 0001:0004c0f6       ssRegisterDataTypeFxpFSlopeFixExpBias 000000018004d0f6 f   libfixedpoint:libfixedpoint.dll
 0001:0004c0fc       utVSNprintf                000000018004d0fc f   libut:libut.dll
 0001:0004c102       utCPUtime                  000000018004d102 f   libut:libut.dll
 0001:0004c108       utFree                     000000018004d108 f   libut:libut.dll
 0001:0004c10e       utMalloc                   000000018004d10e f   libut:libut.dll
 0001:0004c114       muDoubleScalarSin          000000018004d114 f   libmwmathutil:libmwmathutil.dll
 0001:0004c11a       muDoubleScalarCos          000000018004d11a f   libmwmathutil:libmwmathutil.dll
 0001:0004c120       muDoubleScalarSqrt         000000018004d120 f   libmwmathutil:libmwmathutil.dll
 0001:0004c126       muDoubleScalarAtan         000000018004d126 f   libmwmathutil:libmwmathutil.dll
 0001:0004c12c       muDoubleScalarPower        000000018004d12c f   libmwmathutil:libmwmathutil.dll
 0001:0004c132       emlrtCheckBuiltInR2009a    000000018004d132 f   libemlrt:libemlrt.dll
 0001:0004c138       emlrtCheckVsBuiltInR2009a  000000018004d138 f   libemlrt:libemlrt.dll
 0001:0004c13e       emlrtCheckEnumR2009a       000000018004d13e f   libemlrt:libemlrt.dll
 0001:0004c144       emlrtCreateEnumR2010a      000000018004d144 f   libemlrt:libemlrt.dll
 0001:0004c14a       emlrtGetEnumElementR2009a  000000018004d14a f   libemlrt:libemlrt.dll
 0001:0004c150       emlrtImportVsFiArrayR2009b 000000018004d150 f   libemlrt:libemlrt.dll
 0001:0004c156       emlrtGetEnumUnderlyingArrayR2009a 000000018004d156 f   libemlrt:libemlrt.dll
 0001:0004c15c       emlrtIsEnumR2009a          000000018004d15c f   libemlrt:libemlrt.dll
 0001:0004c164       __GSHandlerCheckCommon     000000018004d164 f   MSVCRT:gshandler.obj
 0001:0004c1c8       __GSHandlerCheck           000000018004d1c8 f   MSVCRT:gshandler.obj
 0001:0004c1e6       strlen                     000000018004d1e6 f   MSVCRT:MSVCR100.dll
 0001:0004c200       __security_check_cookie    000000018004d200 f   MSVCRT:amdsecgs.obj
 0001:0004c220       memset                     000000018004d220 f   MSVCRT:MSVCR100.dll
 0001:0004c226       malloc                     000000018004d226 f   MSVCRT:MSVCR100.dll
 0001:0004c22c       free                       000000018004d22c f   MSVCRT:MSVCR100.dll
 0001:0004c232       strcmp                     000000018004d232 f   MSVCRT:MSVCR100.dll
 0001:0004c238       sprintf                    000000018004d238 f   MSVCRT:MSVCR100.dll
 0001:0004c23e       strcat                     000000018004d23e f   MSVCRT:MSVCR100.dll
 0001:0004c244       memcpy                     000000018004d244 f   MSVCRT:MSVCR100.dll
 0001:0004c24c       NtCurrentTeb               000000018004d24c f i MSVCRT:crtdll.obj
 0001:0004c2b8       _CRT_INIT                  000000018004d2b8 f   MSVCRT:crtdll.obj
 0001:0004c650       _DllMainCRTStartup         000000018004d650 f   MSVCRT:crtdll.obj
 0001:0004c68e       strncpy                    000000018004d68e f   MSVCRT:MSVCR100.dll
 0001:0004c6b0       __chkstk                   000000018004d6b0 f   MSVCRT:chkstk.obj
 0001:0004c6b0       _alloca_probe              000000018004d6b0     MSVCRT:chkstk.obj
 0001:0004c6fe       longjmp                    000000018004d6fe f   MSVCRT:MSVCR100.dll
 0001:0004c704       strncmp                    000000018004d704 f   MSVCRT:MSVCR100.dll
 0001:0004c70a       ceil                       000000018004d70a f   MSVCRT:MSVCR100.dll
 0001:0004c710       strrchr                    000000018004d710 f   MSVCRT:MSVCR100.dll
 0001:0004c716       _setjmp                    000000018004d716 f   MSVCRT:MSVCR100.dll
 0001:0004c71c       calloc                     000000018004d71c f   MSVCRT:MSVCR100.dll
 0001:0004c722       realloc                    000000018004d722 f   MSVCRT:MSVCR100.dll
 0001:0004c728       ldexp                      000000018004d728 f   MSVCRT:MSVCR100.dll
 0001:0004c730       __report_gsfailure         000000018004d730 f   MSVCRT:gs_report.obj
 0001:0004c87c       __clean_type_info_names    000000018004d87c f   MSVCRT:tncleanup.obj
 0001:0004c888       _onexit                    000000018004d888 f   MSVCRT:atonexit.obj
 0001:0004c938       atexit                     000000018004d938 f   MSVCRT:atonexit.obj
 0001:0004c950       _RTC_Initialize            000000018004d950 f   MSVCRT:_initsect_.obj
 0001:0004c988       _RTC_Terminate             000000018004d988 f   MSVCRT:_initsect_.obj
 0001:0004c9c0       _malloc_crt                000000018004d9c0 f   MSVCRT:MSVCR100.dll
 0001:0004c9d0       _ValidateImageBase         000000018004d9d0 f   MSVCRT:pesect.obj
 0001:0004ca00       _FindPESection             000000018004da00 f   MSVCRT:pesect.obj
 0001:0004ca50       _IsNonwritableInCurrentImage 000000018004da50 f   MSVCRT:pesect.obj
 0001:0004ca92       _initterm                  000000018004da92 f   MSVCRT:MSVCR100.dll
 0001:0004ca98       _initterm_e                000000018004da98 f   MSVCRT:MSVCR100.dll
 0001:0004ca9e       _encoded_null              000000018004da9e f   MSVCRT:MSVCR100.dll
 0001:0004caa4       _amsg_exit                 000000018004daa4 f   MSVCRT:MSVCR100.dll
 0001:0004caaa       __C_specific_handler       000000018004daaa f   MSVCRT:MSVCR100.dll
 0001:0004cab0       __CppXcptFilter            000000018004dab0 f   MSVCRT:MSVCR100.dll
 0001:0004cab8       DllMain                    000000018004dab8 f   MSVCRT:dllmain.obj
 0001:0004cadc       __security_init_cookie     000000018004dadc f   MSVCRT:gs_support.obj
 0001:0004cb90       __crt_debugger_hook        000000018004db90 f   MSVCRT:MSVCR100.dll
 0001:0004cb96       __clean_type_info_names_internal 000000018004db96 f   MSVCRT:MSVCR100.dll
 0001:0004cb9c       _unlock                    000000018004db9c f   MSVCRT:MSVCR100.dll
 0001:0004cba2       __dllonexit                000000018004dba2 f   MSVCRT:MSVCR100.dll
 0001:0004cba8       _lock                      000000018004dba8 f   MSVCRT:MSVCR100.dll
 0001:0004cbae       EncodePointer              000000018004dbae f   kernel32:KERNEL32.dll
 0001:0004cbb4       DecodePointer              000000018004dbb4 f   kernel32:KERNEL32.dll
 0001:0004cbba       Sleep                      000000018004dbba f   kernel32:KERNEL32.dll
 0001:0004cbc0       TerminateProcess           000000018004dbc0 f   kernel32:KERNEL32.dll
 0001:0004cbc6       GetCurrentProcess          000000018004dbc6 f   kernel32:KERNEL32.dll
 0001:0004cbcc       UnhandledExceptionFilter   000000018004dbcc f   kernel32:KERNEL32.dll
 0001:0004cbd2       SetUnhandledExceptionFilter 000000018004dbd2 f   kernel32:KERNEL32.dll
 0001:0004cbd8       IsDebuggerPresent          000000018004dbd8 f   kernel32:KERNEL32.dll
 0001:0004cbde       RtlVirtualUnwind           000000018004dbde f   kernel32:KERNEL32.dll
 0001:0004cbe4       RtlLookupFunctionEntry     000000018004dbe4 f   kernel32:KERNEL32.dll
 0001:0004cbea       RtlCaptureContext          000000018004dbea f   kernel32:KERNEL32.dll
 0001:0004cbf0       DisableThreadLibraryCalls  000000018004dbf0 f   kernel32:KERNEL32.dll
 0001:0004cbf6       QueryPerformanceCounter    000000018004dbf6 f   kernel32:KERNEL32.dll
 0001:0004cbfc       GetTickCount               000000018004dbfc f   kernel32:KERNEL32.dll
 0001:0004cc02       GetCurrentThreadId         000000018004dc02 f   kernel32:KERNEL32.dll
 0001:0004cc08       GetCurrentProcessId        000000018004dc08 f   kernel32:KERNEL32.dll
 0001:0004cc0e       GetSystemTimeAsFileTime    000000018004dc0e f   kernel32:KERNEL32.dll
 0002:00000000       __imp_GetSystemTimeAsFileTime 000000018004e000     kernel32:KERNEL32.dll
 0002:00000008       __imp_GetCurrentProcessId  000000018004e008     kernel32:KERNEL32.dll
 0002:00000010       __imp_GetCurrentThreadId   000000018004e010     kernel32:KERNEL32.dll
 0002:00000018       __imp_GetTickCount         000000018004e018     kernel32:KERNEL32.dll
 0002:00000020       __imp_QueryPerformanceCounter 000000018004e020     kernel32:KERNEL32.dll
 0002:00000028       __imp_DisableThreadLibraryCalls 000000018004e028     kernel32:KERNEL32.dll
 0002:00000030       __imp_RtlCaptureContext    000000018004e030     kernel32:KERNEL32.dll
 0002:00000038       __imp_RtlLookupFunctionEntry 000000018004e038     kernel32:KERNEL32.dll
 0002:00000040       __imp_RtlVirtualUnwind     000000018004e040     kernel32:KERNEL32.dll
 0002:00000048       __imp_IsDebuggerPresent    000000018004e048     kernel32:KERNEL32.dll
 0002:00000050       __imp_SetUnhandledExceptionFilter 000000018004e050     kernel32:KERNEL32.dll
 0002:00000058       __imp_UnhandledExceptionFilter 000000018004e058     kernel32:KERNEL32.dll
 0002:00000060       __imp_GetCurrentProcess    000000018004e060     kernel32:KERNEL32.dll
 0002:00000068       __imp_TerminateProcess     000000018004e068     kernel32:KERNEL32.dll
 0002:00000070       __imp_Sleep                000000018004e070     kernel32:KERNEL32.dll
 0002:00000078       __imp_DecodePointer        000000018004e078     kernel32:KERNEL32.dll
 0002:00000080       __imp_EncodePointer        000000018004e080     kernel32:KERNEL32.dll
 0002:00000088       \177KERNEL32_NULL_THUNK_DATA 000000018004e088     kernel32:KERNEL32.dll
 0002:00000090       __imp__onexit              000000018004e090     MSVCRT:MSVCR100.dll
 0002:00000098       __imp__lock                000000018004e098     MSVCRT:MSVCR100.dll
 0002:000000a0       __imp___dllonexit          000000018004e0a0     MSVCRT:MSVCR100.dll
 0002:000000a8       __imp__unlock              000000018004e0a8     MSVCRT:MSVCR100.dll
 0002:000000b0       __imp___clean_type_info_names_internal 000000018004e0b0     MSVCRT:MSVCR100.dll
 0002:000000b8       __imp___crt_debugger_hook  000000018004e0b8     MSVCRT:MSVCR100.dll
 0002:000000c0       __imp___CppXcptFilter      000000018004e0c0     MSVCRT:MSVCR100.dll
 0002:000000c8       __imp___C_specific_handler 000000018004e0c8     MSVCRT:MSVCR100.dll
 0002:000000d0       __imp__amsg_exit           000000018004e0d0     MSVCRT:MSVCR100.dll
 0002:000000d8       __imp__encoded_null        000000018004e0d8     MSVCRT:MSVCR100.dll
 0002:000000e0       __imp__initterm_e          000000018004e0e0     MSVCRT:MSVCR100.dll
 0002:000000e8       __imp__initterm            000000018004e0e8     MSVCRT:MSVCR100.dll
 0002:000000f0       __imp__malloc_crt          000000018004e0f0     MSVCRT:MSVCR100.dll
 0002:000000f8       __imp_ldexp                000000018004e0f8     MSVCRT:MSVCR100.dll
 0002:00000100       __imp_realloc              000000018004e100     MSVCRT:MSVCR100.dll
 0002:00000108       __imp_calloc               000000018004e108     MSVCRT:MSVCR100.dll
 0002:00000110       __imp__setjmp              000000018004e110     MSVCRT:MSVCR100.dll
 0002:00000118       __imp_strrchr              000000018004e118     MSVCRT:MSVCR100.dll
 0002:00000120       __imp_ceil                 000000018004e120     MSVCRT:MSVCR100.dll
 0002:00000128       __imp_strncmp              000000018004e128     MSVCRT:MSVCR100.dll
 0002:00000130       __imp_longjmp              000000018004e130     MSVCRT:MSVCR100.dll
 0002:00000138       __imp_strncpy              000000018004e138     MSVCRT:MSVCR100.dll
 0002:00000140       __imp_memcpy               000000018004e140     MSVCRT:MSVCR100.dll
 0002:00000148       __imp_strcat               000000018004e148     MSVCRT:MSVCR100.dll
 0002:00000150       __imp_sprintf              000000018004e150     MSVCRT:MSVCR100.dll
 0002:00000158       __imp_strcmp               000000018004e158     MSVCRT:MSVCR100.dll
 0002:00000160       __imp_free                 000000018004e160     MSVCRT:MSVCR100.dll
 0002:00000168       __imp_malloc               000000018004e168     MSVCRT:MSVCR100.dll
 0002:00000170       __imp_memset               000000018004e170     MSVCRT:MSVCR100.dll
 0002:00000178       __imp_strlen               000000018004e178     MSVCRT:MSVCR100.dll
 0002:00000180       \177MSVCR100_NULL_THUNK_DATA 000000018004e180     MSVCRT:MSVCR100.dll
 0002:00000188       __imp_emlrtIsEnumR2009a    000000018004e188     libemlrt:libemlrt.dll
 0002:00000190       __imp_emlrtGetEnumUnderlyingArrayR2009a 000000018004e190     libemlrt:libemlrt.dll
 0002:00000198       __imp_emlrtImportVsFiArrayR2009b 000000018004e198     libemlrt:libemlrt.dll
 0002:000001a0       __imp_emlrtGetEnumElementR2009a 000000018004e1a0     libemlrt:libemlrt.dll
 0002:000001a8       __imp_emlrtCreateEnumR2010a 000000018004e1a8     libemlrt:libemlrt.dll
 0002:000001b0       __imp_emlrtCheckEnumR2009a 000000018004e1b0     libemlrt:libemlrt.dll
 0002:000001b8       __imp_emlrtCheckVsBuiltInR2009a 000000018004e1b8     libemlrt:libemlrt.dll
 0002:000001c0       __imp_emlrtCheckBuiltInR2009a 000000018004e1c0     libemlrt:libemlrt.dll
 0002:000001c8       \177libemlrt_NULL_THUNK_DATA 000000018004e1c8     libemlrt:libemlrt.dll
 0002:000001d0       __imp_ssRegisterDataTypeFxpFSlopeFixExpBias 000000018004e1d0     libfixedpoint:libfixedpoint.dll
 0002:000001d8       \177libfixedpoint_NULL_THUNK_DATA 000000018004e1d8     libfixedpoint:libfixedpoint.dll
 0002:000001e0       __imp_mexSetTrapFlag       000000018004e1e0     libmex:libmex.dll
 0002:000001e8       __imp_mexMakeArrayPersistent 000000018004e1e8     libmex:libmex.dll
 0002:000001f0       __imp_mexPutVariable       000000018004e1f0     libmex:libmex.dll
 0002:000001f8       __imp_mexGetVariable       000000018004e1f8     libmex:libmex.dll
 0002:00000200       __imp_mexLock              000000018004e200     libmex:libmex.dll
 0002:00000208       __imp_mexMakeMemoryPersistent 000000018004e208     libmex:libmex.dll
 0002:00000210       __imp_mexFunctionName      000000018004e210     libmex:libmex.dll
 0002:00000218       __imp_mexErrMsgTxt         000000018004e218     libmex:libmex.dll
 0002:00000220       __imp_mexCallMATLAB        000000018004e220     libmex:libmex.dll
 0002:00000228       __imp_mexIsLocked          000000018004e228     libmex:libmex.dll
 0002:00000230       __imp_mexWarnMsgTxt        000000018004e230     libmex:libmex.dll
 0002:00000238       __imp_mexUnlock            000000018004e238     libmex:libmex.dll
 0002:00000240       \177libmex_NULL_THUNK_DATA 000000018004e240     libmex:libmex.dll
 0002:00000248       __imp_muDoubleScalarSin    000000018004e248     libmwmathutil:libmwmathutil.dll
 0002:00000250       __imp_muDoubleScalarCos    000000018004e250     libmwmathutil:libmwmathutil.dll
 0002:00000258       __imp_muDoubleScalarSqrt   000000018004e258     libmwmathutil:libmwmathutil.dll
 0002:00000260       __imp_muDoubleScalarPower  000000018004e260     libmwmathutil:libmwmathutil.dll
 0002:00000268       __imp_muDoubleScalarAtan   000000018004e268     libmwmathutil:libmwmathutil.dll
 0002:00000270       \177libmwmathutil_NULL_THUNK_DATA 000000018004e270     libmwmathutil:libmwmathutil.dll
 0002:00000278       __imp_mxCreateStructMatrix_730 000000018004e278     libmx:libmx.dll
 0002:00000280       __imp_mxDestroyArray       000000018004e280     libmx:libmx.dll
 0002:00000288       __imp_mxSetField_730       000000018004e288     libmx:libmx.dll
 0002:00000290       __imp_mxCreateDoubleScalar 000000018004e290     libmx:libmx.dll
 0002:00000298       __imp_mxCreateDoubleMatrix_730 000000018004e298     libmx:libmx.dll
 0002:000002a0       __imp_mxCreateLogicalScalar 000000018004e2a0     libmx:libmx.dll
 0002:000002a8       __imp_mxIsLogicalScalarTrue 000000018004e2a8     libmx:libmx.dll
 0002:000002b0       __imp_mxGetString_700      000000018004e2b0     libmx:libmx.dll
 0002:000002b8       __imp_mxGetElementSize     000000018004e2b8     libmx:libmx.dll
 0002:000002c0       __imp_mxCreateNumericArray_700 000000018004e2c0     libmx:libmx.dll
 0002:000002c8       __imp_mxGetNumberOfDimensions_700 000000018004e2c8     libmx:libmx.dll
 0002:000002d0       __imp_mxGetDimensions_700  000000018004e2d0     libmx:libmx.dll
 0002:000002d8       __imp_mxCalcSingleSubscript_700 000000018004e2d8     libmx:libmx.dll
 0002:000002e0       __imp_mxCreateStructArray_700 000000018004e2e0     libmx:libmx.dll
 0002:000002e8       __imp_mxCreateNumericMatrix_700 000000018004e2e8     libmx:libmx.dll
 0002:000002f0       __imp_mxArrayClassIDName   000000018004e2f0     libmx:libmx.dll
 0002:000002f8       __imp_mxGetImagData        000000018004e2f8     libmx:libmx.dll
 0002:00000300       __imp_mxGetData            000000018004e300     libmx:libmx.dll
 0002:00000308       __imp_mxIsEmpty            000000018004e308     libmx:libmx.dll
 0002:00000310       __imp_mxIsNaN              000000018004e310     libmx:libmx.dll
 0002:00000318       __imp_mxGetFieldNumber     000000018004e318     libmx:libmx.dll
 0002:00000320       __imp_mxCreateStructMatrix_700 000000018004e320     libmx:libmx.dll
 0002:00000328       __imp_mxGetNumberOfFields  000000018004e328     libmx:libmx.dll
 0002:00000330       __imp_mxGetFieldNameByNumber 000000018004e330     libmx:libmx.dll
 0002:00000338       __imp_mxGetFieldByNumber_700 000000018004e338     libmx:libmx.dll
 0002:00000340       __imp_mxSetFieldByNumber_700 000000018004e340     libmx:libmx.dll
 0002:00000348       __imp_mxIsSparse           000000018004e348     libmx:libmx.dll
 0002:00000350       __imp_mxGetLogicals        000000018004e350     libmx:libmx.dll
 0002:00000358       __imp_mxIsClass            000000018004e358     libmx:libmx.dll
 0002:00000360       __imp_mxIsStruct           000000018004e360     libmx:libmx.dll
 0002:00000368       __imp_mxGetNumberOfElements 000000018004e368     libmx:libmx.dll
 0002:00000370       __imp_mxGetField_700       000000018004e370     libmx:libmx.dll
 0002:00000378       __imp_mxAddField           000000018004e378     libmx:libmx.dll
 0002:00000380       __imp_mxSetField_700       000000018004e380     libmx:libmx.dll
 0002:00000388       __imp_mxGetClassName       000000018004e388     libmx:libmx.dll
 0002:00000390       __imp_mxGetCell_700        000000018004e390     libmx:libmx.dll
 0002:00000398       __imp_mxSetCell_700        000000018004e398     libmx:libmx.dll
 0002:000003a0       __imp_mxCreateCellMatrix_700 000000018004e3a0     libmx:libmx.dll
 0002:000003a8       __imp_mxArrayToString      000000018004e3a8     libmx:libmx.dll
 0002:000003b0       __imp_mxFree               000000018004e3b0     libmx:libmx.dll
 0002:000003b8       __imp_mxCreateDoubleMatrix_700 000000018004e3b8     libmx:libmx.dll
[...]
 0001:0001f6e0       sf_mex_check_and_set_actual_dimensions 00000001800206e0 f   sfc_mex:sfc_mex.obj
 0001:000208a0       size_mismatch_error        00000001800218a0 f   sfc_mex:sfc_mex.obj
 0001:000213e0       check_array_dimensions     00000001800223e0 f   sfc_mex:sfc_mex.obj
 0001:00021450       check_input_mxarray        0000000180022450 f   sfc_mex:sfc_mex.obj
 0001:00021bf0       sf_numeric_value_to_double 0000000180022bf0 f   sfc_mex:sfc_mex.obj
 0001:00021c40       ml_generic_out_of_bounds_check 0000000180022c40 f   sfc_mex:sfc_mex.obj
 0001:00021d90       ml_get_element_value_from_array 0000000180022d90 f   sfc_mex:sfc_mex.obj
 0001:00022090       _ml_generic_castability_check 0000000180023090 f   sfc_mex:sfc_mex.obj
 0001:00022c60       ml_generic_castability_check 0000000180023c60 f   sfc_mex:sfc_mex.obj
 0001:00022d00       ml_check_mx_array_for_single_castability 0000000180023d00 f   sfc_mex:sfc_mex.obj
 0001:00022da0       ml_check_mx_array_for_logical_castability 0000000180023da0 f   sfc_mex:sfc_mex.obj
 0001:00022e40       ml_check_mx_array_for_int8_castability 0000000180023e40 f   sfc_mex:sfc_mex.obj
 0001:00022ef0       ml_check_mx_array_for_uint8_castability 0000000180023ef0 f   sfc_mex:sfc_mex.obj
 0001:00022f90       ml_check_mx_array_for_int16_castability 0000000180023f90 f   sfc_mex:sfc_mex.obj
 0001:00023030       ml_check_mx_array_for_uint16_castability 0000000180024030 f   sfc_mex:sfc_mex.obj
 0001:000230d0       ml_check_mx_array_for_int32_castability 00000001800240d0 f   sfc_mex:sfc_mex.obj
 0001:00023170       ml_check_mx_array_for_uint32_castability 0000000180024170 f   sfc_mex:sfc_mex.obj
 0001:00023210       ml_check_mx_array_for_castability 0000000180024210 f   sfc_mex:sfc_mex.obj
 0001:000239e0       set_data_value             00000001800249e0 f   sfc_mex:sfc_mex.obj
 0001:00023d30       get_data_value             0000000180024d30 f   sfc_mex:sfc_mex.obj
 0001:00023e20       get_next_element_address   0000000180024e20 f   sfc_mex:sfc_mex.obj
 0001:00023ef0       sf_normalize_index         0000000180024ef0 f   sfc_mex:sfc_mex.obj
 0001:00024280       ml_array_index_bound_check 0000000180025280 f   sfc_mex:sfc_mex.obj
 0001:00024e90       mx_value                   0000000180025e90 f   sfc_mex:sfc_mex.obj
 0001:00024ee0       sf_create_numeric_array    0000000180025ee0 f   sfc_mex:sfc_mex.obj
 0001:00024f80       sf_mex_assign_to_mx_array  0000000180025f80 f   sfc_mex:sfc_mex.obj
 0001:000259a0       assign_from_mx_array       00000001800269a0 f   sfc_mex:sfc_mex.obj
 0001:00026c20       get_machine_and_chart_file_number 0000000180027c20 f   sfc_mex:sfc_sf.obj
 0001:00026d10       get_sfun_block_specialization 0000000180027d10 f   sfc_mex:sfc_sf.obj
 0001:00026d90       call_sf_machine_global_method_dispatcher 0000000180027d90 f   sfc_mex:sfc_sf.obj
 0001:00027000       mdl_zeroCrossings_processing 0000000180028000 f   sfc_mex:sfc_sf.obj
 0001:000270d0       mdl_derivatives_processing 00000001800280d0 f   sfc_mex:sfc_sf.obj
 0001:00027390       mdl_outputs_continuous_legacy 0000000180028390 f   sfc_mex:sfc_sf.obj
 0001:00027410       mdl_outputs_processing     0000000180028410 f   sfc_mex:sfc_sf.obj
 0001:00027710       mdl_enable_processing      0000000180028710 f   sfc_mex:sfc_sf.obj
 0001:000277e0       mdl_disable_processing     00000001800287e0 f   sfc_mex:sfc_sf.obj
 0001:000280b0       write_symbol_mapping       00000001800290b0 f   sfc_mex:sfc_sf.obj
 0001:000287b0       sf_call_output_fcn_enable_disable 00000001800297b0 f   sfc_mex:sfc_sf.obj
 0001:00028a30       set_dwork_information_from_mx_array 0000000180029a30 f   sfc_mex:sfc_sf.obj
 0001:00029170       get_dwork_info_from_mat_file 000000018002a170 f   sfc_mex:sfc_sf.obj
 0001:00029280       ptr2mxStruct               000000018002a280 f   sfc_mex:sfc_sf.obj
 0001:00029800       SNPRINTF_WRAPPER           000000018002a800 f   sfc_debug:sfcdebug.obj
 0001:00029820       sf_debug_chart_instance_initialized_quick 000000018002a820 f   sfc_debug:sfcdebug.obj
 0001:00029830       sf_debug_chart_instance_initialized 000000018002a830 f   sfc_debug:sfcdebug.obj
 0001:000299d0       sfrtAddSize                000000018002a9d0 f   sfc_debug:sfcdebug.obj
 0001:00029a90       sfrtGenSizeString          000000018002aa90 f   sfc_debug:sfcdebug.obj
 0001:0002a210       sf_debug_sim_status_listener 000000018002b210 f   sfc_debug:sfcdebug.obj
 0001:0002a780       sf_debug_form_mask_bits    000000018002b780 f   sfc_debug:sfcdebug.obj
 0001:0002a7c0       sf_debug_form_sf_data_type_offsets 000000018002b7c0 f   sfc_debug:sfcdebug.obj
 0001:0002a880       sf_debug_free_all          000000018002b880 f   sfc_debug:sfcdebug.obj
 0001:0002aa10       sf_debug_append_debugger_context 000000018002ba10 f   sfc_debug:sfcdebug.obj
 0001:0002acd0       local_strdup               000000018002bcd0 f   sfc_debug:sfcdebug.obj
 0001:0002bb00       sf_debug_em_terminate      000000018002cb00 f   sfc_debug:sfcdebug.obj
 0001:0002bb40       sf_debug_push_eml_function 000000018002cb40 f   sfc_debug:sfcdebug.obj
 0001:0002bbe0       sf_debug_pop_eml_function  000000018002cbe0 f   sfc_debug:sfcdebug.obj
 0001:0002c8a0       sf_debug_get_machine_number_from_id_or_name 000000018002d8a0 f   sfc_debug:sfcdebug.obj
 0001:0002c9f0       sf_debug_get_chart_number_from_id 000000018002d9f0 f   sfc_debug:sfcdebug.obj
 0001:0002d6a0       sf_debug_transfer_control_to_debugger_GUI 000000018002e6a0 f   sfc_debug:sfcdebug.obj
 0001:0002e690       sf_debug_scripts_rehash    000000018002f690 f   sfc_debug:sfcdebug.obj
 0001:0002e8e0       sf_debug_get_script_line_count 000000018002f8e0 f   sfc_debug:sfcdebug.obj
 0001:0002f030       cv_eml_state_cvId          0000000180030030 f   sfc_debug:sfcdebug.obj
 0001:00030550       sf_debug_data_array_bounds_error 0000000180031550 f   sfc_debug:sfcdebug.obj
 0001:00030950       sf_debug_runtime_error     0000000180031950 f   sfc_debug:sfcdebug.obj
 0001:00030b00       sf_debug_matlab_error      0000000180031b00 f   sfc_debug:sfcdebug.obj
 0001:00031300       sf_debug_data_value_error  0000000180032300 f   sfc_debug:sfcdebug.obj
 0001:00031bc0       sf_debug_data_loss_error   0000000180032bc0 f   sfc_debug:sfcdebug.obj
 0001:000327d0       call_cv_range_check        00000001800337d0 f   sfc_debug:sfcdebug.obj
 0001:000330d0       sf_debug_invoke_cycle_detection_code 00000001800340d0 f   sfc_debug:sfcdebug.obj
 0001:00033f30       sf_reset_debug_info_struct 0000000180034f30 f   sfc_debug:sfcdebug.obj
 0001:000349f0       cv_script_cvId             00000001800359f0 f   sfc_debug:sfcdebug.obj
 0001:00035e70       sfc_api_chart_visible      0000000180036e70 f   sfc_debug:sfc_api.obj
 0001:00035ef0       sfc_api_active_instance    0000000180036ef0 f   sfc_debug:sfc_api.obj
 0001:00035f70       sfc_api_machine_load       0000000180036f70 f   sfc_debug:sfc_api.obj
 0001:00036040       sfc_api_debugger_alive     0000000180037040 f   sfc_debug:sfc_api.obj
 0001:00036050       sfc_api_go                 0000000180037050 f   sfc_debug:sfc_api.obj
 0001:00036060       sfc_api_step_over          0000000180037060 f   sfc_debug:sfc_api.obj
 0001:00036070       sfc_api_step_out           0000000180037070 f   sfc_debug:sfc_api.obj
 0001:00036080       sfc_api_resume             0000000180037080 f   sfc_debug:sfc_api.obj
 0001:00036090       sfc_api_break              0000000180037090 f   sfc_debug:sfc_api.obj
 0001:000360a0       sfc_api_stop_debugging     00000001800370a0 f   sfc_debug:sfc_api.obj
 0001:000360f0       sfc_api_is_cycle_detected  00000001800370f0 f   sfc_debug:sfc_api.obj
 0001:00036140       sfc_api_is_array_bounds_detected 0000000180037140 f   sfc_debug:sfc_api.obj
 0001:00036190       sfc_api_set_disable_all_breakpoints 0000000180037190 f   sfc_debug:sfc_api.obj
 0001:00036200       sfc_api_disable_all_breakpoints_and_go 0000000180037200 f   sfc_debug:sfc_api.obj
 0001:00036210       sfc_api_close              0000000180037210 f   sfc_debug:sfc_api.obj
 0001:00036220       sfc_api_browse_data        0000000180037220 f   sfc_debug:sfc_api.obj
 0001:00036290       sfc_api_watch_data         0000000180037290 f   sfc_debug:sfc_api.obj
 0001:00036330       sfc_api_whos               0000000180037330 f   sfc_debug:sfc_api.obj
 0001:000363c0       sfc_api_get_consistency_info 00000001800373c0 f   sfc_debug:sfc_api.obj
 0001:000363d0       sfc_api_browse_trace       00000001800373d0 f   sfc_debug:sfc_api.obj
 0001:000363e0       sfc_api_break_on_chart_entry 00000001800373e0 f   sfc_debug:sfc_api.obj
 0001:00036400       sfc_api_break_on_event_broadcast 0000000180037400 f   sfc_debug:sfc_api.obj
 0001:00036420       sfc_api_break_on_state_entry 0000000180037420 f   sfc_debug:sfc_api.obj
 0001:00036440       sfc_api_set_watch          0000000180037440 f   sfc_debug:sfc_api.obj
 0001:000364e0       sfc_api_set_breakpoints    00000001800374e0 f   sfc_debug:sfc_api.obj
 0001:00036580       sfc_api_set_eml_breakpoints 0000000180037580 f   sfc_debug:sfc_api.obj
 0001:00036600       sfc_api_set_script_breakpoints 0000000180037600 f   sfc_debug:sfc_api.obj
 0001:00036650       sfc_api_add_script_breakpoints 0000000180037650 f   sfc_debug:sfc_api.obj
 0001:000366a0       sfc_api_clear_script_breakpoints 00000001800376a0 f   sfc_debug:sfc_api.obj
 0001:000366f0       sfc_api_query_script_breakpoints 00000001800376f0 f   sfc_debug:sfc_api.obj
 0001:00036750       sfc_api_get_script_id      0000000180037750 f   sfc_debug:sfc_api.obj
 0001:00036810       sfc_api_get_active_states  0000000180037810 f   sfc_debug:sfc_api.obj
 0001:00036890       sfc_api_break_between_times 0000000180037890 f   sfc_debug:sfc_api.obj
 0001:000368f0       sfc_api_get_instance_handle 00000001800378f0 f   sfc_debug:sfc_api.obj
 0001:000369a0       sfc_api_get_coverage       00000001800379a0 f   sfc_debug:sfc_api.obj
 0001:00036a20       sfc_api_set_animation      0000000180037a20 f   sfc_debug:sfc_api.obj
 0001:00036a70       sfc_api_select_chart       0000000180037a70 f   sfc_debug:sfc_api.obj
 0001:00036ad0       sfc_api_select_charts      0000000180037ad0 f   sfc_debug:sfc_api.obj
 0001:00036b00       sfc_api_cycle_detection_check 0000000180037b00 f   sfc_debug:sfc_api.obj
 0001:00036b50       sfc_api_data_range_check   0000000180037b50 f   sfc_debug:sfc_api.obj
 0001:00036ba0       sfc_api_transition_conflict_check 0000000180037ba0 f   sfc_debug:sfc_api.obj
 0001:00036bf0       sfc_api_state_consistency_check 0000000180037bf0 f   sfc_debug:sfc_api.obj
 0001:00036c40       sfc_api_set_instance_cv_ids 0000000180037c40 f   sfc_debug:sfc_api.obj
 0001:00036d50       sfc_api_set_script_cv_ids  0000000180037d50 f   sfc_debug:sfc_api.obj
 0001:00036df0       sfc_api_get_current_machine_id 0000000180037df0 f   sfc_debug:sfc_api.obj
 0001:00036e20       sfc_api_get_current_machine_number 0000000180037e20 f   sfc_debug:sfc_api.obj
 0001:00036e50       sfc_api_get_current_chart_number 0000000180037e50 f   sfc_debug:sfc_api.obj
 0001:00036e80       sfc_api_get_current_instance_number 0000000180037e80 f   sfc_debug:sfc_api.obj
 0001:00036eb0       sfc_api_get_current_instance_handle 0000000180037eb0 f   sfc_debug:sfc_api.obj
 0001:00036ed0       sfc_api_get_current_is_minor_time_step 0000000180037ed0 f   sfc_debug:sfc_api.obj
 0001:00036f00       sfc_api_get_current_machine_name 0000000180037f00 f   sfc_debug:sfc_api.obj
 0001:00036f20       sfc_api_get_current_chart_id 0000000180037f20 f   sfc_debug:sfc_api.obj
 0001:00036f50       sfc_api_get_current_object_type 0000000180037f50 f   sfc_debug:sfc_api.obj
 0001:00036f80       sfc_api_get_current_event_type 0000000180037f80 f   sfc_debug:sfc_api.obj
 0001:00036fb0       sfc_api_get_current_object_id 0000000180037fb0 f   sfc_debug:sfc_api.obj
 0001:00036fe0       sfc_get_current_active_event_type 0000000180037fe0 f   sfc_debug:sfc_api.obj
 0001:00037010       sfc_api_get_current_active_event_id 0000000180038010 f   sfc_debug:sfc_api.obj
 0001:00037040       sfc_api_get_current_simulation_time 0000000180038040 f   sfc_debug:sfc_api.obj
 0001:00037060       sfc_get_current_tag_type   0000000180038060 f   sfc_debug:sfc_api.obj
 0001:00037090       sfc_get_current_coverage_percentage 0000000180038090 f   sfc_debug:sfc_api.obj
 0001:000370b0       sfc_get_current_statement_context 00000001800380b0 f   sfc_debug:sfc_api.obj
 0001:000370d0       sfc_get_current_optional_integer 00000001800380d0 f   sfc_debug:sfc_api.obj
 0001:000370f0       sfc_get_current_statement_info 00000001800380f0 f   sfc_debug:sfc_api.obj
 0001:00037190       sfc_api_get                0000000180038190 f   sfc_debug:sfc_api.obj
 0001:00037db0       sf_debug_sm_fill_state_activity_data 0000000180038db0 f   sfc_debug:sfdb_animation.obj
 0001:0003a3c0       sf_debug_hm_get_simulink_handle 000000018003b3c0 f   sfc_debug:sfdb_handle_management.obj
 0001:0003abf0       sf_debug_hm_initialize_globals 000000018003bbf0 f   sfc_debug:sfdb_handle_management.obj
 0001:0003acf0       sf_debug_hm_get_machine_debug_flag 000000018003bcf0 f   sfc_debug:sfdb_handle_management.obj
 0001:0003ae60       sf_debug_hm_get_machine_id 000000018003be60 f   sfc_debug:sfdb_handle_management.obj
 0001:0003af80       sf_debug_hm_get_chart_id   000000018003bf80 f   sfc_debug:sfdb_handle_management.obj
 0001:0003b120       sf_debug_hm_register_executing_SFunction 000000018003c120 f   sfc_debug:sfdb_handle_management.obj
 0001:0003b2b0       sf_debug_hm_get_chart_active_instance 000000018003c2b0 f   sfc_debug:sfdb_handle_management.obj
 0001:0003b420       sf_debug_hm_get_chart_visibility 000000018003c420 f   sfc_debug:sfdb_handle_management.obj
 0001:0003b570       sf_debug_hm_form_object_boolean_properties 000000018003c570 f   sfc_debug:sfdb_handle_management.obj
 0001:0003b840       sf_debug_hm_form_object_properties 000000018003c840 f   sfc_debug:sfdb_handle_management.obj
 0001:0003ba80       sf_debug_hm_terminate_charts 000000018003ca80 f   sfc_debug:sfdb_handle_management.obj
 0001:0003c190       sf_debug_hm_terminate_machines 000000018003d190 f   sfc_debug:sfdb_handle_management.obj
 0001:0003e280       void_ptr_stack_vector_free_total 000000018003f280 f   sfc_debug:sfdb_data_browse.obj
 0001:0003e310       sf_debug_st_terminate_machine 000000018003f310 f   sfc_debug:sfdb_data_browse.obj
 0001:0003e440       sf_debug_st_terminate_instance 000000018003f440 f   sfc_debug:sfdb_data_browse.obj
 0001:0003e8f0       push_on_to_void_ptr_stack  000000018003f8f0 f   sfc_debug:sfdb_data_browse.obj
 0001:0003ea80       pop_from_void_ptr_stack    000000018003fa80 f   sfc_debug:sfdb_data_browse.obj
 0001:0003ebb0       sf_debug_st_get_data_value 000000018003fbb0 f   sfc_debug:sfdb_data_browse.obj
 0001:0003f0e0       mx_value                   00000001800400e0 f   sfc_debug:sfdb_data_browse.obj
 0001:0003f120       sf_debug_st_fill_data_struct 0000000180040120 f   sfc_debug:sfdb_data_browse.obj
 0001:0003f460       data_type_format_strings   0000000180040460 f   sfc_debug:sfdb_data_browse.obj
 0001:0003f510       sf_debug_st_fill_data      0000000180040510 f   sfc_debug:sfdb_data_browse.obj
 0001:00040770       sf_debug_ss_copy_dimension 0000000180041770 f   sfc_debug:sfdb_symbol_scope.obj
 0001:00040830       sf_debug_ss_get_number_elements 0000000180041830 f   sfc_debug:sfdb_symbol_scope.obj
 0001:00040850       sf_debug_ss_fill_data_struct 0000000180041850 f   sfc_debug:sfdb_symbol_scope.obj
 0001:00040ba0       sf_debug_ss_reset_data_info 0000000180041ba0 f   sfc_debug:sfdb_symbol_scope.obj
 0001:00040c00       sf_debug_fill_data_info_by_symbol_scope_entry 0000000180041c00 f   sfc_debug:sfdb_symbol_scope.obj
 0001:00040cb0       sf_debug_fill_data_info_by_data_vector 0000000180041cb0 f   sfc_debug:sfdb_symbol_scope.obj
 0001:00040ee0       sf_debug_ss_get_data_info  0000000180041ee0 f   sfc_debug:sfdb_symbol_scope.obj
 0001:000412d0       sf_debug_ss_get_data_value 00000001800422d0 f   sfc_debug:sfdb_symbol_scope.obj
 0001:00041760       sf_debug_ss_data_bytes_string 0000000180042760 f   sfc_debug:sfdb_symbol_scope.obj
 0001:00041810       sf_debug_ss_data_class_string 0000000180042810 f   sfc_debug:sfdb_symbol_scope.obj
 0001:00041ba0       sf_debug_ss_data_size_string 0000000180042ba0 f   sfc_debug:sfdb_symbol_scope.obj
 0001:00041c80       sf_debug_ss_data_create_data_info_struct 0000000180042c80 f   sfc_debug:sfdb_symbol_scope.obj
 0001:00041ee0       sf_debug_ss_data_create_name_value_pair 0000000180042ee0 f   sfc_debug:sfdb_symbol_scope.obj
 0001:00041f80       sf_debug_ss_data_get_whos_info 0000000180042f80 f   sfc_debug:sfdb_symbol_scope.obj
 0001:00042040       same_named_data_in_data_array 0000000180043040 f   sfc_debug:sfdb_symbol_scope.obj
 0001:00043a30       sf_debug_cc_terminate_chart 0000000180044a30 f   sfc_debug:sfdb_coverage.obj
 0001:00043dd0       sf_debug_cc_terminate_instance 0000000180044dd0 f   sfc_debug:sfdb_coverage.obj
 0001:000449d0       sf_debug_cc_mark_object_if_needed 00000001800459d0 f   sfc_debug:sfdb_coverage.obj
 0001:00045130       sf_debug_cc_fill_transition_coverage_data 0000000180046130 f   sfc_debug:sfdb_coverage.obj
 0001:000452c0       sf_debug_cc_fill_transition_coverage_map 00000001800462c0 f   sfc_debug:sfdb_coverage.obj
 0001:00045570       sf_debug_cc_fill_state_coverage_map 0000000180046570 f   sfc_debug:sfdb_coverage.obj
 0001:000457c0       sf_debug_cc_fill_state_coverage_data 00000001800467c0 f   sfc_debug:sfdb_coverage.obj
 0001:000463f0       sf_debug_bm_initialize_eml 00000001800473f0 f   sfc_debug:sfdb_breakpoints.obj
 0001:00047550       sf_debug_bm_map_debug_tag_to_breakpoint_tag 0000000180048550 f   sfc_debug:sfdb_breakpoints.obj
 0001:00047630       sf_debug_bm_is_a_eml_breakpoint_impl 0000000180048630 f   sfc_debug:sfdb_breakpoints.obj
 0001:00049290       sf_debug_sc_push_on_error_stack 000000018004a290 f   sfc_debug:sfdb_state_consistency.obj
 0001:000493c0       sf_debug_sc_reset_error_stack 000000018004a3c0 f   sfc_debug:sfdb_state_consistency.obj
 0001:00049550       sf_debug_sc_is_state_inconsistent 000000018004a550 f   sfc_debug:sfdb_state_consistency.obj
 0001:00049850       sf_debug_sc_fill_consistency_info 000000018004a850 f   sfc_debug:sfdb_state_consistency.obj
 0001:00049e00       void_assertion_fcn         000000018004ae00 f   sfc_debug:sfdb_call_stack.obj
 0001:0004a390       sf_debug_tm_fill_local_trace 000000018004b390 f   sfc_debug:sfdb_call_stack.obj
 0001:0004a930       sf_debug_cd_terminate_instance 000000018004b930 f   sfc_debug:sfdb_cycle_detection.obj
 0001:0004a990       sf_debug_cd_free_checksum_stack 000000018004b990 f   sfc_debug:sfdb_cycle_detection.obj
 0001:0004a9e0       sf_debug_cd_reset_pack_strings 000000018004b9e0 f   sfc_debug:sfdb_cycle_detection.obj
 0001:0004b0a0       md5file_clear              000000018004c0a0 f   sfc_debug:ckmd5.obj
 0001:0004b0d0       Encode                     000000018004c0d0 f   sfc_debug:ckmd5.obj
 0001:0004b120       Decode                     000000018004c120 f   sfc_debug:ckmd5.obj
 0001:0004b1c0       MD5Transform               000000018004c1c0 f   sfc_debug:ckmd5.obj
 0001:0004ba10       md5file_addn               000000018004ca10 f   sfc_debug:ckmd5.obj
 0001:0004bae0       md5file_hash               000000018004cae0 f   sfc_debug:ckmd5.obj
 0001:0004c258       pre_c_init                 000000018004d258 f   MSVCRT:crtdll.obj
 0001:0004c514       __DllMainCRTStartup        000000018004d514 f   MSVCRT:crtdll.obj
 0001:0004cc20       __DllMainCRTStartup$filt$0 000000018004dc20 f   MSVCRT:crtdll.obj
 0001:0004cc50       __DllMainCRTStartup$fin$1  000000018004dc50 f   MSVCRT:crtdll.obj
 0001:0004cc6a       _onexit$fin$0              000000018004dc6a f   MSVCRT:atonexit.obj
 0001:0004cc90       _IsNonwritableInCurrentImage$filt$0 000000018004dc90 f   MSVCRT:pesect.obj
